OpenROAD 41a51eaf4ca2171c92ff38afb91eb37bbd3f36da 
This program is licensed under the BSD-3 license. See the LICENSE file for details.
Components of this program may be licensed under more restrictive licenses which must be honored.
[INFO ODB-0222] Reading LEF file: /openlane/designs/dnn/runs/MS2/tmp/merged.nom.lef
[INFO ODB-0223]     Created 14 technology layers
[INFO ODB-0224]     Created 25 technology vias
[INFO ODB-0225]     Created 441 library cells
[INFO ODB-0226] Finished LEF file:  /openlane/designs/dnn/runs/MS2/tmp/merged.nom.lef
[INFO ODB-0127] Reading DEF file: /openlane/designs/dnn/runs/MS2/results/routing/top.def
[INFO ODB-0128] Design: top
[INFO ODB-0130]     Created 64 pins.
[INFO ODB-0131]     Created 13428 components and 69496 component-terminals.
[INFO ODB-0132]     Created 2 special nets and 50688 connections.
[INFO ODB-0133]     Created 5506 nets and 18808 connections.
[INFO ODB-0134] Finished DEF file: /openlane/designs/dnn/runs/MS2/results/routing/top.def
define_corners Typical
read_liberty -corner Typical /home/vidhya/.ciel/sky130A/libs.ref/sky130_fd_sc_hd/lib/sky130_fd_sc_hd__tt_025C_1v80.lib
Using 1e-12 for capacitance...
Using 1e+03 for resistance...
Using 1e-09 for time...
Using 1e+00 for voltage...
Using 1e-03 for current...
Using 1e-09 for power...
Using 1e-06 for distance...
Using RCX ruleset '/home/vidhya/.ciel/sky130A/libs.tech/openlane/rules.openrcx.sky130A.nom.calibre'...
[INFO RCX-0431] Defined process_corner X with ext_model_index 0
[INFO RCX-0029] Defined extraction corner X
[INFO RCX-0008] extracting parasitics of top ...
[INFO RCX-0435] Reading extraction model file /home/vidhya/.ciel/sky130A/libs.tech/openlane/rules.openrcx.sky130A.nom.calibre ...
[INFO RCX-0436] RC segment generation top (max_merge_res 50.0) ...
[INFO RCX-0040] Final 21848 rc segments
[INFO RCX-0439] Coupling Cap extraction top ...
[INFO RCX-0440] Coupling threshhold is 0.1000 fF, coupling capacitance less than 0.1000 fF will be grounded.
[INFO RCX-0043] 43848 wires to be extracted
[INFO RCX-0442] 49% completion -- 21535 wires have been extracted
[INFO RCX-0442] 100% completion -- 43848 wires have been extracted
[INFO RCX-0045] Extract 5506 nets, 27343 rsegs, 27343 caps, 49149 ccs
[INFO RCX-0015] Finished extracting top.
Writing result to /openlane/designs/dnn/runs/MS2/results/routing/mca/process_corner_nom/top.spef...
Setting global connections for newly added cells…
[WARNING] Did not save OpenROAD database!
Writing extracted parasitics to '/openlane/designs/dnn/runs/MS2/results/routing/mca/process_corner_nom/top.spef'…
[INFO RCX-0016] Writing SPEF ...
[INFO RCX-0443] 5506 nets finished
[INFO RCX-0017] Finished writing SPEF ...
