
Magic 8.3 revision 413 - Compiled on Wed Jul 12 10:04:40 UTC 2023.
Starting magic under Tcl interpreter
Using the terminal as the console.
Using NULL graphics device.
Processing system .magicrc file
Sourcing design .magicrc for technology sky130A ...
2 Magic internal units = 1 Lambda
Input style sky130(): scaleFactor=2, multiplier=2
The following types are not handled by extraction and will be treated as non-electrical types:
    ubm 
Scaled tech values by 2 / 1 to match internal grid scaling
Loading sky130A Device Generator Menu ...
Using technology "sky130A", version 1.0.493-0-g0fe599b
Reading LEF data from file /home/vidhya/.ciel/sky130A/libs.ref/sky130_fd_sc_hd/techlef/sky130_fd_sc_hd__nom.tlef.
This action cannot be undone.
LEF read, Line 82 (Message): Unknown keyword "ANTENNAMODEL" in LEF file; ignoring.
LEF read, Line 83 (Message): Unknown keyword "ANTENNADIFFSIDEAREARATIO" in LEF file; ignoring.
LEF read, Line 116 (Message): Unknown keyword "MINENCLOSEDAREA" in LEF file; ignoring.
LEF read, Line 118 (Message): Unknown keyword "ANTENNAMODEL" in LEF file; ignoring.
LEF read, Line 119 (Message): Unknown keyword "ANTENNADIFFSIDEAREARATIO" in LEF file; ignoring.
LEF read, Line 125 (Message): Unknown keyword "MAXIMUMDENSITY" in LEF file; ignoring.
LEF read, Line 126 (Message): Unknown keyword "DENSITYCHECKWINDOW" in LEF file; ignoring.
LEF read, Line 127 (Message): Unknown keyword "DENSITYCHECKSTEP" in LEF file; ignoring.
LEF read, Line 160 (Message): Unknown keyword "MINENCLOSEDAREA" in LEF file; ignoring.
LEF read, Line 168 (Message): Unknown keyword "ANTENNAMODEL" in LEF file; ignoring.
LEF read, Line 169 (Message): Unknown keyword "ANTENNADIFFSIDEAREARATIO" in LEF file; ignoring.
LEF read, Line 171 (Message): Unknown keyword "MAXIMUMDENSITY" in LEF file; ignoring.
LEF read, Line 172 (Message): Unknown keyword "DENSITYCHECKWINDOW" in LEF file; ignoring.
LEF read, Line 173 (Message): Unknown keyword "DENSITYCHECKSTEP" in LEF file; ignoring.
LEF read, Line 210 (Message): Unknown keyword "ANTENNAMODEL" in LEF file; ignoring.
LEF read, Line 211 (Message): Unknown keyword "ANTENNADIFFSIDEAREARATIO" in LEF file; ignoring.
LEF read, Line 213 (Message): Unknown keyword "MAXIMUMDENSITY" in LEF file; ignoring.
LEF read, Line 214 (Message): Unknown keyword "DENSITYCHECKWINDOW" in LEF file; ignoring.
LEF read, Line 215 (Message): Unknown keyword "DENSITYCHECKSTEP" in LEF file; ignoring.
LEF read, Line 252 (Message): Unknown keyword "ANTENNAMODEL" in LEF file; ignoring.
LEF read, Line 253 (Message): Unknown keyword "ANTENNADIFFSIDEAREARATIO" in LEF file; ignoring.
LEF read, Line 255 (Message): Unknown keyword "MAXIMUMDENSITY" in LEF file; ignoring.
LEF read, Line 256 (Message): Unknown keyword "DENSITYCHECKWINDOW" in LEF file; ignoring.
LEF read, Line 257 (Message): Unknown keyword "DENSITYCHECKSTEP" in LEF file; ignoring.
LEF read, Line 294 (Message): Unknown keyword "ANTENNAMODEL" in LEF file; ignoring.
LEF read, Line 295 (Message): Unknown keyword "ANTENNADIFFSIDEAREARATIO" in LEF file; ignoring.
LEF read: Processed 801 lines.
Reading DEF data from file /openlane/designs/dnn/runs/MS2/results/routing/top.def.
This action cannot be undone.
  Processed 4 vias total.
Cell sky130_fd_sc_hd__diode_2 read from path /home/vidhya/.ciel/sky130A/libs.ref/sky130_fd_sc_hd/mag
Cell sky130_fd_sc_hd__decap_3 read from path /home/vidhya/.ciel/sky130A/libs.ref/sky130_fd_sc_hd/mag
Cell sky130_ef_sc_hd__decap_12 read from path /home/vidhya/.ciel/sky130A/libs.ref/sky130_fd_sc_hd/mag
Cell sky130_fd_sc_hd__fill_2 read from path /home/vidhya/.ciel/sky130A/libs.ref/sky130_fd_sc_hd/mag
Cell sky130_fd_sc_hd__decap_6 read from path /home/vidhya/.ciel/sky130A/libs.ref/sky130_fd_sc_hd/mag
Cell sky130_fd_sc_hd__fill_1 read from path /home/vidhya/.ciel/sky130A/libs.ref/sky130_fd_sc_hd/mag
Cell sky130_fd_sc_hd__decap_8 read from path /home/vidhya/.ciel/sky130A/libs.ref/sky130_fd_sc_hd/mag
Cell sky130_fd_sc_hd__decap_4 read from path /home/vidhya/.ciel/sky130A/libs.ref/sky130_fd_sc_hd/mag
Cell sky130_fd_sc_hd__tapvpwrvgnd_1 read from path /home/vidhya/.ciel/sky130A/libs.ref/sky130_fd_sc_hd/mag
Cell sky130_fd_sc_hd__nand2_1 read from path /home/vidhya/.ciel/sky130A/libs.ref/sky130_fd_sc_hd/mag
Cell sky130_fd_sc_hd__or3_2 read from path /home/vidhya/.ciel/sky130A/libs.ref/sky130_fd_sc_hd/mag
Cell sky130_fd_sc_hd__buf_6 read from path /home/vidhya/.ciel/sky130A/libs.ref/sky130_fd_sc_hd/mag
Cell sky130_fd_sc_hd__nand2_8 read from path /home/vidhya/.ciel/sky130A/libs.ref/sky130_fd_sc_hd/mag
Cell sky130_fd_sc_hd__and2b_1 read from path /home/vidhya/.ciel/sky130A/libs.ref/sky130_fd_sc_hd/mag
Cell sky130_fd_sc_hd__buf_12 read from path /home/vidhya/.ciel/sky130A/libs.ref/sky130_fd_sc_hd/mag
Cell sky130_fd_sc_hd__o21ai_2 read from path /home/vidhya/.ciel/sky130A/libs.ref/sky130_fd_sc_hd/mag
Cell sky130_fd_sc_hd__a21boi_1 read from path /home/vidhya/.ciel/sky130A/libs.ref/sky130_fd_sc_hd/mag
Cell sky130_fd_sc_hd__clkinv_4 read from path /home/vidhya/.ciel/sky130A/libs.ref/sky130_fd_sc_hd/mag
Cell sky130_fd_sc_hd__and2_1 read from path /home/vidhya/.ciel/sky130A/libs.ref/sky130_fd_sc_hd/mag
Cell sky130_fd_sc_hd__clkbuf_4 read from path /home/vidhya/.ciel/sky130A/libs.ref/sky130_fd_sc_hd/mag
Cell sky130_fd_sc_hd__nand3_1 read from path /home/vidhya/.ciel/sky130A/libs.ref/sky130_fd_sc_hd/mag
Cell sky130_fd_sc_hd__or2_2 read from path /home/vidhya/.ciel/sky130A/libs.ref/sky130_fd_sc_hd/mag
Cell sky130_fd_sc_hd__inv_8 read from path /home/vidhya/.ciel/sky130A/libs.ref/sky130_fd_sc_hd/mag
Cell sky130_fd_sc_hd__a31o_1 read from path /home/vidhya/.ciel/sky130A/libs.ref/sky130_fd_sc_hd/mag
Cell sky130_fd_sc_hd__nand2_4 read from path /home/vidhya/.ciel/sky130A/libs.ref/sky130_fd_sc_hd/mag
Cell sky130_fd_sc_hd__and3b_1 read from path /home/vidhya/.ciel/sky130A/libs.ref/sky130_fd_sc_hd/mag
Cell sky130_fd_sc_hd__or4_1 read from path /home/vidhya/.ciel/sky130A/libs.ref/sky130_fd_sc_hd/mag
Cell sky130_fd_sc_hd__or3b_1 read from path /home/vidhya/.ciel/sky130A/libs.ref/sky130_fd_sc_hd/mag
Cell sky130_fd_sc_hd__nor2_2 read from path /home/vidhya/.ciel/sky130A/libs.ref/sky130_fd_sc_hd/mag
Cell sky130_fd_sc_hd__o21ai_1 read from path /home/vidhya/.ciel/sky130A/libs.ref/sky130_fd_sc_hd/mag
Cell sky130_fd_sc_hd__o31a_1 read from path /home/vidhya/.ciel/sky130A/libs.ref/sky130_fd_sc_hd/mag
Cell sky130_fd_sc_hd__buf_1 read from path /home/vidhya/.ciel/sky130A/libs.ref/sky130_fd_sc_hd/mag
Cell sky130_fd_sc_hd__a2bb2o_1 read from path /home/vidhya/.ciel/sky130A/libs.ref/sky130_fd_sc_hd/mag
Cell sky130_fd_sc_hd__or3_1 read from path /home/vidhya/.ciel/sky130A/libs.ref/sky130_fd_sc_hd/mag
Cell sky130_fd_sc_hd__clkbuf_1 read from path /home/vidhya/.ciel/sky130A/libs.ref/sky130_fd_sc_hd/mag
Cell sky130_fd_sc_hd__o211a_1 read from path /home/vidhya/.ciel/sky130A/libs.ref/sky130_fd_sc_hd/mag
Cell sky130_fd_sc_hd__xnor2_1 read from path /home/vidhya/.ciel/sky130A/libs.ref/sky130_fd_sc_hd/mag
Cell sky130_fd_sc_hd__nor2_1 read from path /home/vidhya/.ciel/sky130A/libs.ref/sky130_fd_sc_hd/mag
Cell sky130_fd_sc_hd__or2_1 read from path /home/vidhya/.ciel/sky130A/libs.ref/sky130_fd_sc_hd/mag
Cell sky130_fd_sc_hd__and3_1 read from path /home/vidhya/.ciel/sky130A/libs.ref/sky130_fd_sc_hd/mag
Cell sky130_fd_sc_hd__a21o_1 read from path /home/vidhya/.ciel/sky130A/libs.ref/sky130_fd_sc_hd/mag
Cell sky130_fd_sc_hd__a21oi_1 read from path /home/vidhya/.ciel/sky130A/libs.ref/sky130_fd_sc_hd/mag
Cell sky130_fd_sc_hd__buf_4 read from path /home/vidhya/.ciel/sky130A/libs.ref/sky130_fd_sc_hd/mag
Cell sky130_fd_sc_hd__buf_2 read from path /home/vidhya/.ciel/sky130A/libs.ref/sky130_fd_sc_hd/mag
Cell sky130_fd_sc_hd__o21a_1 read from path /home/vidhya/.ciel/sky130A/libs.ref/sky130_fd_sc_hd/mag
Cell sky130_fd_sc_hd__a311o_1 read from path /home/vidhya/.ciel/sky130A/libs.ref/sky130_fd_sc_hd/mag
Cell sky130_fd_sc_hd__nor3_1 read from path /home/vidhya/.ciel/sky130A/libs.ref/sky130_fd_sc_hd/mag
Cell sky130_fd_sc_hd__inv_2 read from path /home/vidhya/.ciel/sky130A/libs.ref/sky130_fd_sc_hd/mag
Cell sky130_fd_sc_hd__o21bai_1 read from path /home/vidhya/.ciel/sky130A/libs.ref/sky130_fd_sc_hd/mag
Cell sky130_fd_sc_hd__and3_2 read from path /home/vidhya/.ciel/sky130A/libs.ref/sky130_fd_sc_hd/mag
Cell sky130_fd_sc_hd__o31a_2 read from path /home/vidhya/.ciel/sky130A/libs.ref/sky130_fd_sc_hd/mag
Cell sky130_fd_sc_hd__or4b_1 read from path /home/vidhya/.ciel/sky130A/libs.ref/sky130_fd_sc_hd/mag
Cell sky130_fd_sc_hd__mux2_1 read from path /home/vidhya/.ciel/sky130A/libs.ref/sky130_fd_sc_hd/mag
Cell sky130_fd_sc_hd__a21oi_4 read from path /home/vidhya/.ciel/sky130A/libs.ref/sky130_fd_sc_hd/mag
Cell sky130_fd_sc_hd__buf_8 read from path /home/vidhya/.ciel/sky130A/libs.ref/sky130_fd_sc_hd/mag
Cell sky130_fd_sc_hd__and2_2 read from path /home/vidhya/.ciel/sky130A/libs.ref/sky130_fd_sc_hd/mag
Cell sky130_fd_sc_hd__clkbuf_8 read from path /home/vidhya/.ciel/sky130A/libs.ref/sky130_fd_sc_hd/mag
Cell sky130_fd_sc_hd__clkbuf_16 read from path /home/vidhya/.ciel/sky130A/libs.ref/sky130_fd_sc_hd/mag
Cell sky130_fd_sc_hd__a22o_1 read from path /home/vidhya/.ciel/sky130A/libs.ref/sky130_fd_sc_hd/mag
Cell sky130_fd_sc_hd__nor2_8 read from path /home/vidhya/.ciel/sky130A/libs.ref/sky130_fd_sc_hd/mag
Cell sky130_fd_sc_hd__a32o_1 read from path /home/vidhya/.ciel/sky130A/libs.ref/sky130_fd_sc_hd/mag
Cell sky130_fd_sc_hd__xor2_1 read from path /home/vidhya/.ciel/sky130A/libs.ref/sky130_fd_sc_hd/mag
Cell sky130_fd_sc_hd__a21bo_1 read from path /home/vidhya/.ciel/sky130A/libs.ref/sky130_fd_sc_hd/mag
Cell sky130_fd_sc_hd__nand4_1 read from path /home/vidhya/.ciel/sky130A/libs.ref/sky130_fd_sc_hd/mag
Cell sky130_fd_sc_hd__or2b_1 read from path /home/vidhya/.ciel/sky130A/libs.ref/sky130_fd_sc_hd/mag
Cell sky130_fd_sc_hd__xnor2_2 read from path /home/vidhya/.ciel/sky130A/libs.ref/sky130_fd_sc_hd/mag
Cell sky130_fd_sc_hd__a21oi_2 read from path /home/vidhya/.ciel/sky130A/libs.ref/sky130_fd_sc_hd/mag
Cell sky130_fd_sc_hd__o22a_1 read from path /home/vidhya/.ciel/sky130A/libs.ref/sky130_fd_sc_hd/mag
Cell sky130_fd_sc_hd__nand2b_2 read from path /home/vidhya/.ciel/sky130A/libs.ref/sky130_fd_sc_hd/mag
Cell sky130_fd_sc_hd__o211a_2 read from path /home/vidhya/.ciel/sky130A/libs.ref/sky130_fd_sc_hd/mag
Cell sky130_fd_sc_hd__o21ba_1 read from path /home/vidhya/.ciel/sky130A/libs.ref/sky130_fd_sc_hd/mag
Cell sky130_fd_sc_hd__nand3_2 read from path /home/vidhya/.ciel/sky130A/libs.ref/sky130_fd_sc_hd/mag
Cell sky130_fd_sc_hd__o22ai_1 read from path /home/vidhya/.ciel/sky130A/libs.ref/sky130_fd_sc_hd/mag
Cell sky130_fd_sc_hd__o2bb2a_1 read from path /home/vidhya/.ciel/sky130A/libs.ref/sky130_fd_sc_hd/mag
Cell sky130_fd_sc_hd__o22ai_2 read from path /home/vidhya/.ciel/sky130A/libs.ref/sky130_fd_sc_hd/mag
Cell sky130_fd_sc_hd__a21boi_2 read from path /home/vidhya/.ciel/sky130A/libs.ref/sky130_fd_sc_hd/mag
Cell sky130_fd_sc_hd__mux2_2 read from path /home/vidhya/.ciel/sky130A/libs.ref/sky130_fd_sc_hd/mag
Cell sky130_fd_sc_hd__nor4_1 read from path /home/vidhya/.ciel/sky130A/libs.ref/sky130_fd_sc_hd/mag
Cell sky130_fd_sc_hd__a211oi_2 read from path /home/vidhya/.ciel/sky130A/libs.ref/sky130_fd_sc_hd/mag
Cell sky130_fd_sc_hd__o211ai_1 read from path /home/vidhya/.ciel/sky130A/libs.ref/sky130_fd_sc_hd/mag
Cell sky130_fd_sc_hd__a211o_1 read from path /home/vidhya/.ciel/sky130A/libs.ref/sky130_fd_sc_hd/mag
Cell sky130_fd_sc_hd__a211oi_1 read from path /home/vidhya/.ciel/sky130A/libs.ref/sky130_fd_sc_hd/mag
Cell sky130_fd_sc_hd__or4_2 read from path /home/vidhya/.ciel/sky130A/libs.ref/sky130_fd_sc_hd/mag
Cell sky130_fd_sc_hd__o32a_1 read from path /home/vidhya/.ciel/sky130A/libs.ref/sky130_fd_sc_hd/mag
Cell sky130_fd_sc_hd__o2111a_1 read from path /home/vidhya/.ciel/sky130A/libs.ref/sky130_fd_sc_hd/mag
Cell sky130_fd_sc_hd__nor3b_4 read from path /home/vidhya/.ciel/sky130A/libs.ref/sky130_fd_sc_hd/mag
Cell sky130_fd_sc_hd__nor3b_1 read from path /home/vidhya/.ciel/sky130A/libs.ref/sky130_fd_sc_hd/mag
Cell sky130_fd_sc_hd__and4b_2 read from path /home/vidhya/.ciel/sky130A/libs.ref/sky130_fd_sc_hd/mag
Cell sky130_fd_sc_hd__and3b_2 read from path /home/vidhya/.ciel/sky130A/libs.ref/sky130_fd_sc_hd/mag
Cell sky130_fd_sc_hd__and4bb_2 read from path /home/vidhya/.ciel/sky130A/libs.ref/sky130_fd_sc_hd/mag
Cell sky130_fd_sc_hd__a221o_1 read from path /home/vidhya/.ciel/sky130A/libs.ref/sky130_fd_sc_hd/mag
Cell sky130_fd_sc_hd__o32a_2 read from path /home/vidhya/.ciel/sky130A/libs.ref/sky130_fd_sc_hd/mag
Cell sky130_fd_sc_hd__and3_4 read from path /home/vidhya/.ciel/sky130A/libs.ref/sky130_fd_sc_hd/mag
Cell sky130_fd_sc_hd__nand4b_2 read from path /home/vidhya/.ciel/sky130A/libs.ref/sky130_fd_sc_hd/mag
Cell sky130_fd_sc_hd__o41a_2 read from path /home/vidhya/.ciel/sky130A/libs.ref/sky130_fd_sc_hd/mag
Cell sky130_fd_sc_hd__and4bb_1 read from path /home/vidhya/.ciel/sky130A/libs.ref/sky130_fd_sc_hd/mag
Cell sky130_fd_sc_hd__a41o_1 read from path /home/vidhya/.ciel/sky130A/libs.ref/sky130_fd_sc_hd/mag
Cell sky130_fd_sc_hd__o211ai_2 read from path /home/vidhya/.ciel/sky130A/libs.ref/sky130_fd_sc_hd/mag
Cell sky130_fd_sc_hd__nor2b_2 read from path /home/vidhya/.ciel/sky130A/libs.ref/sky130_fd_sc_hd/mag
Cell sky130_fd_sc_hd__or4bb_2 read from path /home/vidhya/.ciel/sky130A/libs.ref/sky130_fd_sc_hd/mag
Cell sky130_fd_sc_hd__and4b_1 read from path /home/vidhya/.ciel/sky130A/libs.ref/sky130_fd_sc_hd/mag
Cell sky130_fd_sc_hd__dfrtp_4 read from path /home/vidhya/.ciel/sky130A/libs.ref/sky130_fd_sc_hd/mag
Cell sky130_fd_sc_hd__dfrtp_1 read from path /home/vidhya/.ciel/sky130A/libs.ref/sky130_fd_sc_hd/mag
Cell sky130_fd_sc_hd__dfxtp_1 read from path /home/vidhya/.ciel/sky130A/libs.ref/sky130_fd_sc_hd/mag
Cell sky130_fd_sc_hd__dfrtp_2 read from path /home/vidhya/.ciel/sky130A/libs.ref/sky130_fd_sc_hd/mag
Cell sky130_fd_sc_hd__dlygate4sd3_1 read from path /home/vidhya/.ciel/sky130A/libs.ref/sky130_fd_sc_hd/mag
Cell sky130_fd_sc_hd__dlymetal6s2s_1 read from path /home/vidhya/.ciel/sky130A/libs.ref/sky130_fd_sc_hd/mag
Cell sky130_fd_sc_hd__clkdlybuf4s25_1 read from path /home/vidhya/.ciel/sky130A/libs.ref/sky130_fd_sc_hd/mag
Cell sky130_fd_sc_hd__clkbuf_2 read from path /home/vidhya/.ciel/sky130A/libs.ref/sky130_fd_sc_hd/mag
  Processed 13428 subcell instances total.
  Processed 64 pins total.
  Processed 2 special nets total.
  Processed 5506 nets total.
DEF read: Processed 101742 lines.
Moving label "_0036_" from metal1 to via1 in cell top.
Moving label "_0112_" from metal2 to via2 in cell top.
Moving label "_0147_" from metal2 to via2 in cell top.
Moving label "_0156_" from metal1 to via1 in cell top.
Moving label "_0232_" from metal2 to via2 in cell top.
Moving label "_0394_" from metal1 to viali in cell top.
Moving label "_0526_" from metal2 to via2 in cell top.
Moving label "_0723_" from metal1 to via1 in cell top.
Moving label "_0724_" from metal1 to via1 in cell top.
Moving label "_0725_" from metal1 to via1 in cell top.
Moving label "_0747_" from metal1 to via1 in cell top.
Moving label "_0748_" from metal1 to via1 in cell top.
Moving label "_0750_" from metal1 to via1 in cell top.
Moving label "_0758_" from metal1 to via1 in cell top.
Moving label "_0760_" from metal1 to via1 in cell top.
Moving label "_0763_" from metal1 to via1 in cell top.
Moving label "_0768_" from metal1 to via1 in cell top.
Moving label "_0785_" from metal1 to via1 in cell top.
Moving label "_0793_" from metal1 to via1 in cell top.
Moving label "_0803_" from metal1 to viali in cell top.
Moving label "_0806_" from metal1 to via1 in cell top.
Moving label "_0808_" from metal1 to via1 in cell top.
Moving label "_0811_" from metal1 to via1 in cell top.
Moving label "_0818_" from metal1 to via1 in cell top.
Moving label "_0828_" from metal1 to via1 in cell top.
Moving label "_0841_" from metal1 to via1 in cell top.
Moving label "_0986_" from metal1 to via1 in cell top.
Moving label "_0990_" from metal1 to viali in cell top.
Moving label "_1007_" from metal2 to via2 in cell top.
Moving label "_1033_" from metal2 to via1 in cell top.
Moving label "_1064_" from metal1 to viali in cell top.
Moving label "_1071_" from metal1 to via1 in cell top.
Moving label "_1088_" from metal1 to viali in cell top.
Moving label "_1099_" from metal1 to viali in cell top.
Moving label "_1134_" from metal2 to via2 in cell top.
Moving label "_1223_" from metal1 to viali in cell top.
Moving label "_1262_" from metal1 to via1 in cell top.
Moving label "_1446_" from metal1 to viali in cell top.
Moving label "_1576_" from metal1 to viali in cell top.
Moving label "_1581_" from metal1 to via1 in cell top.
Moving label "_1591_" from metal1 to via1 in cell top.
Moving label "_1663_" from metal2 to via1 in cell top.
Moving label "_1690_" from metal1 to via1 in cell top.
Moving label "_1816_" from metal2 to via2 in cell top.
Moving label "_1904_" from metal1 to viali in cell top.
Moving label "_1926_" from metal2 to via1 in cell top.
Moving label "_1976_" from metal1 to viali in cell top.
Moving label "_1978_" from metal1 to viali in cell top.
Moving label "_1985_" from metal2 to via1 in cell top.
Moving label "_1993_" from metal1 to via1 in cell top.
Moving label "_2125_" from metal1 to viali in cell top.
Moving label "_2159_" from metal1 to viali in cell top.
Moving label "_2176_" from metal2 to via2 in cell top.
Moving label "_2195_" from metal2 to via2 in cell top.
Moving label "_2271_" from metal1 to via1 in cell top.
Moving label "_2322_" from metal1 to via1 in cell top.
Moving label "_2333_" from metal1 to via1 in cell top.
Moving label "_2343_" from metal1 to via1 in cell top.
Moving label "_2348_" from metal1 to via1 in cell top.
Moving label "_2355_" from metal1 to via1 in cell top.
Moving label "_2361_" from metal3 to via3 in cell top.
Moving label "_2369_" from metal1 to viali in cell top.
Moving label "_2482_" from metal1 to via1 in cell top.
Moving label "_2509_" from metal3 to via3 in cell top.
Moving label "_2510_" from metal3 to via3 in cell top.
Moving label "_2533_" from metal1 to via1 in cell top.
Moving label "_2547_" from metal1 to via1 in cell top.
Moving label "_2622_" from metal1 to viali in cell top.
Moving label "_2642_" from metal2 to via2 in cell top.
Moving label "_2661_" from metal2 to via2 in cell top.
Moving label "_2676_" from metal1 to via1 in cell top.
Moving label "_2699_" from metal1 to viali in cell top.
Moving label "_2712_" from metal2 to via2 in cell top.
Moving label "_2820_" from metal1 to via1 in cell top.
Moving label "_2837_" from metal1 to viali in cell top.
Moving label "_2931_" from metal2 to via1 in cell top.
Moving label "_2941_" from metal1 to viali in cell top.
Moving label "_2995_" from metal1 to viali in cell top.
Moving label "_3016_" from metal1 to viali in cell top.
Moving label "_3081_" from metal2 to via1 in cell top.
Moving label "_3113_" from metal2 to via2 in cell top.
Moving label "_3129_" from metal2 to via2 in cell top.
Moving label "_3178_" from metal2 to via1 in cell top.
Moving label "_3234_" from metal3 to via3 in cell top.
Moving label "_3264_" from metal2 to via1 in cell top.
Moving label "_3322_" from metal2 to via2 in cell top.
Moving label "_3367_" from metal1 to viali in cell top.
Moving label "_3471_" from metal1 to via1 in cell top.
Moving label "_3474_" from metal2 to via2 in cell top.
Moving label "clknet_3_3__leaf_clk" from metal2 to via2 in cell top.
Moving label "clknet_3_4__leaf_clk" from metal2 to via2 in cell top.
Moving label "clknet_3_6__leaf_clk" from metal2 to via2 in cell top.
Moving label "clknet_leaf_63_clk" from metal1 to via1 in cell top.
Moving label "net185" from metal2 to via2 in cell top.
Moving label "net190" from metal2 to via2 in cell top.
Moving label "net353" from metal1 to viali in cell top.
Moving label "net374" from metal1 to viali in cell top.
Moving label "net42" from metal2 to via2 in cell top.
Moving label "net431" from metal1 to viali in cell top.
Moving label "net474" from metal2 to via2 in cell top.
Moving label "net490" from metal2 to via1 in cell top.
Moving label "net6" from metal2 to via2 in cell top.
Moving label "net721" from metal1 to viali in cell top.
Moving label "psum_out0[1]" from metal2 to via2 in cell top.
Moving label "psum_out0[7]" from metal2 to via2 in cell top.
Moving label "psum_out1[10]" from metal2 to via2 in cell top.
Moving label "psum_out1[12]" from metal2 to via2 in cell top.
Moving label "u_pe_array.act_from_up\[12\]\[0\]" from metal2 to via2 in cell top.
Moving label "u_pe_array.act_from_up\[6\]\[7\]" from metal2 to via2 in cell top.
Moving label "u_pe_array.g_pe_row\[0\].g_pe_col\[1\].u_pe.w_out\[0\]" from metal2 to via1 in cell top.
Moving label "u_pe_array.g_pe_row\[1\].g_pe_col\[0\].u_pe.act_val\[1\]" from metal1 to viali in cell top.
Moving label "u_pe_array.g_pe_row\[1\].g_pe_col\[0\].u_pe.psum_out\[7\]" from metal2 to via2 in cell top.
Moving label "u_pe_array.g_pe_row\[1\].g_pe_col\[1\].u_pe.psum_out\[0\]" from metal1 to via1 in cell top.
Moving label "u_pe_array.u_fifo1.buffer\[6\]\[1\]" from metal1 to via1 in cell top.
Moving label "u_pe_array.u_fifo1.buffer\[8\]\[5\]" from metal2 to via2 in cell top.
[INFO]: Writing abstract LEF
Generating LEF output /openlane/designs/dnn/runs/MS2/results/signoff/top.lef for cell top:
Diagnostic:  Write LEF header for cell top
Diagnostic:  Writing LEF output for cell top
Diagnostic:  Scale value is 0.005000
[INFO]: LEF Write Complete
