OpenROAD 41a51eaf4ca2171c92ff38afb91eb37bbd3f36da 
This program is licensed under the BSD-3 license. See the LICENSE file for details.
Components of this program may be licensed under more restrictive licenses which must be honored.
[INFO]: Reading ODB at '/openlane/designs/dnn/MS2_Synthesis_sky130/runs/RUN_2026.04.26_07.07.32/results/routing/top.odb'…
define_corners Typical
read_liberty -corner Typical /home/vidhya/.ciel/sky130A/libs.ref/sky130_fd_sc_hd/lib/sky130_fd_sc_hd__tt_025C_1v80.lib
Using 1e-12 for capacitance...
Using 1e+03 for resistance...
Using 1e-09 for time...
Using 1e+00 for voltage...
Using 1e-03 for current...
Using 1e-09 for power...
Using 1e-06 for distance...
Reading design constraints file at '/openlane/designs/dnn/MS2_Synthesis_sky130/runs/RUN_2026.04.26_07.07.32/tmp/17-top.sdc'…
Net: _0992_
  Pin: ANTENNA__4766__B1/DIODE (sky130_fd_sc_hd__diode_2)
    Layer: met3
      Partial area ratio:    1.89
      Required ratio:    0.00 (Gate area) 
      Partial area ratio:   10.33
      Required ratio: 3299.84 (Side area) 
      Cumulative area ratio:    3.06
      Required ratio:    0.00 (Cumulative area) 
      Cumulative area ratio:   16.62
      Required ratio:    0.00 (Cumulative side area) 

    Layer: met2
      Partial area ratio:    0.98
      Required ratio:    0.00 (Gate area) 
      Partial area ratio:    5.10
      Required ratio: 2773.88 (Side area) 
      Cumulative area ratio:    1.17
      Required ratio:    0.00 (Cumulative area) 
      Cumulative area ratio:    6.30
      Required ratio:    0.00 (Cumulative side area) 

    Layer: met1
      Partial area ratio:    0.19
      Required ratio:    0.00 (Gate area) 
      Partial area ratio:    1.19
      Required ratio: 2773.88 (Side area) 
      Cumulative area ratio:    0.19
      Required ratio:    0.00 (Cumulative area) 
      Cumulative area ratio:    1.19
      Required ratio:    0.00 (Cumulative side area) 

    Layer: li1
      Partial area ratio:    0.00
      Required ratio:    0.00 (Gate area) 
      Partial area ratio:    0.00
      Required ratio:  270.62 (Side area) 
      Cumulative area ratio:    0.00
      Required ratio:    0.00 (Cumulative area) 
      Cumulative area ratio:    0.00
      Required ratio:    0.00 (Cumulative side area) 

    Via: M2M3_PR
      Partial area ratio:    0.09
      Required ratio:    6.00 (Gate area) 
      Cumulative area ratio:    0.21
      Required ratio:    0.00 (Cumulative area) 

    Via: M1M2_PR
      Partial area ratio:    0.05
      Required ratio:    6.00 (Gate area) 
      Cumulative area ratio:    0.12
      Required ratio:    0.00 (Cumulative area) 

    Via: L1M1_PR
      Partial area ratio:    0.07
      Required ratio:    3.00 (Gate area) 
      Cumulative area ratio:    0.07
      Required ratio:    0.00 (Cumulative area) 

  Pin: _4766_/B1 (sky130_fd_sc_hd__a22o_2)
    Layer: met2
      Partial area ratio:    5.77
      Required ratio:    0.00 (Gate area) 
      Partial area ratio:   29.58
      Required ratio: 3125.96 (Side area) 
      Cumulative area ratio:    6.11
      Required ratio:    0.00 (Cumulative area) 
      Cumulative area ratio:   31.68
      Required ratio:    0.00 (Cumulative side area) 

    Layer: met3
      Partial area ratio:    1.89
      Required ratio:    0.00 (Gate area) 
      Partial area ratio:   10.33
      Required ratio: 3299.84 (Side area) 
      Cumulative area ratio:    8.00
      Required ratio:    0.00 (Cumulative area) 
      Cumulative area ratio:   42.00
      Required ratio:    0.00 (Cumulative side area) 

    Layer: met1
      Partial area ratio:    0.34
      Required ratio:    0.00 (Gate area) 
      Partial area ratio:    2.09
      Required ratio:  400.00 (Side area) 
      Cumulative area ratio:    0.34
      Required ratio:    0.00 (Cumulative area) 
      Cumulative area ratio:    2.09
      Required ratio:    0.00 (Cumulative side area) 

    Layer: li1
      Partial area ratio:    0.00
      Required ratio:    0.00 (Gate area) 
      Partial area ratio:    0.00
      Required ratio:   75.00 (Side area) 
      Cumulative area ratio:    0.00
      Required ratio:    0.00 (Cumulative area) 
      Cumulative area ratio:    0.00
      Required ratio:    0.00 (Cumulative side area) 

    Via: M2M3_PR
      Partial area ratio:    0.03
      Required ratio:    6.00 (Gate area) 
      Cumulative area ratio:    0.24
      Required ratio:    0.00 (Cumulative area) 

    Via: M1M2_PR
      Partial area ratio:    0.09
      Required ratio:    6.00 (Gate area) 
      Cumulative area ratio:    0.21
      Required ratio:    0.00 (Cumulative area) 

    Via: L1M1_PR
      Partial area ratio:    0.12
      Required ratio:    3.00 (Gate area) 
      Cumulative area ratio:    0.12
      Required ratio:    0.00 (Cumulative area) 

  Pin: _6633_/A0 (sky130_fd_sc_hd__mux2_1)
    Layer: met2
      Partial area ratio:    5.77
      Required ratio:    0.00 (Gate area) 
      Partial area ratio:   29.58
      Required ratio: 3125.96 (Side area) 
      Cumulative area ratio:  132.04
      Required ratio:    0.00 (Cumulative area) 
      Cumulative area ratio:  665.58
      Required ratio:    0.00 (Cumulative side area) 

    Layer: met3
      Partial area ratio:    1.89
      Required ratio:    0.00 (Gate area) 
      Partial area ratio:   10.33
      Required ratio: 3299.84 (Side area) 
      Cumulative area ratio:  133.93
      Required ratio:    0.00 (Cumulative area) 
      Cumulative area ratio:  675.91
      Required ratio:    0.00 (Cumulative side area) 

    Layer: met1
      Partial area ratio:  126.27
      Required ratio:    0.00 (Gate area) 
      Partial area ratio:  636.00
      Required ratio:  400.00 (Side area) (VIOLATED)
      Cumulative area ratio:  126.27
      Required ratio:    0.00 (Cumulative area) 
      Cumulative area ratio:  636.00
      Required ratio:    0.00 (Cumulative side area) 

    Layer: li1
      Partial area ratio:    0.00
      Required ratio:    0.00 (Gate area) 
      Partial area ratio:    0.00
      Required ratio:   75.00 (Side area) 
      Cumulative area ratio:    0.00
      Required ratio:    0.00 (Cumulative area) 
      Cumulative area ratio:    0.00
      Required ratio:    0.00 (Cumulative side area) 

    Via: M2M3_PR
      Partial area ratio:    0.03
      Required ratio:    6.00 (Gate area) 
      Cumulative area ratio:    0.62
      Required ratio:    0.00 (Cumulative area) 

    Via: M1M2_PR
      Partial area ratio:    0.36
      Required ratio:    6.00 (Gate area) 
      Cumulative area ratio:    0.59
      Required ratio:    0.00 (Cumulative area) 

    Via: L1M1_PR
      Partial area ratio:    0.23
      Required ratio:    3.00 (Gate area) 
      Cumulative area ratio:    0.23
      Required ratio:    0.00 (Cumulative area) 

  Pin: ANTENNA__6633__A0/DIODE (sky130_fd_sc_hd__diode_2)
    Layer: met2
      Partial area ratio:    5.77
      Required ratio:    0.00 (Gate area) 
      Partial area ratio:   29.58
      Required ratio: 3125.96 (Side area) 
      Cumulative area ratio:  132.04
      Required ratio:    0.00 (Cumulative area) 
      Cumulative area ratio:  665.58
      Required ratio:    0.00 (Cumulative side area) 

    Layer: met3
      Partial area ratio:    1.89
      Required ratio:    0.00 (Gate area) 
      Partial area ratio:   10.33
      Required ratio: 3299.84 (Side area) 
      Cumulative area ratio:  133.93
      Required ratio:    0.00 (Cumulative area) 
      Cumulative area ratio:  675.91
      Required ratio:    0.00 (Cumulative side area) 

    Layer: met1
      Partial area ratio:    0.00
      Required ratio:    0.00 (Gate area) 
      Partial area ratio:    0.00
      Required ratio: 2773.88 (Side area) 
      Cumulative area ratio:    0.00
      Required ratio:    0.00 (Cumulative area) 
      Cumulative area ratio:    0.00
      Required ratio:    0.00 (Cumulative side area) 

    Layer: li1
      Partial area ratio:    0.00
      Required ratio:    0.00 (Gate area) 
      Partial area ratio:    0.00
      Required ratio:  270.62 (Side area) 
      Cumulative area ratio:    0.00
      Required ratio:    0.00 (Cumulative area) 
      Cumulative area ratio:    0.00
      Required ratio:    0.00 (Cumulative side area) 

    Via: M2M3_PR
      Partial area ratio:    0.03
      Required ratio:    6.00 (Gate area) 
      Cumulative area ratio:    0.50
      Required ratio:    0.00 (Cumulative area) 

    Via: M1M2_PR
      Partial area ratio:    0.05
      Required ratio:    6.00 (Gate area) 
      Cumulative area ratio:    0.12
      Required ratio:    0.00 (Cumulative area) 

    Via: L1M1_PR
      Partial area ratio:    0.07
      Required ratio:    3.00 (Gate area) 
      Cumulative area ratio:    0.07
      Required ratio:    0.00 (Cumulative area) 

  Pin: ANTENNA__3791__A1/DIODE (sky130_fd_sc_hd__diode_2)
    Layer: met2
      Partial area ratio:    5.77
      Required ratio:    0.00 (Gate area) 
      Partial area ratio:   29.58
      Required ratio: 3125.96 (Side area) 
      Cumulative area ratio:    6.11
      Required ratio:    0.00 (Cumulative area) 
      Cumulative area ratio:   31.51
      Required ratio:    0.00 (Cumulative side area) 

    Layer: met3
      Partial area ratio:    1.89
      Required ratio:    0.00 (Gate area) 
      Partial area ratio:   10.33
      Required ratio: 3299.84 (Side area) 
      Cumulative area ratio:    8.00
      Required ratio:    0.00 (Cumulative area) 
      Cumulative area ratio:   41.84
      Required ratio:    0.00 (Cumulative side area) 

    Layer: met1
      Partial area ratio:    0.34
      Required ratio:    0.00 (Gate area) 
      Partial area ratio:    1.93
      Required ratio: 2773.88 (Side area) 
      Cumulative area ratio:    0.34
      Required ratio:    0.00 (Cumulative area) 
      Cumulative area ratio:    1.93
      Required ratio:    0.00 (Cumulative side area) 

    Layer: li1
      Partial area ratio:    0.00
      Required ratio:    0.00 (Gate area) 
      Partial area ratio:    0.00
      Required ratio:  270.62 (Side area) 
      Cumulative area ratio:    0.00
      Required ratio:    0.00 (Cumulative area) 
      Cumulative area ratio:    0.00
      Required ratio:    0.00 (Cumulative side area) 

    Via: M2M3_PR
      Partial area ratio:    0.03
      Required ratio:    6.00 (Gate area) 
      Cumulative area ratio:    0.15
      Required ratio:    0.00 (Cumulative area) 

    Via: M1M2_PR
      Partial area ratio:    0.05
      Required ratio:    6.00 (Gate area) 
      Cumulative area ratio:    0.12
      Required ratio:    0.00 (Cumulative area) 

    Via: L1M1_PR
      Partial area ratio:    0.07
      Required ratio:    3.00 (Gate area) 
      Cumulative area ratio:    0.07
      Required ratio:    0.00 (Cumulative area) 

  Pin: _3791_/A1 (sky130_fd_sc_hd__mux2_1)
    Layer: met2
      Partial area ratio:    5.77
      Required ratio:    0.00 (Gate area) 
      Partial area ratio:   29.58
      Required ratio: 3125.96 (Side area) 
      Cumulative area ratio:    9.51
      Required ratio:    0.00 (Cumulative area) 
      Cumulative area ratio:   49.03
      Required ratio:    0.00 (Cumulative side area) 

    Layer: met3
      Partial area ratio:    1.89
      Required ratio:    0.00 (Gate area) 
      Partial area ratio:   10.33
      Required ratio: 3299.84 (Side area) 
      Cumulative area ratio:   11.39
      Required ratio:    0.00 (Cumulative area) 
      Cumulative area ratio:   59.35
      Required ratio:    0.00 (Cumulative side area) 

    Layer: met1
      Partial area ratio:    3.73
      Required ratio:    0.00 (Gate area) 
      Partial area ratio:   19.44
      Required ratio:  400.00 (Side area) 
      Cumulative area ratio:    3.73
      Required ratio:    0.00 (Cumulative area) 
      Cumulative area ratio:   19.44
      Required ratio:    0.00 (Cumulative side area) 

    Layer: li1
      Partial area ratio:    0.00
      Required ratio:    0.00 (Gate area) 
      Partial area ratio:    0.00
      Required ratio:   75.00 (Side area) 
      Cumulative area ratio:    0.00
      Required ratio:    0.00 (Cumulative area) 
      Cumulative area ratio:    0.00
      Required ratio:    0.00 (Cumulative side area) 

    Via: M2M3_PR
      Partial area ratio:    0.03
      Required ratio:    6.00 (Gate area) 
      Cumulative area ratio:    0.44
      Required ratio:    0.00 (Cumulative area) 

    Via: M1M2_PR
      Partial area ratio:    0.18
      Required ratio:    6.00 (Gate area) 
      Cumulative area ratio:    0.41
      Required ratio:    0.00 (Cumulative area) 

    Via: L1M1_PR
      Partial area ratio:    0.23
      Required ratio:    3.00 (Gate area) 
      Cumulative area ratio:    0.23
      Required ratio:    0.00 (Cumulative area) 


Net: net4
  Pin: _4810_/A1 (sky130_fd_sc_hd__mux2_1)
    Layer: met2
      Partial area ratio:    1.29
      Required ratio:    0.00 (Gate area) 
      Partial area ratio:    7.22
      Required ratio: 2736.24 (Side area) 
      Cumulative area ratio:   85.31
      Required ratio:    0.00 (Cumulative area) 
      Cumulative area ratio:  429.67
      Required ratio:    0.00 (Cumulative side area) 

    Layer: met1
      Partial area ratio:   84.02
      Required ratio:    0.00 (Gate area) 
      Partial area ratio:  422.44
      Required ratio:  400.00 (Side area) (VIOLATED)
      Cumulative area ratio:   84.02
      Required ratio:    0.00 (Cumulative area) 
      Cumulative area ratio:  422.44
      Required ratio:    0.00 (Cumulative side area) 

    Layer: li1
      Partial area ratio:    0.00
      Required ratio:    0.00 (Gate area) 
      Partial area ratio:    0.00
      Required ratio:   75.00 (Side area) 
      Cumulative area ratio:    0.00
      Required ratio:    0.00 (Cumulative area) 
      Cumulative area ratio:    0.00
      Required ratio:    0.00 (Cumulative side area) 

    Via: M1M2_PR
      Partial area ratio:    0.18
      Required ratio:    6.00 (Gate area) 
      Cumulative area ratio:    0.41
      Required ratio:    0.00 (Cumulative area) 

    Via: L1M1_PR
      Partial area ratio:    0.23
      Required ratio:    3.00 (Gate area) 
      Cumulative area ratio:    0.23
      Required ratio:    0.00 (Cumulative area) 


Net: net30
  Pin: _6026_/A0 (sky130_fd_sc_hd__mux2_1)
    Layer: met2
      Partial area ratio:   10.73
      Required ratio:    0.00 (Gate area) 
      Partial area ratio:   54.44
      Required ratio: 2736.24 (Side area) 
      Cumulative area ratio:   93.22
      Required ratio:    0.00 (Cumulative area) 
      Cumulative area ratio:  469.22
      Required ratio:    0.00 (Cumulative side area) 

    Layer: met1
      Partial area ratio:   82.49
      Required ratio:    0.00 (Gate area) 
      Partial area ratio:  414.78
      Required ratio:  400.00 (Side area) (VIOLATED)
      Cumulative area ratio:   82.49
      Required ratio:    0.00 (Cumulative area) 
      Cumulative area ratio:  414.78
      Required ratio:    0.00 (Cumulative side area) 

    Layer: li1
      Partial area ratio:    0.00
      Required ratio:    0.00 (Gate area) 
      Partial area ratio:    0.00
      Required ratio:   75.00 (Side area) 
      Cumulative area ratio:    0.00
      Required ratio:    0.00 (Cumulative area) 
      Cumulative area ratio:    0.00
      Required ratio:    0.00 (Cumulative side area) 

    Via: M1M2_PR
      Partial area ratio:    0.18
      Required ratio:    6.00 (Gate area) 
      Cumulative area ratio:    0.41
      Required ratio:    0.00 (Cumulative area) 

    Via: L1M1_PR
      Partial area ratio:    0.23
      Required ratio:    3.00 (Gate area) 
      Cumulative area ratio:    0.23
      Required ratio:    0.00 (Cumulative area) 


[INFO ANT-0002] Found 3 net violations.
[INFO ANT-0001] Found 3 pin violations.
