
===========================================================================
report_checks -unconstrained
===========================================================================
======================= Fastest Corner ===================================

Startpoint: rst_n (input port clocked by clk)
Endpoint: _7323_ (recovery check against rising-edge clock clk)
Path Group: asynchronous
Path Type: max
Corner: Fastest

Fanout     Cap    Slew   Delay    Time   Description
-----------------------------------------------------------------------------
                          0.00    0.00   clock clk (rise edge)
                          0.00    0.00   clock network delay (propagated)
                          3.20    3.20 ^ input external delay
                  0.04    0.03    3.23 ^ rst_n (in)
     2    0.01                           rst_n (net)
                  0.04    0.00    3.23 ^ input13/A (sky130_fd_sc_hd__clkbuf_16)
                  0.18    0.18    3.41 ^ input13/X (sky130_fd_sc_hd__clkbuf_16)
    30    0.23                           net13 (net)
                  0.19    0.03    3.44 ^ fanout74/A (sky130_fd_sc_hd__buf_12)
                  0.28    0.23    3.67 ^ fanout74/X (sky130_fd_sc_hd__buf_12)
    96    0.33                           net74 (net)
                  0.30    0.05    3.72 ^ load_slew7/A (sky130_fd_sc_hd__buf_12)
                  0.21    0.21    3.93 ^ load_slew7/X (sky130_fd_sc_hd__buf_12)
    68    0.25                           net818 (net)
                  0.22    0.02    3.95 ^ fanout73/A (sky130_fd_sc_hd__buf_8)
                  0.19    0.20    4.15 ^ fanout73/X (sky130_fd_sc_hd__buf_8)
    48    0.16                           net73 (net)
                  0.19    0.00    4.16 ^ load_slew4/A (sky130_fd_sc_hd__buf_12)
                  0.29    0.25    4.41 ^ load_slew4/X (sky130_fd_sc_hd__buf_12)
   104    0.35                           net815 (net)
                  0.30    0.02    4.43 ^ load_slew3/A (sky130_fd_sc_hd__buf_12)
                  0.29    0.25    4.68 ^ load_slew3/X (sky130_fd_sc_hd__buf_12)
   108    0.34                           net814 (net)
                  0.30    0.05    4.73 ^ _7323_/RESET_B (sky130_fd_sc_hd__dfrtp_4)
                                  4.73   data arrival time

                         16.00   16.00   clock clk (rise edge)
                          0.00   16.00   clock source latency
                  0.16    0.11   16.11 ^ clk (in)
     2    0.05                           clk (net)
                  0.16    0.00   16.11 ^ clkbuf_0_clk/A (sky130_fd_sc_hd__clkbuf_16)
                  0.14    0.19   16.29 ^ clkbuf_0_clk/X (sky130_fd_sc_hd__clkbuf_16)
    16    0.17                           clknet_0_clk (net)
                  0.14    0.01   16.30 ^ clkbuf_3_5__f_clk/A (sky130_fd_sc_hd__clkbuf_16)
                  0.13    0.17   16.47 ^ clkbuf_3_5__f_clk/X (sky130_fd_sc_hd__clkbuf_16)
    22    0.15                           clknet_3_5__leaf_clk (net)
                  0.13    0.01   16.48 ^ clkbuf_leaf_67_clk/A (sky130_fd_sc_hd__clkbuf_16)
                  0.03    0.10   16.58 ^ clkbuf_leaf_67_clk/X (sky130_fd_sc_hd__clkbuf_16)
     5    0.02                           clknet_leaf_67_clk (net)
                  0.03    0.00   16.58 ^ _7323_/CLK (sky130_fd_sc_hd__dfrtp_4)
                         -0.25   16.33   clock uncertainty
                          0.00   16.33   clock reconvergence pessimism
                          0.05   16.38   library recovery time
                                 16.38   data required time
-----------------------------------------------------------------------------
                                 16.38   data required time
                                 -4.73   data arrival time
-----------------------------------------------------------------------------
                                 11.65   slack (MET)


Startpoint: _6923_ (rising edge-triggered flip-flop clocked by clk)
Endpoint: psum_out0[6] (output port clocked by clk)
Path Group: clk
Path Type: max
Corner: Fastest

Fanout     Cap    Slew   Delay    Time   Description
-----------------------------------------------------------------------------
                          0.00    0.00   clock clk (rise edge)
                          0.00    0.00   clock source latency
                  0.16    0.12    0.12 ^ clk (in)
     2    0.05                           clk (net)
                  0.16    0.00    0.12 ^ clkbuf_0_clk/A (sky130_fd_sc_hd__clkbuf_16)
                  0.14    0.21    0.33 ^ clkbuf_0_clk/X (sky130_fd_sc_hd__clkbuf_16)
    16    0.17                           clknet_0_clk (net)
                  0.14    0.01    0.33 ^ clkbuf_3_6__f_clk/A (sky130_fd_sc_hd__clkbuf_16)
                  0.13    0.20    0.53 ^ clkbuf_3_6__f_clk/X (sky130_fd_sc_hd__clkbuf_16)
    22    0.16                           clknet_3_6__leaf_clk (net)
                  0.13    0.00    0.53 ^ clkbuf_leaf_59_clk/A (sky130_fd_sc_hd__clkbuf_16)
                  0.03    0.11    0.65 ^ clkbuf_leaf_59_clk/X (sky130_fd_sc_hd__clkbuf_16)
     5    0.02                           clknet_leaf_59_clk (net)
                  0.03    0.00    0.65 ^ _6923_/CLK (sky130_fd_sc_hd__dfrtp_1)
                  0.03    0.20    0.85 ^ _6923_/Q (sky130_fd_sc_hd__dfrtp_1)
     1    0.00                           u_fsm.state[0] (net)
                  0.03    0.00    0.85 ^ _3442_/A (sky130_fd_sc_hd__buf_2)
                  0.14    0.15    1.00 ^ _3442_/X (sky130_fd_sc_hd__buf_2)
    10    0.04                           _0718_ (net)
                  0.14    0.00    1.00 ^ _3443_/A (sky130_fd_sc_hd__and2_2)
                  0.12    0.18    1.18 ^ _3443_/X (sky130_fd_sc_hd__and2_2)
     5    0.03                           _0719_ (net)
                  0.12    0.00    1.18 ^ _3444_/B (sky130_fd_sc_hd__nand2_4)
                  0.07    0.07    1.25 v _3444_/Y (sky130_fd_sc_hd__nand2_4)
     5    0.03                           _0720_ (net)
                  0.07    0.00    1.25 v _3455_/B (sky130_fd_sc_hd__nor2_8)
                  0.28    0.24    1.49 ^ _3455_/Y (sky130_fd_sc_hd__nor2_8)
    26    0.10                           _0730_ (net)
                  0.29    0.02    1.52 ^ _3493_/A (sky130_fd_sc_hd__buf_12)
                  0.20    0.21    1.72 ^ _3493_/X (sky130_fd_sc_hd__buf_12)
    48    0.23                           _0755_ (net)
                  0.20    0.01    1.73 ^ _3494_/A (sky130_fd_sc_hd__clkbuf_16)
                  0.16    0.22    1.95 ^ _3494_/X (sky130_fd_sc_hd__clkbuf_16)
    48    0.20                           _0756_ (net)
                  0.17    0.02    1.97 ^ _3514_/A (sky130_fd_sc_hd__buf_12)
                  0.22    0.22    2.19 ^ _3514_/X (sky130_fd_sc_hd__buf_12)
    60    0.26                           _0770_ (net)
                  0.22    0.01    2.20 ^ _3515_/B (sky130_fd_sc_hd__or2_1)
                  0.03    0.08    2.28 ^ _3515_/X (sky130_fd_sc_hd__or2_1)
     1    0.00                           _0771_ (net)
                  0.03    0.00    2.28 ^ _3516_/B1 (sky130_fd_sc_hd__o211a_2)
                  0.23    0.23    2.51 ^ _3516_/X (sky130_fd_sc_hd__o211a_2)
     2    0.05                           net45 (net)
                  0.23    0.01    2.52 ^ output45/A (sky130_fd_sc_hd__clkbuf_4)
                  0.09    0.18    2.70 ^ output45/X (sky130_fd_sc_hd__clkbuf_4)
     1    0.03                           psum_out0[6] (net)
                  0.09    0.00    2.70 ^ psum_out0[6] (out)
                                  2.70   data arrival time

                         16.00   16.00   clock clk (rise edge)
                          0.00   16.00   clock network delay (propagated)
                         -0.25   15.75   clock uncertainty
                          0.00   15.75   clock reconvergence pessimism
                         -3.20   12.55   output external delay
                                 12.55   data required time
-----------------------------------------------------------------------------
                                 12.55   data required time
                                 -2.70   data arrival time
-----------------------------------------------------------------------------
                                  9.85   slack (MET)



======================= Slowest Corner ===================================

Startpoint: rst_n (input port clocked by clk)
Endpoint: _7323_ (recovery check against rising-edge clock clk)
Path Group: asynchronous
Path Type: max
Corner: Slowest

Fanout     Cap    Slew   Delay    Time   Description
-----------------------------------------------------------------------------
                          0.00    0.00   clock clk (rise edge)
                          0.00    0.00   clock network delay (propagated)
                          3.20    3.20 ^ input external delay
                  0.08    0.05    3.25 ^ rst_n (in)
     2    0.01                           rst_n (net)
                  0.08    0.00    3.25 ^ input13/A (sky130_fd_sc_hd__clkbuf_16)
                  0.35    0.45    3.70 ^ input13/X (sky130_fd_sc_hd__clkbuf_16)
    30    0.22                           net13 (net)
                  0.36    0.03    3.73 ^ fanout74/A (sky130_fd_sc_hd__buf_12)
                  0.57    0.65    4.38 ^ fanout74/X (sky130_fd_sc_hd__buf_12)
    96    0.32                           net74 (net)
                  0.58    0.05    4.43 ^ load_slew7/A (sky130_fd_sc_hd__buf_12)
                  0.43    0.65    5.09 ^ load_slew7/X (sky130_fd_sc_hd__buf_12)
    68    0.24                           net818 (net)
                  0.43    0.02    5.11 ^ fanout73/A (sky130_fd_sc_hd__buf_8)
                  0.39    0.57    5.68 ^ fanout73/X (sky130_fd_sc_hd__buf_8)
    48    0.15                           net73 (net)
                  0.39    0.00    5.68 ^ load_slew4/A (sky130_fd_sc_hd__buf_12)
                  0.59    0.69    6.37 ^ load_slew4/X (sky130_fd_sc_hd__buf_12)
   104    0.34                           net815 (net)
                  0.59    0.02    6.39 ^ load_slew3/A (sky130_fd_sc_hd__buf_12)
                  0.58    0.76    7.15 ^ load_slew3/X (sky130_fd_sc_hd__buf_12)
   108    0.33                           net814 (net)
                  0.59    0.05    7.20 ^ _7323_/RESET_B (sky130_fd_sc_hd__dfrtp_4)
                                  7.20   data arrival time

                         16.00   16.00   clock clk (rise edge)
                          0.00   16.00   clock source latency
                  0.34    0.23   16.23 ^ clk (in)
     2    0.05                           clk (net)
                  0.34    0.00   16.23 ^ clkbuf_0_clk/A (sky130_fd_sc_hd__clkbuf_16)
                  0.28    0.49   16.71 ^ clkbuf_0_clk/X (sky130_fd_sc_hd__clkbuf_16)
    16    0.17                           clknet_0_clk (net)
                  0.28    0.01   16.72 ^ clkbuf_3_5__f_clk/A (sky130_fd_sc_hd__clkbuf_16)
                  0.25    0.44   17.16 ^ clkbuf_3_5__f_clk/X (sky130_fd_sc_hd__clkbuf_16)
    22    0.15                           clknet_3_5__leaf_clk (net)
                  0.25    0.01   17.17 ^ clkbuf_leaf_67_clk/A (sky130_fd_sc_hd__clkbuf_16)
                  0.07    0.29   17.45 ^ clkbuf_leaf_67_clk/X (sky130_fd_sc_hd__clkbuf_16)
     5    0.02                           clknet_leaf_67_clk (net)
                  0.07    0.00   17.45 ^ _7323_/CLK (sky130_fd_sc_hd__dfrtp_4)
                         -0.25   17.20   clock uncertainty
                          0.00   17.20   clock reconvergence pessimism
                          0.20   17.41   library recovery time
                                 17.41   data required time
-----------------------------------------------------------------------------
                                 17.41   data required time
                                 -7.20   data arrival time
-----------------------------------------------------------------------------
                                 10.21   slack (MET)


Startpoint: _6923_ (rising edge-triggered flip-flop clocked by clk)
Endpoint: psum_out0[6] (output port clocked by clk)
Path Group: clk
Path Type: max
Corner: Slowest

Fanout     Cap    Slew   Delay    Time   Description
-----------------------------------------------------------------------------
                          0.00    0.00   clock clk (rise edge)
                          0.00    0.00   clock source latency
                  0.34    0.25    0.25 ^ clk (in)
     2    0.05                           clk (net)
                  0.34    0.00    0.25 ^ clkbuf_0_clk/A (sky130_fd_sc_hd__clkbuf_16)
                  0.28    0.54    0.79 ^ clkbuf_0_clk/X (sky130_fd_sc_hd__clkbuf_16)
    16    0.17                           clknet_0_clk (net)
                  0.28    0.01    0.79 ^ clkbuf_3_6__f_clk/A (sky130_fd_sc_hd__clkbuf_16)
                  0.27    0.50    1.29 ^ clkbuf_3_6__f_clk/X (sky130_fd_sc_hd__clkbuf_16)
    22    0.16                           clknet_3_6__leaf_clk (net)
                  0.27    0.00    1.29 ^ clkbuf_leaf_59_clk/A (sky130_fd_sc_hd__clkbuf_16)
                  0.06    0.32    1.61 ^ clkbuf_leaf_59_clk/X (sky130_fd_sc_hd__clkbuf_16)
     5    0.02                           clknet_leaf_59_clk (net)
                  0.06    0.00    1.61 ^ _6923_/CLK (sky130_fd_sc_hd__dfrtp_1)
                  0.07    0.65    2.27 ^ _6923_/Q (sky130_fd_sc_hd__dfrtp_1)
     1    0.00                           u_fsm.state[0] (net)
                  0.07    0.00    2.27 ^ _3442_/A (sky130_fd_sc_hd__buf_2)
                  0.29    0.37    2.64 ^ _3442_/X (sky130_fd_sc_hd__buf_2)
    10    0.04                           _0718_ (net)
                  0.29    0.00    2.64 ^ _3443_/A (sky130_fd_sc_hd__and2_2)
                  0.26    0.53    3.17 ^ _3443_/X (sky130_fd_sc_hd__and2_2)
     5    0.03                           _0719_ (net)
                  0.26    0.00    3.18 ^ _3444_/B (sky130_fd_sc_hd__nand2_4)
                  0.17    0.25    3.43 v _3444_/Y (sky130_fd_sc_hd__nand2_4)
     5    0.03                           _0720_ (net)
                  0.17    0.00    3.43 v _3455_/B (sky130_fd_sc_hd__nor2_8)
                  0.60    0.56    3.99 ^ _3455_/Y (sky130_fd_sc_hd__nor2_8)
    26    0.10                           _0730_ (net)
                  0.60    0.02    4.01 ^ _3493_/A (sky130_fd_sc_hd__buf_12)
                  0.41    0.65    4.66 ^ _3493_/X (sky130_fd_sc_hd__buf_12)
    48    0.23                           _0755_ (net)
                  0.41    0.01    4.67 ^ _3494_/A (sky130_fd_sc_hd__clkbuf_16)
                  0.31    0.58    5.26 ^ _3494_/X (sky130_fd_sc_hd__clkbuf_16)
    48    0.19                           _0756_ (net)
                  0.31    0.02    5.28 ^ _3514_/A (sky130_fd_sc_hd__buf_12)
                  0.45    0.58    5.86 ^ _3514_/X (sky130_fd_sc_hd__buf_12)
    60    0.25                           _0770_ (net)
                  0.45    0.01    5.87 ^ _3515_/B (sky130_fd_sc_hd__or2_1)
                  0.07    0.31    6.18 ^ _3515_/X (sky130_fd_sc_hd__or2_1)
     1    0.00                           _0771_ (net)
                  0.07    0.00    6.18 ^ _3516_/B1 (sky130_fd_sc_hd__o211a_2)
                  0.47    0.72    6.90 ^ _3516_/X (sky130_fd_sc_hd__o211a_2)
     2    0.05                           net45 (net)
                  0.47    0.01    6.91 ^ output45/A (sky130_fd_sc_hd__clkbuf_4)
                  0.18    0.53    7.44 ^ output45/X (sky130_fd_sc_hd__clkbuf_4)
     1    0.03                           psum_out0[6] (net)
                  0.18    0.00    7.44 ^ psum_out0[6] (out)
                                  7.44   data arrival time

                         16.00   16.00   clock clk (rise edge)
                          0.00   16.00   clock network delay (propagated)
                         -0.25   15.75   clock uncertainty
                          0.00   15.75   clock reconvergence pessimism
                         -3.20   12.55   output external delay
                                 12.55   data required time
-----------------------------------------------------------------------------
                                 12.55   data required time
                                 -7.44   data arrival time
-----------------------------------------------------------------------------
                                  5.11   slack (MET)



======================= Typical Corner ===================================

Startpoint: rst_n (input port clocked by clk)
Endpoint: _7323_ (recovery check against rising-edge clock clk)
Path Group: asynchronous
Path Type: max
Corner: Typical

Fanout     Cap    Slew   Delay    Time   Description
-----------------------------------------------------------------------------
                          0.00    0.00   clock clk (rise edge)
                          0.00    0.00   clock network delay (propagated)
                          3.20    3.20 ^ input external delay
                  0.05    0.03    3.23 ^ rst_n (in)
     2    0.01                           rst_n (net)
                  0.05    0.00    3.23 ^ input13/A (sky130_fd_sc_hd__clkbuf_16)
                  0.24    0.26    3.50 ^ input13/X (sky130_fd_sc_hd__clkbuf_16)
    30    0.23                           net13 (net)
                  0.24    0.03    3.53 ^ fanout74/A (sky130_fd_sc_hd__buf_12)
                  0.38    0.37    3.89 ^ fanout74/X (sky130_fd_sc_hd__buf_12)
    96    0.34                           net74 (net)
                  0.39    0.05    3.95 ^ load_slew7/A (sky130_fd_sc_hd__buf_12)
                  0.29    0.35    4.29 ^ load_slew7/X (sky130_fd_sc_hd__buf_12)
    68    0.25                           net818 (net)
                  0.29    0.02    4.31 ^ fanout73/A (sky130_fd_sc_hd__buf_8)
                  0.26    0.32    4.63 ^ fanout73/X (sky130_fd_sc_hd__buf_8)
    48    0.16                           net73 (net)
                  0.26    0.00    4.63 ^ load_slew4/A (sky130_fd_sc_hd__buf_12)
                  0.40    0.39    5.02 ^ load_slew4/X (sky130_fd_sc_hd__buf_12)
   104    0.35                           net815 (net)
                  0.40    0.02    5.04 ^ load_slew3/A (sky130_fd_sc_hd__buf_12)
                  0.39    0.41    5.45 ^ load_slew3/X (sky130_fd_sc_hd__buf_12)
   108    0.35                           net814 (net)
                  0.40    0.05    5.50 ^ _7323_/RESET_B (sky130_fd_sc_hd__dfrtp_4)
                                  5.50   data arrival time

                         16.00   16.00   clock clk (rise edge)
                          0.00   16.00   clock source latency
                  0.21    0.14   16.14 ^ clk (in)
     2    0.05                           clk (net)
                  0.22    0.00   16.14 ^ clkbuf_0_clk/A (sky130_fd_sc_hd__clkbuf_16)
                  0.19    0.28   16.42 ^ clkbuf_0_clk/X (sky130_fd_sc_hd__clkbuf_16)
    16    0.17                           clknet_0_clk (net)
                  0.19    0.01   16.43 ^ clkbuf_3_5__f_clk/A (sky130_fd_sc_hd__clkbuf_16)
                  0.17    0.25   16.68 ^ clkbuf_3_5__f_clk/X (sky130_fd_sc_hd__clkbuf_16)
    22    0.15                           clknet_3_5__leaf_clk (net)
                  0.17    0.01   16.69 ^ clkbuf_leaf_67_clk/A (sky130_fd_sc_hd__clkbuf_16)
                  0.04    0.16   16.84 ^ clkbuf_leaf_67_clk/X (sky130_fd_sc_hd__clkbuf_16)
     5    0.02                           clknet_leaf_67_clk (net)
                  0.04    0.00   16.84 ^ _7323_/CLK (sky130_fd_sc_hd__dfrtp_4)
                         -0.25   16.59   clock uncertainty
                          0.00   16.59   clock reconvergence pessimism
                          0.10   16.70   library recovery time
                                 16.70   data required time
-----------------------------------------------------------------------------
                                 16.70   data required time
                                 -5.50   data arrival time
-----------------------------------------------------------------------------
                                 11.19   slack (MET)


Startpoint: _6923_ (rising edge-triggered flip-flop clocked by clk)
Endpoint: psum_out0[6] (output port clocked by clk)
Path Group: clk
Path Type: max
Corner: Typical

Fanout     Cap    Slew   Delay    Time   Description
-----------------------------------------------------------------------------
                          0.00    0.00   clock clk (rise edge)
                          0.00    0.00   clock source latency
                  0.21    0.16    0.16 ^ clk (in)
     2    0.05                           clk (net)
                  0.22    0.00    0.16 ^ clkbuf_0_clk/A (sky130_fd_sc_hd__clkbuf_16)
                  0.19    0.30    0.46 ^ clkbuf_0_clk/X (sky130_fd_sc_hd__clkbuf_16)
    16    0.17                           clknet_0_clk (net)
                  0.19    0.01    0.47 ^ clkbuf_3_6__f_clk/A (sky130_fd_sc_hd__clkbuf_16)
                  0.17    0.29    0.76 ^ clkbuf_3_6__f_clk/X (sky130_fd_sc_hd__clkbuf_16)
    22    0.16                           clknet_3_6__leaf_clk (net)
                  0.17    0.00    0.76 ^ clkbuf_leaf_59_clk/A (sky130_fd_sc_hd__clkbuf_16)
                  0.04    0.17    0.93 ^ clkbuf_leaf_59_clk/X (sky130_fd_sc_hd__clkbuf_16)
     5    0.02                           clknet_leaf_59_clk (net)
                  0.04    0.00    0.93 ^ _6923_/CLK (sky130_fd_sc_hd__dfrtp_1)
                  0.04    0.32    1.26 ^ _6923_/Q (sky130_fd_sc_hd__dfrtp_1)
     1    0.00                           u_fsm.state[0] (net)
                  0.04    0.00    1.26 ^ _3442_/A (sky130_fd_sc_hd__buf_2)
                  0.18    0.22    1.47 ^ _3442_/X (sky130_fd_sc_hd__buf_2)
    10    0.04                           _0718_ (net)
                  0.18    0.00    1.47 ^ _3443_/A (sky130_fd_sc_hd__and2_2)
                  0.16    0.28    1.76 ^ _3443_/X (sky130_fd_sc_hd__and2_2)
     5    0.03                           _0719_ (net)
                  0.16    0.00    1.76 ^ _3444_/B (sky130_fd_sc_hd__nand2_4)
                  0.09    0.12    1.87 v _3444_/Y (sky130_fd_sc_hd__nand2_4)
     5    0.03                           _0720_ (net)
                  0.10    0.00    1.87 v _3455_/B (sky130_fd_sc_hd__nor2_8)
                  0.38    0.34    2.21 ^ _3455_/Y (sky130_fd_sc_hd__nor2_8)
    26    0.10                           _0730_ (net)
                  0.38    0.02    2.23 ^ _3493_/A (sky130_fd_sc_hd__buf_12)
                  0.26    0.33    2.57 ^ _3493_/X (sky130_fd_sc_hd__buf_12)
    48    0.23                           _0755_ (net)
                  0.26    0.01    2.58 ^ _3494_/A (sky130_fd_sc_hd__clkbuf_16)
                  0.21    0.33    2.91 ^ _3494_/X (sky130_fd_sc_hd__clkbuf_16)
    48    0.20                           _0756_ (net)
                  0.21    0.02    2.93 ^ _3514_/A (sky130_fd_sc_hd__buf_12)
                  0.29    0.33    3.26 ^ _3514_/X (sky130_fd_sc_hd__buf_12)
    60    0.26                           _0770_ (net)
                  0.29    0.01    3.27 ^ _3515_/B (sky130_fd_sc_hd__or2_1)
                  0.04    0.15    3.42 ^ _3515_/X (sky130_fd_sc_hd__or2_1)
     1    0.00                           _0771_ (net)
                  0.04    0.00    3.42 ^ _3516_/B1 (sky130_fd_sc_hd__o211a_2)
                  0.30    0.37    3.79 ^ _3516_/X (sky130_fd_sc_hd__o211a_2)
     2    0.05                           net45 (net)
                  0.30    0.01    3.80 ^ output45/A (sky130_fd_sc_hd__clkbuf_4)
                  0.11    0.28    4.08 ^ output45/X (sky130_fd_sc_hd__clkbuf_4)
     1    0.03                           psum_out0[6] (net)
                  0.11    0.00    4.08 ^ psum_out0[6] (out)
                                  4.08   data arrival time

                         16.00   16.00   clock clk (rise edge)
                          0.00   16.00   clock network delay (propagated)
                         -0.25   15.75   clock uncertainty
                          0.00   15.75   clock reconvergence pessimism
                         -3.20   12.55   output external delay
                                 12.55   data required time
-----------------------------------------------------------------------------
                                 12.55   data required time
                                 -4.08   data arrival time
-----------------------------------------------------------------------------
                                  8.47   slack (MET)




===========================================================================
report_checks --slack_max -0.01
============================================================================
======================= Fastest Corner ===================================

No paths found.

======================= Slowest Corner ===================================

No paths found.

======================= Typical Corner ===================================

No paths found.


===========================================================================
 report_check_types -max_slew -max_cap -max_fanout -violators
============================================================================
======================= Fastest Corner ===================================


======================= Slowest Corner ===================================

max slew

Pin                                    Limit    Slew   Slack
------------------------------------------------------------
ANTENNA_output35_A/DIODE                0.75    0.96   -0.21 (VIOLATED)
output35/A                              0.75    0.96   -0.21 (VIOLATED)
_3533_/Y                                0.75    0.96   -0.21 (VIOLATED)
_5136_/B1                               0.75    0.86   -0.11 (VIOLATED)
ANTENNA__5136__B1/DIODE                 0.75    0.86   -0.11 (VIOLATED)
_5153_/B1                               0.75    0.86   -0.11 (VIOLATED)
ANTENNA__5153__B1/DIODE                 0.75    0.86   -0.11 (VIOLATED)
_5831_/A                                0.75    0.86   -0.11 (VIOLATED)
ANTENNA__5831__A/DIODE                  0.75    0.86   -0.11 (VIOLATED)
_5785_/B1                               0.75    0.86   -0.11 (VIOLATED)
ANTENNA__5785__B1/DIODE                 0.75    0.86   -0.11 (VIOLATED)
_5994_/B1                               0.75    0.86   -0.11 (VIOLATED)
ANTENNA__5994__B1/DIODE                 0.75    0.86   -0.11 (VIOLATED)
ANTENNA__5249__B1/DIODE                 0.75    0.86   -0.11 (VIOLATED)
_5249_/B1                               0.75    0.86   -0.11 (VIOLATED)
max_cap71/A                             0.75    0.86   -0.11 (VIOLATED)
ANTENNA_max_cap71_A/DIODE               0.75    0.86   -0.11 (VIOLATED)
max_cap72/A                             0.75    0.86   -0.11 (VIOLATED)
ANTENNA_max_cap72_A/DIODE               0.75    0.86   -0.11 (VIOLATED)
_3697_/Y                                0.75    0.86   -0.11 (VIOLATED)


======================= Typical Corner ===================================



===========================================================================
report_parasitic_annotation -report_unannotated
============================================================================
Found 0 unannotated drivers.
Found 0 partially unannotated drivers.

===========================================================================
max slew violation count 20
max fanout violation count 0
max cap violation count 0
============================================================================

===========================================================================
check_setup -verbose -unconstrained_endpoints -multiple_clock -no_clock -no_input_delay -loops -generated_clocks
===========================================================================
