
===========================================================================
 report_power
============================================================================
======================= Fastest Corner ===================================

Group                  Internal  Switching    Leakage      Total
                          Power      Power      Power      Power (Watts)
----------------------------------------------------------------
Sequential             3.02e-03   9.58e-04   2.50e-06   3.98e-03  25.7%
Combinational          5.71e-03   5.78e-03   5.16e-08   1.15e-02  74.3%
Macro                  0.00e+00   0.00e+00   0.00e+00   0.00e+00   0.0%
Pad                    0.00e+00   0.00e+00   0.00e+00   0.00e+00   0.0%
----------------------------------------------------------------
Total                  8.73e-03   6.74e-03   2.56e-06   1.55e-02 100.0%
                          56.4%      43.6%       0.0%

======================= Slowest Corner ===================================

Group                  Internal  Switching    Leakage      Total
                          Power      Power      Power      Power (Watts)
----------------------------------------------------------------
Sequential             2.04e-03   6.24e-04   1.34e-05   2.67e-03  25.1%
Combinational          4.13e-03   3.83e-03   2.26e-05   7.99e-03  74.9%
Macro                  0.00e+00   0.00e+00   0.00e+00   0.00e+00   0.0%
Pad                    0.00e+00   0.00e+00   0.00e+00   0.00e+00   0.0%
----------------------------------------------------------------
Total                  6.17e-03   4.46e-03   3.60e-05   1.07e-02 100.0%
                          57.9%      41.8%       0.3%

======================= Typical Corner ===================================

Group                  Internal  Switching    Leakage      Total
                          Power      Power      Power      Power (Watts)
----------------------------------------------------------------
Sequential             2.61e-03   8.01e-04   2.50e-06   3.41e-03  25.5%
Combinational          5.09e-03   4.89e-03   2.33e-08   9.98e-03  74.5%
Macro                  0.00e+00   0.00e+00   0.00e+00   0.00e+00   0.0%
Pad                    0.00e+00   0.00e+00   0.00e+00   0.00e+00   0.0%
----------------------------------------------------------------
Total                  7.70e-03   5.69e-03   2.52e-06   1.34e-02 100.0%
                          57.5%      42.5%       0.0%

