****************************************
Report : Averaged Power
	-verbose
Design : top
Version: X-2025.06
Date   : Sat Jan 31 17:41:57 2026
****************************************

Library(s) Used:

    asap7sc7p5t_AO_RVT_TT_nldm_211120 (File: /filespace/v/vsathishkuma/ECE755/Project_Preparation_export/MS_2_Synthesis/asap7sc7p5t_28/LIB/NLDM/asap7sc7p5t_AO_RVT_TT_nldm_211120.db)
    asap7sc7p5t_OA_RVT_TT_nldm_211120 (File: /filespace/v/vsathishkuma/ECE755/Project_Preparation_export/MS_2_Synthesis/asap7sc7p5t_28/LIB/NLDM/asap7sc7p5t_OA_RVT_TT_nldm_211120.db)
    asap7sc7p5t_SIMPLE_RVT_TT_nldm_211120 (File: /filespace/v/vsathishkuma/ECE755/Project_Preparation_export/MS_2_Synthesis/asap7sc7p5t_28/LIB/NLDM/asap7sc7p5t_SIMPLE_RVT_TT_nldm_211120.db)
    asap7sc7p5t_INVBUF_RVT_TT_nldm_211120 (File: /filespace/v/vsathishkuma/ECE755/Project_Preparation_export/MS_2_Synthesis/asap7sc7p5t_28/LIB/NLDM/asap7sc7p5t_INVBUF_RVT_TT_nldm_211120.db)
    asap7sc7p5t_SEQ_RVT_TT_nldm_220123 (File: /filespace/v/vsathishkuma/ECE755/Project_Preparation_export/MS_2_Synthesis/asap7sc7p5t_28/LIB/NLDM/asap7sc7p5t_SEQ_RVT_TT_nldm_220123.db)


Operating Conditions: PVT_0P7V_25C   Library: asap7sc7p5t_AO_RVT_TT_nldm_211120
Wire Load Model Mode: segmented

<no wire load model is set>

Power-specific unit information :
    Voltage Units = 1 V
    Capacitance Units = 0.001 pf
    Time Units = 0.001 ns
    Dynamic Power Units = 1 W
    Leakage Power Units = 1 W



  Attributes
  ----------
      i  -  Including register clock pin internal power
      u  -  User defined power group

                        Internal  Switching  Leakage    Total
Power Group             Power     Power      Power      Power   (     %)  Attrs
--------------------------------------------------------------------------------
clock_network           1.084e-04 2.796e-05 2.046e-09 1.363e-04 (19.09%)  i
register                1.843e-05 7.066e-06 2.092e-08 2.552e-05 ( 3.57%)  
combinational           1.977e-04 3.540e-04 4.013e-07 5.521e-04 (77.33%)  
sequential                 0.0000    0.0000    0.0000    0.0000 ( 0.00%)  
memory                     0.0000    0.0000    0.0000    0.0000 ( 0.00%)  
io_pad                     0.0000    0.0000    0.0000    0.0000 ( 0.00%)  
black_box                  0.0000    0.0000    0.0000    0.0000 ( 0.00%)  

  Net Switching Power  = 3.890e-04   (54.49%)
  Cell Internal Power  = 3.245e-04   (45.46%)
  Cell Leakage Power   = 4.243e-07   ( 0.06%)
                         ---------
Total Power            = 7.140e-04  (100.00%)

1
