
===========================================================================
report_checks -unconstrained
===========================================================================
======================= Fastest Corner ===================================

Startpoint: rst_n (input port clocked by clk)
Endpoint: _7204_ (recovery check against rising-edge clock clk)
Path Group: asynchronous
Path Type: max
Corner: Fastest

Fanout     Cap    Slew   Delay    Time   Description
-----------------------------------------------------------------------------
                          0.00    0.00   clock clk (rise edge)
                          0.00    0.00   clock network delay (propagated)
                          3.20    3.20 ^ input external delay
                  0.04    0.03    3.23 ^ rst_n (in)
     1    0.01                           rst_n (net)
                  0.04    0.00    3.23 ^ input13/A (sky130_fd_sc_hd__buf_12)
                  0.23    0.18    3.40 ^ input13/X (sky130_fd_sc_hd__buf_12)
    30    0.27                           net13 (net)
                  0.23    0.00    3.41 ^ fanout71/A (sky130_fd_sc_hd__buf_12)
                  0.18    0.19    3.59 ^ fanout71/X (sky130_fd_sc_hd__buf_12)
    32    0.20                           net71 (net)
                  0.18    0.00    3.60 ^ fanout70/A (sky130_fd_sc_hd__buf_6)
                  0.10    0.14    3.73 ^ fanout70/X (sky130_fd_sc_hd__buf_6)
    10    0.06                           net70 (net)
                  0.10    0.00    3.73 ^ load_slew4/A (sky130_fd_sc_hd__buf_12)
                  0.27    0.24    3.97 ^ load_slew4/X (sky130_fd_sc_hd__buf_12)
    60    0.31                           net943 (net)
                  0.27    0.02    3.99 ^ load_slew3/A (sky130_fd_sc_hd__buf_12)
                  0.27    0.25    4.24 ^ load_slew3/X (sky130_fd_sc_hd__buf_12)
    60    0.31                           net942 (net)
                  0.27    0.04    4.27 ^ _7204_/RESET_B (sky130_fd_sc_hd__dfrtp_4)
                                  4.27   data arrival time

                         16.00   16.00   clock clk (rise edge)
                          0.00   16.00   clock source latency
                  0.20    0.14   16.14 ^ clk (in)
     1    0.06                           clk (net)
                  0.21    0.00   16.14 ^ clkbuf_0_clk/A (sky130_fd_sc_hd__clkbuf_16)
                  0.15    0.20   16.33 ^ clkbuf_0_clk/X (sky130_fd_sc_hd__clkbuf_16)
     8    0.18                           clknet_0_clk (net)
                  0.15    0.01   16.34 ^ clkbuf_3_3__f_clk/A (sky130_fd_sc_hd__clkbuf_16)
                  0.15    0.19   16.53 ^ clkbuf_3_3__f_clk/X (sky130_fd_sc_hd__clkbuf_16)
    14    0.18                           clknet_3_3__leaf_clk (net)
                  0.15    0.00   16.53 ^ clkbuf_leaf_14_clk/A (sky130_fd_sc_hd__clkbuf_16)
                  0.04    0.12   16.65 ^ clkbuf_leaf_14_clk/X (sky130_fd_sc_hd__clkbuf_16)
    10    0.04                           clknet_leaf_14_clk (net)
                  0.04    0.00   16.65 ^ _7204_/CLK (sky130_fd_sc_hd__dfrtp_4)
                         -0.25   16.40   clock uncertainty
                          0.00   16.40   clock reconvergence pessimism
                          0.06   16.45   library recovery time
                                 16.45   data required time
-----------------------------------------------------------------------------
                                 16.45   data required time
                                 -4.27   data arrival time
-----------------------------------------------------------------------------
                                 12.18   slack (MET)


Startpoint: _7091_ (rising edge-triggered flip-flop clocked by clk)
Endpoint: done (output port clocked by clk)
Path Group: clk
Path Type: max
Corner: Fastest

Fanout     Cap    Slew   Delay    Time   Description
-----------------------------------------------------------------------------
                          0.00    0.00   clock clk (rise edge)
                          0.00    0.00   clock source latency
                  0.20    0.15    0.15 ^ clk (in)
     1    0.06                           clk (net)
                  0.21    0.00    0.15 ^ clkbuf_0_clk/A (sky130_fd_sc_hd__clkbuf_16)
                  0.15    0.22    0.37 ^ clkbuf_0_clk/X (sky130_fd_sc_hd__clkbuf_16)
     8    0.18                           clknet_0_clk (net)
                  0.15    0.01    0.37 ^ clkbuf_3_4__f_clk/A (sky130_fd_sc_hd__clkbuf_16)
                  0.16    0.21    0.59 ^ clkbuf_3_4__f_clk/X (sky130_fd_sc_hd__clkbuf_16)
    15    0.19                           clknet_3_4__leaf_clk (net)
                  0.16    0.00    0.59 ^ clkbuf_leaf_89_clk/A (sky130_fd_sc_hd__clkbuf_16)
                  0.04    0.12    0.71 ^ clkbuf_leaf_89_clk/X (sky130_fd_sc_hd__clkbuf_16)
     7    0.03                           clknet_leaf_89_clk (net)
                  0.04    0.00    0.72 ^ _7091_/CLK (sky130_fd_sc_hd__dfrtp_4)
                  0.15    0.36    1.08 ^ _7091_/Q (sky130_fd_sc_hd__dfrtp_4)
    10    0.07                           u_fsm.state[0] (net)
                  0.15    0.00    1.08 ^ _3553_/B (sky130_fd_sc_hd__and2_1)
                  0.04    0.10    1.18 ^ _3553_/X (sky130_fd_sc_hd__and2_1)
     1    0.00                           _0861_ (net)
                  0.04    0.00    1.18 ^ _3554_/A (sky130_fd_sc_hd__clkbuf_4)
                  0.12    0.16    1.34 ^ _3554_/X (sky130_fd_sc_hd__clkbuf_4)
     7    0.05                           _0862_ (net)
                  0.12    0.00    1.35 ^ _3557_/B (sky130_fd_sc_hd__nand2_8)
                  0.08    0.08    1.42 v _3557_/Y (sky130_fd_sc_hd__nand2_8)
     6    0.07                           _0865_ (net)
                  0.08    0.00    1.42 v _3592_/B (sky130_fd_sc_hd__nor2_2)
                  0.29    0.25    1.68 ^ _3592_/Y (sky130_fd_sc_hd__nor2_2)
     2    0.04                           net35 (net)
                  0.29    0.01    1.68 ^ output35/A (sky130_fd_sc_hd__buf_2)
                  0.13    0.18    1.87 ^ output35/X (sky130_fd_sc_hd__buf_2)
     1    0.03                           done (net)
                  0.13    0.00    1.87 ^ done (out)
                                  1.87   data arrival time

                         16.00   16.00   clock clk (rise edge)
                          0.00   16.00   clock network delay (propagated)
                         -0.25   15.75   clock uncertainty
                          0.00   15.75   clock reconvergence pessimism
                         -3.20   12.55   output external delay
                                 12.55   data required time
-----------------------------------------------------------------------------
                                 12.55   data required time
                                 -1.87   data arrival time
-----------------------------------------------------------------------------
                                 10.68   slack (MET)



======================= Slowest Corner ===================================

Startpoint: rst_n (input port clocked by clk)
Endpoint: _7240_ (recovery check against rising-edge clock clk)
Path Group: asynchronous
Path Type: max
Corner: Slowest

Fanout     Cap    Slew   Delay    Time   Description
-----------------------------------------------------------------------------
                          0.00    0.00   clock clk (rise edge)
                          0.00    0.00   clock network delay (propagated)
                          3.20    3.20 ^ input external delay
                  0.08    0.06    3.26 ^ rst_n (in)
     1    0.01                           rst_n (net)
                  0.08    0.00    3.26 ^ input13/A (sky130_fd_sc_hd__buf_12)
                  0.45    0.45    3.71 ^ input13/X (sky130_fd_sc_hd__buf_12)
    30    0.26                           net13 (net)
                  0.45    0.00    3.71 ^ fanout71/A (sky130_fd_sc_hd__buf_12)
                  0.35    0.55    4.26 ^ fanout71/X (sky130_fd_sc_hd__buf_12)
    32    0.19                           net71 (net)
                  0.35    0.00    4.26 ^ fanout70/A (sky130_fd_sc_hd__buf_6)
                  0.20    0.41    4.67 ^ fanout70/X (sky130_fd_sc_hd__buf_6)
    10    0.06                           net70 (net)
                  0.20    0.00    4.67 ^ load_slew4/A (sky130_fd_sc_hd__buf_12)
                  0.51    0.57    5.24 ^ load_slew4/X (sky130_fd_sc_hd__buf_12)
    60    0.29                           net943 (net)
                  0.51    0.02    5.26 ^ load_slew3/A (sky130_fd_sc_hd__buf_12)
                  0.51    0.69    5.94 ^ load_slew3/X (sky130_fd_sc_hd__buf_12)
    60    0.29                           net942 (net)
                  0.51    0.03    5.97 ^ _7240_/RESET_B (sky130_fd_sc_hd__dfrtp_2)
                                  5.97   data arrival time

                         16.00   16.00   clock clk (rise edge)
                          0.00   16.00   clock source latency
                  0.43    0.29   16.29 ^ clk (in)
     1    0.06                           clk (net)
                  0.43    0.00   16.29 ^ clkbuf_0_clk/A (sky130_fd_sc_hd__clkbuf_16)
                  0.29    0.53   16.81 ^ clkbuf_0_clk/X (sky130_fd_sc_hd__clkbuf_16)
     8    0.18                           clknet_0_clk (net)
                  0.29    0.01   16.82 ^ clkbuf_3_2__f_clk/A (sky130_fd_sc_hd__clkbuf_16)
                  0.26    0.45   17.27 ^ clkbuf_3_2__f_clk/X (sky130_fd_sc_hd__clkbuf_16)
    13    0.16                           clknet_3_2__leaf_clk (net)
                  0.26    0.01   17.28 ^ clkbuf_leaf_15_clk/A (sky130_fd_sc_hd__clkbuf_16)
                  0.07    0.29   17.57 ^ clkbuf_leaf_15_clk/X (sky130_fd_sc_hd__clkbuf_16)
     5    0.02                           clknet_leaf_15_clk (net)
                  0.07    0.00   17.57 ^ _7240_/CLK (sky130_fd_sc_hd__dfrtp_2)
                         -0.25   17.32   clock uncertainty
                          0.00   17.32   clock reconvergence pessimism
                          0.25   17.58   library recovery time
                                 17.58   data required time
-----------------------------------------------------------------------------
                                 17.58   data required time
                                 -5.97   data arrival time
-----------------------------------------------------------------------------
                                 11.60   slack (MET)


Startpoint: rst_n (input port clocked by clk)
Endpoint: _7874_ (rising edge-triggered flip-flop clocked by clk)
Path Group: clk
Path Type: max
Corner: Slowest

Fanout     Cap    Slew   Delay    Time   Description
-----------------------------------------------------------------------------
                          0.00    0.00   clock clk (rise edge)
                          0.00    0.00   clock network delay (propagated)
                          3.20    3.20 ^ input external delay
                  0.08    0.06    3.26 ^ rst_n (in)
     1    0.01                           rst_n (net)
                  0.08    0.00    3.26 ^ input13/A (sky130_fd_sc_hd__buf_12)
                  0.45    0.45    3.71 ^ input13/X (sky130_fd_sc_hd__buf_12)
    30    0.26                           net13 (net)
                  0.46    0.06    3.76 ^ fanout72/A (sky130_fd_sc_hd__buf_12)
                  0.38    0.57    4.34 ^ fanout72/X (sky130_fd_sc_hd__buf_12)
    43    0.21                           net72 (net)
                  0.38    0.00    4.34 ^ load_slew10/A (sky130_fd_sc_hd__buf_12)
                  0.38    0.54    4.88 ^ load_slew10/X (sky130_fd_sc_hd__buf_12)
    41    0.21                           net949 (net)
                  0.38    0.01    4.90 ^ load_slew9/A (sky130_fd_sc_hd__buf_12)
                  0.40    0.56    5.45 ^ load_slew9/X (sky130_fd_sc_hd__buf_12)
    46    0.22                           net948 (net)
                  0.40    0.03    5.48 ^ _3618_/A (sky130_fd_sc_hd__inv_2)
                  0.11    0.21    5.70 v _3618_/Y (sky130_fd_sc_hd__inv_2)
     3    0.01                           _0912_ (net)
                  0.11    0.00    5.70 v _6884_/A (sky130_fd_sc_hd__or4bb_2)
                  0.29    1.72    7.42 v _6884_/X (sky130_fd_sc_hd__or4bb_2)
     4    0.02                           _3422_ (net)
                  0.29    0.00    7.42 v _6912_/A (sky130_fd_sc_hd__or3b_1)
                  0.15    1.00    8.43 v _6912_/X (sky130_fd_sc_hd__or3b_1)
     1    0.00                           _3438_ (net)
                  0.15    0.00    8.43 v _6913_/A (sky130_fd_sc_hd__buf_2)
                  0.13    0.37    8.80 v _6913_/X (sky130_fd_sc_hd__buf_2)
     6    0.03                           _3439_ (net)
                  0.13    0.00    8.80 v _6918_/S (sky130_fd_sc_hd__mux2_1)
                  0.11    0.75    9.55 v _6918_/X (sky130_fd_sc_hd__mux2_1)
     1    0.00                           _3442_ (net)
                  0.11    0.00    9.55 v _6919_/A (sky130_fd_sc_hd__clkbuf_1)
                  0.05    0.19    9.74 v _6919_/X (sky130_fd_sc_hd__clkbuf_1)
     1    0.00                           _0779_ (net)
                  0.05    0.00    9.75 v _7874_/D (sky130_fd_sc_hd__dfxtp_1)
                                  9.75   data arrival time

                         16.00   16.00   clock clk (rise edge)
                          0.00   16.00   clock source latency
                  0.43    0.29   16.29 ^ clk (in)
     1    0.06                           clk (net)
                  0.43    0.00   16.29 ^ clkbuf_0_clk/A (sky130_fd_sc_hd__clkbuf_16)
                  0.29    0.53   16.81 ^ clkbuf_0_clk/X (sky130_fd_sc_hd__clkbuf_16)
     8    0.18                           clknet_0_clk (net)
                  0.29    0.01   16.82 ^ clkbuf_3_1__f_clk/A (sky130_fd_sc_hd__clkbuf_16)
                  0.29    0.47   17.29 ^ clkbuf_3_1__f_clk/X (sky130_fd_sc_hd__clkbuf_16)
    14    0.18                           clknet_3_1__leaf_clk (net)
                  0.29    0.00   17.29 ^ clkbuf_leaf_102_clk/A (sky130_fd_sc_hd__clkbuf_16)
                  0.10    0.33   17.62 ^ clkbuf_leaf_102_clk/X (sky130_fd_sc_hd__clkbuf_16)
    14    0.04                           clknet_leaf_102_clk (net)
                  0.10    0.00   17.62 ^ _7874_/CLK (sky130_fd_sc_hd__dfxtp_1)
                         -0.25   17.37   clock uncertainty
                          0.00   17.37   clock reconvergence pessimism
                         -0.25   17.12   library setup time
                                 17.12   data required time
-----------------------------------------------------------------------------
                                 17.12   data required time
                                 -9.75   data arrival time
-----------------------------------------------------------------------------
                                  7.37   slack (MET)



======================= Typical Corner ===================================

Startpoint: rst_n (input port clocked by clk)
Endpoint: _7240_ (recovery check against rising-edge clock clk)
Path Group: asynchronous
Path Type: max
Corner: Typical

Fanout     Cap    Slew   Delay    Time   Description
-----------------------------------------------------------------------------
                          0.00    0.00   clock clk (rise edge)
                          0.00    0.00   clock network delay (propagated)
                          3.20    3.20 ^ input external delay
                  0.05    0.04    3.24 ^ rst_n (in)
     1    0.01                           rst_n (net)
                  0.05    0.00    3.24 ^ input13/A (sky130_fd_sc_hd__buf_12)
                  0.30    0.26    3.50 ^ input13/X (sky130_fd_sc_hd__buf_12)
    30    0.27                           net13 (net)
                  0.30    0.00    3.50 ^ fanout71/A (sky130_fd_sc_hd__buf_12)
                  0.24    0.30    3.80 ^ fanout71/X (sky130_fd_sc_hd__buf_12)
    32    0.20                           net71 (net)
                  0.24    0.00    3.80 ^ fanout70/A (sky130_fd_sc_hd__buf_6)
                  0.13    0.22    4.02 ^ fanout70/X (sky130_fd_sc_hd__buf_6)
    10    0.06                           net70 (net)
                  0.13    0.00    4.03 ^ load_slew4/A (sky130_fd_sc_hd__buf_12)
                  0.35    0.34    4.37 ^ load_slew4/X (sky130_fd_sc_hd__buf_12)
    60    0.31                           net943 (net)
                  0.35    0.02    4.39 ^ load_slew3/A (sky130_fd_sc_hd__buf_12)
                  0.35    0.39    4.77 ^ load_slew3/X (sky130_fd_sc_hd__buf_12)
    60    0.31                           net942 (net)
                  0.36    0.03    4.81 ^ _7240_/RESET_B (sky130_fd_sc_hd__dfrtp_2)
                                  4.81   data arrival time

                         16.00   16.00   clock clk (rise edge)
                          0.00   16.00   clock source latency
                  0.27    0.18   16.18 ^ clk (in)
     1    0.06                           clk (net)
                  0.27    0.00   16.18 ^ clkbuf_0_clk/A (sky130_fd_sc_hd__clkbuf_16)
                  0.19    0.30   16.48 ^ clkbuf_0_clk/X (sky130_fd_sc_hd__clkbuf_16)
     8    0.18                           clknet_0_clk (net)
                  0.19    0.01   16.49 ^ clkbuf_3_2__f_clk/A (sky130_fd_sc_hd__clkbuf_16)
                  0.17    0.26   16.75 ^ clkbuf_3_2__f_clk/X (sky130_fd_sc_hd__clkbuf_16)
    13    0.16                           clknet_3_2__leaf_clk (net)
                  0.18    0.01   16.75 ^ clkbuf_leaf_15_clk/A (sky130_fd_sc_hd__clkbuf_16)
                  0.04    0.16   16.92 ^ clkbuf_leaf_15_clk/X (sky130_fd_sc_hd__clkbuf_16)
     5    0.02                           clknet_leaf_15_clk (net)
                  0.04    0.00   16.92 ^ _7240_/CLK (sky130_fd_sc_hd__dfrtp_2)
                         -0.25   16.67   clock uncertainty
                          0.00   16.67   clock reconvergence pessimism
                          0.13   16.79   library recovery time
                                 16.79   data required time
-----------------------------------------------------------------------------
                                 16.79   data required time
                                 -4.81   data arrival time
-----------------------------------------------------------------------------
                                 11.98   slack (MET)


Startpoint: _7091_ (rising edge-triggered flip-flop clocked by clk)
Endpoint: done (output port clocked by clk)
Path Group: clk
Path Type: max
Corner: Typical

Fanout     Cap    Slew   Delay    Time   Description
-----------------------------------------------------------------------------
                          0.00    0.00   clock clk (rise edge)
                          0.00    0.00   clock source latency
                  0.27    0.20    0.20 ^ clk (in)
     1    0.06                           clk (net)
                  0.27    0.00    0.20 ^ clkbuf_0_clk/A (sky130_fd_sc_hd__clkbuf_16)
                  0.19    0.33    0.53 ^ clkbuf_0_clk/X (sky130_fd_sc_hd__clkbuf_16)
     8    0.18                           clknet_0_clk (net)
                  0.19    0.01    0.54 ^ clkbuf_3_4__f_clk/A (sky130_fd_sc_hd__clkbuf_16)
                  0.20    0.31    0.84 ^ clkbuf_3_4__f_clk/X (sky130_fd_sc_hd__clkbuf_16)
    15    0.19                           clknet_3_4__leaf_clk (net)
                  0.20    0.00    0.85 ^ clkbuf_leaf_89_clk/A (sky130_fd_sc_hd__clkbuf_16)
                  0.05    0.19    1.04 ^ clkbuf_leaf_89_clk/X (sky130_fd_sc_hd__clkbuf_16)
     7    0.03                           clknet_leaf_89_clk (net)
                  0.05    0.00    1.04 ^ _7091_/CLK (sky130_fd_sc_hd__dfrtp_4)
                  0.20    0.56    1.60 ^ _7091_/Q (sky130_fd_sc_hd__dfrtp_4)
    10    0.07                           u_fsm.state[0] (net)
                  0.20    0.00    1.61 ^ _3553_/B (sky130_fd_sc_hd__and2_1)
                  0.06    0.17    1.78 ^ _3553_/X (sky130_fd_sc_hd__and2_1)
     1    0.00                           _0861_ (net)
                  0.06    0.00    1.78 ^ _3554_/A (sky130_fd_sc_hd__clkbuf_4)
                  0.15    0.23    2.01 ^ _3554_/X (sky130_fd_sc_hd__clkbuf_4)
     7    0.05                           _0862_ (net)
                  0.15    0.00    2.01 ^ _3557_/B (sky130_fd_sc_hd__nand2_8)
                  0.11    0.12    2.13 v _3557_/Y (sky130_fd_sc_hd__nand2_8)
     6    0.07                           _0865_ (net)
                  0.11    0.00    2.13 v _3592_/B (sky130_fd_sc_hd__nor2_2)
                  0.40    0.36    2.50 ^ _3592_/Y (sky130_fd_sc_hd__nor2_2)
     2    0.04                           net35 (net)
                  0.40    0.01    2.50 ^ output35/A (sky130_fd_sc_hd__buf_2)
                  0.17    0.30    2.81 ^ output35/X (sky130_fd_sc_hd__buf_2)
     1    0.03                           done (net)
                  0.17    0.00    2.81 ^ done (out)
                                  2.81   data arrival time

                         16.00   16.00   clock clk (rise edge)
                          0.00   16.00   clock network delay (propagated)
                         -0.25   15.75   clock uncertainty
                          0.00   15.75   clock reconvergence pessimism
                         -3.20   12.55   output external delay
                                 12.55   data required time
-----------------------------------------------------------------------------
                                 12.55   data required time
                                 -2.81   data arrival time
-----------------------------------------------------------------------------
                                  9.74   slack (MET)




===========================================================================
report_checks --slack_max -0.01
============================================================================
======================= Fastest Corner ===================================

No paths found.

======================= Slowest Corner ===================================

No paths found.

======================= Typical Corner ===================================

No paths found.


===========================================================================
 report_check_types -max_slew -max_cap -max_fanout -violators
============================================================================
======================= Fastest Corner ===================================


======================= Slowest Corner ===================================

max slew

Pin                                    Limit    Slew   Slack
------------------------------------------------------------
_6439_/S                                0.75    0.77   -0.02 (VIOLATED)
_6437_/S                                0.75    0.77   -0.02 (VIOLATED)
_3643_/A                                0.75    0.77   -0.02 (VIOLATED)
wire63/A                                0.75    0.77   -0.02 (VIOLATED)
_3642_/Y                                0.75    0.77   -0.02 (VIOLATED)


======================= Typical Corner ===================================



===========================================================================
report_parasitic_annotation -report_unannotated
============================================================================
Found 0 unannotated drivers.
Found 0 partially unannotated drivers.

===========================================================================
max slew violation count 5
max fanout violation count 0
max cap violation count 0
============================================================================

===========================================================================
check_setup -verbose -unconstrained_endpoints -multiple_clock -no_clock -no_input_delay -loops -generated_clocks
===========================================================================
