
===========================================================================
 report_power
============================================================================
======================= Fastest Corner ===================================

Group                  Internal  Switching    Leakage      Total
                          Power      Power      Power      Power (Watts)
----------------------------------------------------------------
Sequential             3.02e-03   9.21e-04   2.50e-06   3.95e-03  25.9%
Combinational          5.71e-03   5.55e-03   5.16e-08   1.13e-02  74.1%
Macro                  0.00e+00   0.00e+00   0.00e+00   0.00e+00   0.0%
Pad                    0.00e+00   0.00e+00   0.00e+00   0.00e+00   0.0%
----------------------------------------------------------------
Total                  8.73e-03   6.47e-03   2.56e-06   1.52e-02 100.0%
                          57.4%      42.6%       0.0%

======================= Slowest Corner ===================================

Group                  Internal  Switching    Leakage      Total
                          Power      Power      Power      Power (Watts)
----------------------------------------------------------------
Sequential             2.04e-03   5.99e-04   1.34e-05   2.65e-03  25.3%
Combinational          4.13e-03   3.68e-03   2.26e-05   7.83e-03  74.7%
Macro                  0.00e+00   0.00e+00   0.00e+00   0.00e+00   0.0%
Pad                    0.00e+00   0.00e+00   0.00e+00   0.00e+00   0.0%
----------------------------------------------------------------
Total                  6.17e-03   4.27e-03   3.60e-05   1.05e-02 100.0%
                          58.9%      40.8%       0.3%

======================= Typical Corner ===================================

Group                  Internal  Switching    Leakage      Total
                          Power      Power      Power      Power (Watts)
----------------------------------------------------------------
Sequential             2.61e-03   7.70e-04   2.50e-06   3.39e-03  25.7%
Combinational          5.09e-03   4.69e-03   2.33e-08   9.78e-03  74.3%
Macro                  0.00e+00   0.00e+00   0.00e+00   0.00e+00   0.0%
Pad                    0.00e+00   0.00e+00   0.00e+00   0.00e+00   0.0%
----------------------------------------------------------------
Total                  7.70e-03   5.46e-03   2.52e-06   1.32e-02 100.0%
                          58.5%      41.5%       0.0%

