
===========================================================================
 report_power
============================================================================
======================= Fastest Corner ===================================

Group                  Internal  Switching    Leakage      Total
                          Power      Power      Power      Power (Watts)
----------------------------------------------------------------
Sequential             3.33e-03   1.04e-03   3.58e-06   4.38e-03  27.2%
Combinational          5.83e-03   5.92e-03   5.88e-08   1.17e-02  72.8%
Macro                  0.00e+00   0.00e+00   0.00e+00   0.00e+00   0.0%
Pad                    0.00e+00   0.00e+00   0.00e+00   0.00e+00   0.0%
----------------------------------------------------------------
Total                  9.16e-03   6.96e-03   3.64e-06   1.61e-02 100.0%
                          56.8%      43.2%       0.0%

======================= Slowest Corner ===================================

Group                  Internal  Switching    Leakage      Total
                          Power      Power      Power      Power (Watts)
----------------------------------------------------------------
Sequential             2.24e-03   6.80e-04   1.59e-05   2.94e-03  26.6%
Combinational          4.18e-03   3.89e-03   2.38e-05   8.09e-03  73.4%
Macro                  0.00e+00   0.00e+00   0.00e+00   0.00e+00   0.0%
Pad                    0.00e+00   0.00e+00   0.00e+00   0.00e+00   0.0%
----------------------------------------------------------------
Total                  6.42e-03   4.57e-03   3.96e-05   1.10e-02 100.0%
                          58.2%      41.4%       0.4%

======================= Typical Corner ===================================

Group                  Internal  Switching    Leakage      Total
                          Power      Power      Power      Power (Watts)
----------------------------------------------------------------
Sequential             2.88e-03   8.73e-04   3.58e-06   3.75e-03  27.0%
Combinational          5.17e-03   4.98e-03   2.62e-08   1.01e-02  73.0%
Macro                  0.00e+00   0.00e+00   0.00e+00   0.00e+00   0.0%
Pad                    0.00e+00   0.00e+00   0.00e+00   0.00e+00   0.0%
----------------------------------------------------------------
Total                  8.05e-03   5.85e-03   3.60e-06   1.39e-02 100.0%
                          57.9%      42.1%       0.0%

