 
****************************************
Report : area
Design : top
Version: X-2025.06
Date   : Wed Apr 22 20:25:46 2026
****************************************

Information: Updating design information... (UID-85)
Library(s) Used:

    asap7sc7p5t_SIMPLE_RVT_TT_nldm_211120 (File: /filespace/v/vsathishkuma/ECE755/ECE_755_Project/Synthesis/asap7sc7p5t_28/LIB/NLDM/asap7sc7p5t_SIMPLE_RVT_TT_nldm_211120.db)
    asap7sc7p5t_INVBUF_RVT_TT_nldm_211120 (File: /filespace/v/vsathishkuma/ECE755/ECE_755_Project/Synthesis/asap7sc7p5t_28/LIB/NLDM/asap7sc7p5t_INVBUF_RVT_TT_nldm_211120.db)
    asap7sc7p5t_AO_RVT_TT_nldm_211120 (File: /filespace/v/vsathishkuma/ECE755/ECE_755_Project/Synthesis/asap7sc7p5t_28/LIB/NLDM/asap7sc7p5t_AO_RVT_TT_nldm_211120.db)
    asap7sc7p5t_OA_RVT_TT_nldm_211120 (File: /filespace/v/vsathishkuma/ECE755/ECE_755_Project/Synthesis/asap7sc7p5t_28/LIB/NLDM/asap7sc7p5t_OA_RVT_TT_nldm_211120.db)
    asap7sc7p5t_SEQ_RVT_TT_nldm_220123 (File: /filespace/v/vsathishkuma/ECE755/ECE_755_Project/Synthesis/asap7sc7p5t_28/LIB/NLDM/asap7sc7p5t_SEQ_RVT_TT_nldm_220123.db)

Number of ports:                           62
Number of nets:                          2834
Number of cells:                         2611
Number of combinational cells:           2010
Number of sequential cells:               601
Number of macros/black boxes:               0
Number of buf/inv:                        388
Number of references:                      42

Combinational area:                192.878819
Buf/Inv area:                       17.773020
Noncombinational area:             218.218858
Macro/Black Box area:                0.000000
Net Interconnect area:      undefined  (No wire load specified)

Total cell area:                   411.097676
Total area:                 undefined

Hierarchical area distribution
------------------------------

                                  Global cell area          Local cell area
                                  ------------------  --------------------------- 
Hierarchical cell                 Absolute   Percent  Combi-    Noncombi-  Black-
                                  Total      Total    national  national   boxes   Design
--------------------------------  ---------  -------  --------  ---------  ------  ---------
top                                411.0977    100.0  192.8788   218.2189  0.0000  top
--------------------------------  ---------  -------  --------  ---------  ------  ---------
Total                                                 192.8788   218.2189  0.0000

1
