 
****************************************
Report : area
Design : top
Version: X-2025.06
Date   : Wed Apr 22 20:23:49 2026
****************************************

Information: Updating design information... (UID-85)
Library(s) Used:

    asap7sc7p5t_SIMPLE_RVT_TT_nldm_211120 (File: /filespace/v/vsathishkuma/ECE755/ECE_755_Project/Synthesis/asap7sc7p5t_28/LIB/NLDM/asap7sc7p5t_SIMPLE_RVT_TT_nldm_211120.db)
    asap7sc7p5t_INVBUF_RVT_TT_nldm_211120 (File: /filespace/v/vsathishkuma/ECE755/ECE_755_Project/Synthesis/asap7sc7p5t_28/LIB/NLDM/asap7sc7p5t_INVBUF_RVT_TT_nldm_211120.db)
    asap7sc7p5t_AO_RVT_TT_nldm_211120 (File: /filespace/v/vsathishkuma/ECE755/ECE_755_Project/Synthesis/asap7sc7p5t_28/LIB/NLDM/asap7sc7p5t_AO_RVT_TT_nldm_211120.db)
    asap7sc7p5t_OA_RVT_TT_nldm_211120 (File: /filespace/v/vsathishkuma/ECE755/ECE_755_Project/Synthesis/asap7sc7p5t_28/LIB/NLDM/asap7sc7p5t_OA_RVT_TT_nldm_211120.db)
    asap7sc7p5t_SEQ_RVT_TT_nldm_220123 (File: /filespace/v/vsathishkuma/ECE755/ECE_755_Project/Synthesis/asap7sc7p5t_28/LIB/NLDM/asap7sc7p5t_SEQ_RVT_TT_nldm_220123.db)

Number of ports:                           62
Number of nets:                          3200
Number of cells:                         2977
Number of combinational cells:           2344
Number of sequential cells:               633
Number of macros/black boxes:               0
Number of buf/inv:                        601
Number of references:                      47

Combinational area:                206.365319
Buf/Inv area:                       27.381240
Noncombinational area:             230.349418
Macro/Black Box area:                0.000000
Net Interconnect area:      undefined  (No wire load specified)

Total cell area:                   436.714736
Total area:                 undefined

Hierarchical area distribution
------------------------------

                                  Global cell area          Local cell area
                                  ------------------  --------------------------- 
Hierarchical cell                 Absolute   Percent  Combi-    Noncombi-  Black-
                                  Total      Total    national  national   boxes   Design
--------------------------------  ---------  -------  --------  ---------  ------  ---------
top                                436.7147    100.0  206.3653   230.3494  0.0000  top
--------------------------------  ---------  -------  --------  ---------  ------  ---------
Total                                                 206.3653   230.3494  0.0000

1
