
===========================================================================
 report_power
============================================================================
======================= Fastest Corner ===================================

Group                  Internal  Switching    Leakage      Total
                          Power      Power      Power      Power (Watts)
----------------------------------------------------------------
Sequential             3.01e-03   9.95e-04   2.50e-06   4.01e-03  25.5%
Combinational          5.72e-03   6.01e-03   5.16e-08   1.17e-02  74.5%
Macro                  0.00e+00   0.00e+00   0.00e+00   0.00e+00   0.0%
Pad                    0.00e+00   0.00e+00   0.00e+00   0.00e+00   0.0%
----------------------------------------------------------------
Total                  8.73e-03   7.01e-03   2.56e-06   1.57e-02 100.0%
                          55.5%      44.5%       0.0%

======================= Slowest Corner ===================================

Group                  Internal  Switching    Leakage      Total
                          Power      Power      Power      Power (Watts)
----------------------------------------------------------------
Sequential             2.03e-03   6.49e-04   1.34e-05   2.69e-03  24.9%
Combinational          4.13e-03   3.98e-03   2.26e-05   8.14e-03  75.1%
Macro                  0.00e+00   0.00e+00   0.00e+00   0.00e+00   0.0%
Pad                    0.00e+00   0.00e+00   0.00e+00   0.00e+00   0.0%
----------------------------------------------------------------
Total                  6.16e-03   4.63e-03   3.60e-05   1.08e-02 100.0%
                          56.9%      42.8%       0.3%

======================= Typical Corner ===================================

Group                  Internal  Switching    Leakage      Total
                          Power      Power      Power      Power (Watts)
----------------------------------------------------------------
Sequential             2.60e-03   8.34e-04   2.50e-06   3.44e-03  25.3%
Combinational          5.09e-03   5.08e-03   2.33e-08   1.02e-02  74.7%
Macro                  0.00e+00   0.00e+00   0.00e+00   0.00e+00   0.0%
Pad                    0.00e+00   0.00e+00   0.00e+00   0.00e+00   0.0%
----------------------------------------------------------------
Total                  7.70e-03   5.92e-03   2.52e-06   1.36e-02 100.0%
                          56.5%      43.5%       0.0%

