
===========================================================================
 report_power
============================================================================
======================= Fastest Corner ===================================

Group                  Internal  Switching    Leakage      Total
                          Power      Power      Power      Power (Watts)
----------------------------------------------------------------
Sequential             3.32e-03   1.09e-03   3.58e-06   4.41e-03  26.9%
Combinational          5.83e-03   6.17e-03   5.88e-08   1.20e-02  73.1%
Macro                  0.00e+00   0.00e+00   0.00e+00   0.00e+00   0.0%
Pad                    0.00e+00   0.00e+00   0.00e+00   0.00e+00   0.0%
----------------------------------------------------------------
Total                  9.16e-03   7.25e-03   3.64e-06   1.64e-02 100.0%
                          55.8%      44.2%       0.0%

======================= Slowest Corner ===================================

Group                  Internal  Switching    Leakage      Total
                          Power      Power      Power      Power (Watts)
----------------------------------------------------------------
Sequential             2.24e-03   7.09e-04   1.59e-05   2.96e-03  26.4%
Combinational          4.18e-03   4.05e-03   2.38e-05   8.26e-03  73.6%
Macro                  0.00e+00   0.00e+00   0.00e+00   0.00e+00   0.0%
Pad                    0.00e+00   0.00e+00   0.00e+00   0.00e+00   0.0%
----------------------------------------------------------------
Total                  6.42e-03   4.76e-03   3.96e-05   1.12e-02 100.0%
                          57.2%      42.4%       0.4%

======================= Typical Corner ===================================

Group                  Internal  Switching    Leakage      Total
                          Power      Power      Power      Power (Watts)
----------------------------------------------------------------
Sequential             2.87e-03   9.10e-04   3.58e-06   3.79e-03  26.8%
Combinational          5.17e-03   5.19e-03   2.62e-08   1.04e-02  73.2%
Macro                  0.00e+00   0.00e+00   0.00e+00   0.00e+00   0.0%
Pad                    0.00e+00   0.00e+00   0.00e+00   0.00e+00   0.0%
----------------------------------------------------------------
Total                  8.04e-03   6.10e-03   3.60e-06   1.41e-02 100.0%
                          56.8%      43.1%       0.0%

