
Reading SDC version 2.2...
Warning: No port objects matched 'w_in[0][1]' (SEL-004)
Error: Nothing matched for ports (SEL-005)
Error: Nothing matched for object_list (SEL-005)
Warning: No port objects matched 'w_in[0][0]' (SEL-004)
Error: Nothing matched for ports (SEL-005)
Error: Nothing matched for object_list (SEL-005)
Warning: No port objects matched 'w_in[1][1]' (SEL-004)
Error: Nothing matched for ports (SEL-005)
Error: Nothing matched for object_list (SEL-005)
Warning: No port objects matched 'w_in[1][0]' (SEL-004)
Error: Nothing matched for ports (SEL-005)
Error: Nothing matched for object_list (SEL-005)
Warning: No port objects matched 'w_in[2][1]' (SEL-004)
Error: Nothing matched for ports (SEL-005)
Error: Nothing matched for object_list (SEL-005)
Warning: No port objects matched 'w_in[2][0]' (SEL-004)
Error: Nothing matched for ports (SEL-005)
Error: Nothing matched for object_list (SEL-005)
Warning: No port objects matched 'w_in[3][1]' (SEL-004)
Error: Nothing matched for ports (SEL-005)
Error: Nothing matched for object_list (SEL-005)
Warning: No port objects matched 'w_in[3][0]' (SEL-004)
Error: Nothing matched for ports (SEL-005)
Error: Nothing matched for object_list (SEL-005)
1
