    Hinst Name                                                 Module Name                                          Inst Count           Total Area
------------------------------------------------------------------------------------------------------------------------------------------------
top                                                                                                                       5275            10286.948
 u_fsm/clk_gate_v_cnt_reg                                      SNPS_CLOCK_GATE_HIGH_zigzag_fsm                               0                0.000
 u_pe_array/g_pe_row[0].g_pe_col[0].u_pe/clk_gate_move_reg_reg SNPS_CLOCK_GATE_HIGH_pe_DATA_W6_WEIGHT_W2_ACC_W13_31          0                0.000
 u_pe_array/g_pe_row[0].g_pe_col[0].u_pe/clk_gate_psum_out_reg SNPS_CLOCK_GATE_HIGH_pe_DATA_W6_WEIGHT_W2_ACC_W13_0           0                0.000
 u_pe_array/g_pe_row[0].g_pe_col[1].u_pe/clk_gate_move_reg_reg SNPS_CLOCK_GATE_HIGH_pe_DATA_W6_WEIGHT_W2_ACC_W13_29          0                0.000
 u_pe_array/g_pe_row[0].g_pe_col[1].u_pe/clk_gate_psum_out_reg SNPS_CLOCK_GATE_HIGH_pe_DATA_W6_WEIGHT_W2_ACC_W13_30          0                0.000
 u_pe_array/g_pe_row[0].g_pe_col[2].u_pe/clk_gate_move_reg_reg SNPS_CLOCK_GATE_HIGH_pe_DATA_W6_WEIGHT_W2_ACC_W13_27          0                0.000
 u_pe_array/g_pe_row[0].g_pe_col[2].u_pe/clk_gate_psum_out_reg SNPS_CLOCK_GATE_HIGH_pe_DATA_W6_WEIGHT_W2_ACC_W13_28          0                0.000
 u_pe_array/g_pe_row[0].g_pe_col[3].u_pe/clk_gate_move_reg_reg SNPS_CLOCK_GATE_HIGH_pe_DATA_W6_WEIGHT_W2_ACC_W13_25          0                0.000
 u_pe_array/g_pe_row[0].g_pe_col[3].u_pe/clk_gate_psum_out_reg SNPS_CLOCK_GATE_HIGH_pe_DATA_W6_WEIGHT_W2_ACC_W13_26          0                0.000
 u_pe_array/g_pe_row[1].g_pe_col[0].u_pe/clk_gate_move_reg_reg SNPS_CLOCK_GATE_HIGH_pe_DATA_W6_WEIGHT_W2_ACC_W13_23          0                0.000
 u_pe_array/g_pe_row[1].g_pe_col[0].u_pe/clk_gate_psum_out_reg SNPS_CLOCK_GATE_HIGH_pe_DATA_W6_WEIGHT_W2_ACC_W13_24          0                0.000
 u_pe_array/g_pe_row[1].g_pe_col[1].u_pe/clk_gate_move_reg_reg SNPS_CLOCK_GATE_HIGH_pe_DATA_W6_WEIGHT_W2_ACC_W13_21          0                0.000
 u_pe_array/g_pe_row[1].g_pe_col[1].u_pe/clk_gate_psum_out_reg SNPS_CLOCK_GATE_HIGH_pe_DATA_W6_WEIGHT_W2_ACC_W13_22          0                0.000
 u_pe_array/g_pe_row[1].g_pe_col[2].u_pe/clk_gate_move_reg_reg SNPS_CLOCK_GATE_HIGH_pe_DATA_W6_WEIGHT_W2_ACC_W13_19          0                0.000
 u_pe_array/g_pe_row[1].g_pe_col[2].u_pe/clk_gate_psum_out_reg SNPS_CLOCK_GATE_HIGH_pe_DATA_W6_WEIGHT_W2_ACC_W13_20          0                0.000
 u_pe_array/g_pe_row[1].g_pe_col[3].u_pe/clk_gate_move_reg_reg SNPS_CLOCK_GATE_HIGH_pe_DATA_W6_WEIGHT_W2_ACC_W13_17          0                0.000
 u_pe_array/g_pe_row[1].g_pe_col[3].u_pe/clk_gate_psum_out_reg SNPS_CLOCK_GATE_HIGH_pe_DATA_W6_WEIGHT_W2_ACC_W13_18          0                0.000
 u_pe_array/g_pe_row[2].g_pe_col[0].u_pe/clk_gate_move_reg_reg SNPS_CLOCK_GATE_HIGH_pe_DATA_W6_WEIGHT_W2_ACC_W13_15          0                0.000
 u_pe_array/g_pe_row[2].g_pe_col[0].u_pe/clk_gate_psum_out_reg SNPS_CLOCK_GATE_HIGH_pe_DATA_W6_WEIGHT_W2_ACC_W13_16          0                0.000
 u_pe_array/g_pe_row[2].g_pe_col[1].u_pe/clk_gate_move_reg_reg SNPS_CLOCK_GATE_HIGH_pe_DATA_W6_WEIGHT_W2_ACC_W13_13          0                0.000
 u_pe_array/g_pe_row[2].g_pe_col[1].u_pe/clk_gate_psum_out_reg SNPS_CLOCK_GATE_HIGH_pe_DATA_W6_WEIGHT_W2_ACC_W13_14          0                0.000
 u_pe_array/g_pe_row[2].g_pe_col[2].u_pe/clk_gate_move_reg_reg SNPS_CLOCK_GATE_HIGH_pe_DATA_W6_WEIGHT_W2_ACC_W13_11          0                0.000
 u_pe_array/g_pe_row[2].g_pe_col[2].u_pe/clk_gate_psum_out_reg SNPS_CLOCK_GATE_HIGH_pe_DATA_W6_WEIGHT_W2_ACC_W13_12          0                0.000
 u_pe_array/g_pe_row[2].g_pe_col[3].u_pe/clk_gate_move_reg_reg SNPS_CLOCK_GATE_HIGH_pe_DATA_W6_WEIGHT_W2_ACC_W13_9           0                0.000
 u_pe_array/g_pe_row[2].g_pe_col[3].u_pe/clk_gate_psum_out_reg SNPS_CLOCK_GATE_HIGH_pe_DATA_W6_WEIGHT_W2_ACC_W13_10          0                0.000
 u_pe_array/g_pe_row[3].g_pe_col[0].u_pe/clk_gate_move_reg_reg SNPS_CLOCK_GATE_HIGH_pe_DATA_W6_WEIGHT_W2_ACC_W13_7           0                0.000
 u_pe_array/g_pe_row[3].g_pe_col[0].u_pe/clk_gate_psum_out_reg SNPS_CLOCK_GATE_HIGH_pe_DATA_W6_WEIGHT_W2_ACC_W13_8           0                0.000
 u_pe_array/g_pe_row[3].g_pe_col[1].u_pe/clk_gate_move_reg_reg SNPS_CLOCK_GATE_HIGH_pe_DATA_W6_WEIGHT_W2_ACC_W13_5           0                0.000
 u_pe_array/g_pe_row[3].g_pe_col[1].u_pe/clk_gate_psum_out_reg SNPS_CLOCK_GATE_HIGH_pe_DATA_W6_WEIGHT_W2_ACC_W13_6           0                0.000
 u_pe_array/g_pe_row[3].g_pe_col[2].u_pe/clk_gate_move_reg_reg SNPS_CLOCK_GATE_HIGH_pe_DATA_W6_WEIGHT_W2_ACC_W13_3           0                0.000
 u_pe_array/g_pe_row[3].g_pe_col[2].u_pe/clk_gate_psum_out_reg SNPS_CLOCK_GATE_HIGH_pe_DATA_W6_WEIGHT_W2_ACC_W13_4           0                0.000
 u_pe_array/g_pe_row[3].g_pe_col[3].u_pe/clk_gate_move_reg_reg SNPS_CLOCK_GATE_HIGH_pe_DATA_W6_WEIGHT_W2_ACC_W13_1           0                0.000
 u_pe_array/g_pe_row[3].g_pe_col[3].u_pe/clk_gate_psum_out_reg SNPS_CLOCK_GATE_HIGH_pe_DATA_W6_WEIGHT_W2_ACC_W13_2           0                0.000
 u_pe_array/u_fifo1/clk_gate_buffer_reg[0]                     SNPS_CLOCK_GATE_HIGH_fifo9_DATA_W13_0                         0                0.000
 u_pe_array/u_fifo1/clk_gate_buffer_reg[1]                     SNPS_CLOCK_GATE_HIGH_fifo9_DATA_W13_23                        0                0.000
 u_pe_array/u_fifo1/clk_gate_buffer_reg[2]                     SNPS_CLOCK_GATE_HIGH_fifo9_DATA_W13_22                        0                0.000
 u_pe_array/u_fifo1/clk_gate_buffer_reg[3]                     SNPS_CLOCK_GATE_HIGH_fifo9_DATA_W13_21                        0                0.000
 u_pe_array/u_fifo1/clk_gate_buffer_reg[4]                     SNPS_CLOCK_GATE_HIGH_fifo9_DATA_W13_20                        0                0.000
 u_pe_array/u_fifo1/clk_gate_buffer_reg[5]                     SNPS_CLOCK_GATE_HIGH_fifo9_DATA_W13_19                        0                0.000
 u_pe_array/u_fifo1/clk_gate_buffer_reg[6]                     SNPS_CLOCK_GATE_HIGH_fifo9_DATA_W13_18                        0                0.000
 u_pe_array/u_fifo1/clk_gate_buffer_reg[7]                     SNPS_CLOCK_GATE_HIGH_fifo9_DATA_W13_17                        0                0.000
 u_pe_array/u_fifo1/clk_gate_buffer_reg[8]                     SNPS_CLOCK_GATE_HIGH_fifo9_DATA_W13_16                        0                0.000
 u_pe_array/u_fifo1/clk_gate_count_reg                         SNPS_CLOCK_GATE_HIGH_fifo9_DATA_W13_13                        0                0.000
 u_pe_array/u_fifo1/clk_gate_rd_ptr_reg                        SNPS_CLOCK_GATE_HIGH_fifo9_DATA_W13_14                        0                0.000
 u_pe_array/u_fifo1/clk_gate_wr_ptr_reg                        SNPS_CLOCK_GATE_HIGH_fifo9_DATA_W13_15                        0                0.000
 u_pe_array/u_fifo2/clk_gate_buffer_reg[0]                     SNPS_CLOCK_GATE_HIGH_fifo9_DATA_W13_12                        0                0.000
 u_pe_array/u_fifo2/clk_gate_buffer_reg[1]                     SNPS_CLOCK_GATE_HIGH_fifo9_DATA_W13_11                        0                0.000
 u_pe_array/u_fifo2/clk_gate_buffer_reg[2]                     SNPS_CLOCK_GATE_HIGH_fifo9_DATA_W13_10                        0                0.000
 u_pe_array/u_fifo2/clk_gate_buffer_reg[3]                     SNPS_CLOCK_GATE_HIGH_fifo9_DATA_W13_9                         0                0.000
 u_pe_array/u_fifo2/clk_gate_buffer_reg[4]                     SNPS_CLOCK_GATE_HIGH_fifo9_DATA_W13_8                         0                0.000
 u_pe_array/u_fifo2/clk_gate_buffer_reg[5]                     SNPS_CLOCK_GATE_HIGH_fifo9_DATA_W13_7                         0                0.000
 u_pe_array/u_fifo2/clk_gate_buffer_reg[6]                     SNPS_CLOCK_GATE_HIGH_fifo9_DATA_W13_6                         0                0.000
 u_pe_array/u_fifo2/clk_gate_buffer_reg[7]                     SNPS_CLOCK_GATE_HIGH_fifo9_DATA_W13_5                         0                0.000
 u_pe_array/u_fifo2/clk_gate_buffer_reg[8]                     SNPS_CLOCK_GATE_HIGH_fifo9_DATA_W13_4                         0                0.000
 u_pe_array/u_fifo2/clk_gate_count_reg                         SNPS_CLOCK_GATE_HIGH_fifo9_DATA_W13_1                         0                0.000
 u_pe_array/u_fifo2/clk_gate_rd_ptr_reg                        SNPS_CLOCK_GATE_HIGH_fifo9_DATA_W13_2                         0                0.000
 u_pe_array/u_fifo2/clk_gate_wr_ptr_reg                        SNPS_CLOCK_GATE_HIGH_fifo9_DATA_W13_3                         0                0.000
