
Power Net Detected:
        Voltage	    Name
             0V	    VSS
           0.7V	    VDD
Using Power View: view_tc.
Load RC corner of view view_tc

Begin Power Analysis

             0V	    VSS
           0.7V	    VDD

Begin Processing Timing Library for Power Calculation

Ended Processing Timing Library for Power Calculation: (cpu=0:00:00, real=0:00:00, mem(process/total/peak)=2821.46MB/5737.34MB/2821.46MB)



Begin Processing Power Net/Grid for Power Calculation

Ended Processing Power Net/Grid for Power Calculation: (cpu=0:00:00, real=0:00:00, mem(process/total/peak)=2821.46MB/5737.34MB/2821.46MB)

Begin Processing Timing Window Data for Power Calculation

clk(500MHz) CK: assigning clock clk to net clk
Ended Processing Timing Window Data for Power Calculation: (cpu=0:00:00, real=0:00:00, mem(process/total/peak)=2821.82MB/5737.34MB/2821.82MB)

Begin Processing User Attributes

Ended Processing User Attributes: (cpu=0:00:00, real=0:00:00, mem(process/total/peak)=2821.82MB/5737.34MB/2821.82MB)

Begin Processing Signal Activity


Starting Levelizing
2026-Apr-10 15:14:28 (2026-Apr-10 20:14:28 GMT)
2026-Apr-10 15:14:28 (2026-Apr-10 20:14:28 GMT): 10%
2026-Apr-10 15:14:28 (2026-Apr-10 20:14:28 GMT): 20%
2026-Apr-10 15:14:28 (2026-Apr-10 20:14:28 GMT): 30%
2026-Apr-10 15:14:28 (2026-Apr-10 20:14:28 GMT): 40%
2026-Apr-10 15:14:28 (2026-Apr-10 20:14:28 GMT): 50%
2026-Apr-10 15:14:28 (2026-Apr-10 20:14:28 GMT): 60%
2026-Apr-10 15:14:28 (2026-Apr-10 20:14:28 GMT): 70%
2026-Apr-10 15:14:28 (2026-Apr-10 20:14:28 GMT): 80%
2026-Apr-10 15:14:28 (2026-Apr-10 20:14:28 GMT): 90%

Finished Levelizing
2026-Apr-10 15:14:28 (2026-Apr-10 20:14:28 GMT)

Starting Activity Propagation
2026-Apr-10 15:14:28 (2026-Apr-10 20:14:28 GMT)
** INFO:  (VOLTUS_POWR-1356): No default input activity has been set. Defaulting to 0.2.
Use 'set_default_switching_activity -input_activity' command to change the default activity value.

2026-Apr-10 15:14:28 (2026-Apr-10 20:14:28 GMT): 10%
2026-Apr-10 15:14:28 (2026-Apr-10 20:14:28 GMT): 20%

Finished Activity Propagation
2026-Apr-10 15:14:29 (2026-Apr-10 20:14:29 GMT)
Ended Processing Signal Activity: (cpu=0:00:00, real=0:00:00, mem(process/total/peak)=2821.82MB/5737.34MB/2821.82MB)

Begin Power Computation

      ----------------------------------------------------------
      # of cell(s) missing both power/leakage table: 0
      # of cell(s) missing power table: 2
      # of cell(s) missing leakage table: 0
      ----------------------------------------------------------
CellName                                  Missing Table(s)
TIEHIx1_ASAP7_75t_R                       internal power, 
TIELOx1_ASAP7_75t_R                       internal power, 



Starting Calculating power
2026-Apr-10 15:14:29 (2026-Apr-10 20:14:29 GMT)
2026-Apr-10 15:14:29 (2026-Apr-10 20:14:29 GMT): 10%
2026-Apr-10 15:14:29 (2026-Apr-10 20:14:29 GMT): 20%
2026-Apr-10 15:14:29 (2026-Apr-10 20:14:29 GMT): 30%
2026-Apr-10 15:14:29 (2026-Apr-10 20:14:29 GMT): 40%
2026-Apr-10 15:14:29 (2026-Apr-10 20:14:29 GMT): 50%
2026-Apr-10 15:14:29 (2026-Apr-10 20:14:29 GMT): 60%
2026-Apr-10 15:14:29 (2026-Apr-10 20:14:29 GMT): 70%
2026-Apr-10 15:14:29 (2026-Apr-10 20:14:29 GMT): 80%
2026-Apr-10 15:14:29 (2026-Apr-10 20:14:29 GMT): 90%

Finished Calculating power
2026-Apr-10 15:14:29 (2026-Apr-10 20:14:29 GMT)
      # of MSMV cell(s) missing power_level: 0
Ended Power Computation: (cpu=0:00:00, real=0:00:00, mem(process/total/peak)=2830.55MB/5825.38MB/2830.55MB)

Begin Processing User Attributes

Ended Processing User Attributes: (cpu=0:00:00, real=0:00:00, mem(process/total/peak)=2830.55MB/5825.38MB/2830.55MB)

Ended Power Analysis: (cpu=0:00:00, real=0:00:00, mem(process/total/peak)=2830.55MB/5825.38MB/2830.55MB)

Begin Boundary Leakage Calculation
Ended Boundary Leakage Calculation: (cpu=0:00:00, real=0:00:00,
mem(process/total/peak)=2830.55MB/5825.38MB/2830.55MB)
Begin Static Power Report Generation
*----------------------------------------------------------------------------------------
*	Innovus 21.19-s058_1 (64bit) 04/04/2024 09:59 (Linux 3.10.0-693.el7.x86_64)
*	
*
* 	Date & Time:	2026-Apr-10 15:14:29 (2026-Apr-10 20:14:29 GMT)
*
*----------------------------------------------------------------------------------------
*
*	Design: top
*
*	Liberty Libraries used:
*	        view_tc: ./asap7sc7p5t_28/LIB/NLDM/asap7sc7p5t_AO_RVT_TT_nldm_211120.lib
*	        view_tc: ./asap7sc7p5t_28/LIB/NLDM/asap7sc7p5t_INVBUF_RVT_TT_nldm_220122.lib
*	        view_tc: ./asap7sc7p5t_28/LIB/NLDM/asap7sc7p5t_OA_RVT_TT_nldm_211120.lib
*	        view_tc: ./asap7sc7p5t_28/LIB/NLDM/asap7sc7p5t_SEQ_RVT_TT_nldm_220123.lib
*	        view_tc: ./asap7sc7p5t_28/LIB/NLDM/asap7sc7p5t_SIMPLE_RVT_TT_nldm_211120.lib
*
*	Parasitic Files used:
*
*       Power View : view_tc
*
*       User-Defined Activity : N.A.
*
*       Activity File: N.A.
*
*       Hierarchical Global Activity: N.A.
*
*       Global Activity: N.A.
*
*       Sequential Element Activity: 0.200000
*
*       Primary Input Activity: 0.200000
*
*       Default icg ratio: N.A.
*
*       Global Comb ClockGate Ratio: N.A.
*
*	Power Units = 1mW
*
*	Time Units = 1e-12 secs
*
*       report_power
*
-----------------------------------------------------------------------------------------
*



Total Power
-----------------------------------------------------------------------------------------
Total Internal Power:        0.28909643 	   55.0629%
Total Switching Power:       0.23532952 	   44.8221%
Total Leakage Power:         0.00060386 	    0.1150%
Total Power:                 0.52502982
-----------------------------------------------------------------------------------------


Group                           Internal   Switching     Leakage       Total  Percentage 
                                Power      Power         Power         Power  (%)        
-----------------------------------------------------------------------------------------
Sequential                        0.1524     0.03222   0.0002038      0.1848        35.2
Macro                                  0           0           0           0           0
IO                                     0           0   1.919e-08   1.919e-08   3.655e-06
Combinational                     0.1364      0.2031   0.0003999        0.34       64.75
Clock (Combinational)          0.0002696           0   1.498e-07   0.0002698     0.05138
Clock (Sequential)                     0           0           0           0           0
-----------------------------------------------------------------------------------------
Total                             0.2891      0.2353   0.0006039       0.525         100
-----------------------------------------------------------------------------------------


Rail                  Voltage   Internal   Switching     Leakage       Total  Percentage 
                                Power      Power         Power         Power  (%)        
-----------------------------------------------------------------------------------------
VDD                       0.7     0.2891      0.2353   0.0006039       0.525         100


Clock                           Internal   Switching     Leakage       Total  Percentage 
                                Power      Power         Power         Power  (%)        
-----------------------------------------------------------------------------------------
clk                            0.0002696           0   1.498e-07   0.0002698     0.05138
-----------------------------------------------------------------------------------------
Total                          0.0002696           0   1.498e-07   0.0002698     0.05138
-----------------------------------------------------------------------------------------
Clock: clk
Clock Period: 0.002000 usec 
Clock Toggle Rate:   999.9999 Mhz 
Clock Static Probability:  0.5000
  
 
 
-----------------------------------------------------------------------------------------
*	Power Distribution Summary: 
*              Highest Average Power:             FE_OFC0_rst_n (BUFx4_ASAP7_75t_R):         0.002193
*              Highest Leakage Power:             u_pe_array/U8 (INVx11_ASAP7_75t_R):        5.565e-07
*                Total Cap:      9.79876e-12 F
*                Total instances in design:  5275
*                Total instances in design with no power:     0
*                Total instances in design with no activty:     0

*                Total Fillers and Decap:     0
-----------------------------------------------------------------------------------------
 
** INFO:  (VOLTUS_POWR-3465): There are 0 decaps and 0 fillers in the design

Ended Static Power Report Generation: (cpu=0:00:00, real=0:00:00,
mem(process/total/peak)=2831.96MB/5825.38MB/2831.96MB)

