
Power Net Detected:
        Voltage	    Name
             0V	    VSS
           0.7V	    VDD
Using Power View: view_tc.
Load RC corner of view view_tc

Begin Power Analysis

             0V	    VSS
           0.7V	    VDD

Begin Processing Timing Library for Power Calculation

Ended Processing Timing Library for Power Calculation: (cpu=0:00:00, real=0:00:00, mem(process/total/peak)=3009.30MB/6053.88MB/3009.30MB)



Begin Processing Power Net/Grid for Power Calculation

Ended Processing Power Net/Grid for Power Calculation: (cpu=0:00:00, real=0:00:00, mem(process/total/peak)=3009.30MB/6053.88MB/3009.30MB)

Begin Processing Timing Window Data for Power Calculation

clk(500MHz) CK: assigning clock clk to net clk
Ended Processing Timing Window Data for Power Calculation: (cpu=0:00:00, real=0:00:00, mem(process/total/peak)=3009.30MB/6053.88MB/3009.30MB)

Begin Processing User Attributes

Ended Processing User Attributes: (cpu=0:00:00, real=0:00:00, mem(process/total/peak)=3009.30MB/6053.88MB/3009.30MB)

Begin Processing Signal Activity


Starting Levelizing
2026-Apr-26 15:08:31 (2026-Apr-26 20:08:31 GMT)
2026-Apr-26 15:08:31 (2026-Apr-26 20:08:31 GMT): 10%
2026-Apr-26 15:08:31 (2026-Apr-26 20:08:31 GMT): 20%
2026-Apr-26 15:08:31 (2026-Apr-26 20:08:31 GMT): 30%
2026-Apr-26 15:08:31 (2026-Apr-26 20:08:31 GMT): 40%
2026-Apr-26 15:08:31 (2026-Apr-26 20:08:31 GMT): 50%
2026-Apr-26 15:08:31 (2026-Apr-26 20:08:31 GMT): 60%
2026-Apr-26 15:08:31 (2026-Apr-26 20:08:31 GMT): 70%
2026-Apr-26 15:08:31 (2026-Apr-26 20:08:31 GMT): 80%
2026-Apr-26 15:08:31 (2026-Apr-26 20:08:31 GMT): 90%

Finished Levelizing
2026-Apr-26 15:08:31 (2026-Apr-26 20:08:31 GMT)

Starting Activity Propagation
2026-Apr-26 15:08:31 (2026-Apr-26 20:08:31 GMT)
** INFO:  (VOLTUS_POWR-1356): No default input activity has been set. Defaulting to 0.2.
Use 'set_default_switching_activity -input_activity' command to change the default activity value.

2026-Apr-26 15:08:31 (2026-Apr-26 20:08:31 GMT): 10%
2026-Apr-26 15:08:31 (2026-Apr-26 20:08:31 GMT): 20%

Finished Activity Propagation
2026-Apr-26 15:08:31 (2026-Apr-26 20:08:31 GMT)
Ended Processing Signal Activity: (cpu=0:00:00, real=0:00:00, mem(process/total/peak)=3009.83MB/6053.88MB/3009.83MB)

Begin Power Computation

      ----------------------------------------------------------
      # of cell(s) missing both power/leakage table: 0
      # of cell(s) missing power table: 1
      # of cell(s) missing leakage table: 0
      ----------------------------------------------------------
CellName                                  Missing Table(s)
TIEHIx1_ASAP7_75t_R                       internal power, 



Starting Calculating power
2026-Apr-26 15:08:31 (2026-Apr-26 20:08:31 GMT)
2026-Apr-26 15:08:31 (2026-Apr-26 20:08:31 GMT): 10%
2026-Apr-26 15:08:31 (2026-Apr-26 20:08:31 GMT): 20%
2026-Apr-26 15:08:31 (2026-Apr-26 20:08:31 GMT): 30%
2026-Apr-26 15:08:31 (2026-Apr-26 20:08:31 GMT): 40%
2026-Apr-26 15:08:31 (2026-Apr-26 20:08:31 GMT): 50%
2026-Apr-26 15:08:31 (2026-Apr-26 20:08:31 GMT): 60%
2026-Apr-26 15:08:31 (2026-Apr-26 20:08:31 GMT): 70%
2026-Apr-26 15:08:31 (2026-Apr-26 20:08:31 GMT): 80%
2026-Apr-26 15:08:31 (2026-Apr-26 20:08:31 GMT): 90%

Finished Calculating power
2026-Apr-26 15:08:31 (2026-Apr-26 20:08:31 GMT)
      # of MSMV cell(s) missing power_level: 0
Ended Power Computation: (cpu=0:00:00, real=0:00:00, mem(process/total/peak)=3018.23MB/6141.91MB/3018.23MB)

Begin Processing User Attributes

Ended Processing User Attributes: (cpu=0:00:00, real=0:00:00, mem(process/total/peak)=3018.23MB/6141.91MB/3018.23MB)

Ended Power Analysis: (cpu=0:00:00, real=0:00:00, mem(process/total/peak)=3018.23MB/6141.91MB/3018.23MB)

Begin Boundary Leakage Calculation
Ended Boundary Leakage Calculation: (cpu=0:00:00, real=0:00:00,
mem(process/total/peak)=3018.23MB/6141.91MB/3018.23MB)
Begin Static Power Report Generation
*----------------------------------------------------------------------------------------
*	Innovus 21.19-s058_1 (64bit) 04/04/2024 09:59 (Linux 3.10.0-693.el7.x86_64)
*	
*
* 	Date & Time:	2026-Apr-26 15:08:32 (2026-Apr-26 20:08:32 GMT)
*
*----------------------------------------------------------------------------------------
*
*	Design: top
*
*	Liberty Libraries used:
*	        view_tc: ./asap7sc7p5t_28/LIB/NLDM/asap7sc7p5t_AO_RVT_TT_nldm_211120.lib
*	        view_tc: ./asap7sc7p5t_28/LIB/NLDM/asap7sc7p5t_INVBUF_RVT_TT_nldm_220122.lib
*	        view_tc: ./asap7sc7p5t_28/LIB/NLDM/asap7sc7p5t_OA_RVT_TT_nldm_211120.lib
*	        view_tc: ./asap7sc7p5t_28/LIB/NLDM/asap7sc7p5t_SEQ_RVT_TT_nldm_220123.lib
*	        view_tc: ./asap7sc7p5t_28/LIB/NLDM/asap7sc7p5t_SIMPLE_RVT_TT_nldm_211120.lib
*
*	Parasitic Files used:
*
*       Power View : view_tc
*
*       User-Defined Activity : N.A.
*
*       Activity File: N.A.
*
*       Hierarchical Global Activity: N.A.
*
*       Global Activity: N.A.
*
*       Sequential Element Activity: 0.200000
*
*       Primary Input Activity: 0.200000
*
*       Default icg ratio: N.A.
*
*       Global Comb ClockGate Ratio: N.A.
*
*	Power Units = 1mW
*
*	Time Units = 1e-12 secs
*
*       report_power
*
-----------------------------------------------------------------------------------------
*



Total Power
-----------------------------------------------------------------------------------------
Total Internal Power:        0.48169355 	   66.7555%
Total Switching Power:       0.23949585 	   33.1905%
Total Leakage Power:         0.00038976 	    0.0540%
Total Power:                 0.72157916
-----------------------------------------------------------------------------------------


Group                           Internal   Switching     Leakage       Total  Percentage 
                                Power      Power         Power         Power  (%)        
-----------------------------------------------------------------------------------------
Sequential                        0.3497     0.03389   0.0001786      0.3838       53.19
Macro                                  0           0           0           0           0
IO                                     0           0   8.768e-10   8.768e-10   1.215e-07
Combinational                    0.09471       0.125   0.0001984      0.2199       30.47
Clock (Combinational)            0.03724     0.08064   1.269e-05      0.1179       16.34
Clock (Sequential)                     0           0           0           0           0
-----------------------------------------------------------------------------------------
Total                             0.4817      0.2395   0.0003898      0.7216         100
-----------------------------------------------------------------------------------------


Rail                  Voltage   Internal   Switching     Leakage       Total  Percentage 
                                Power      Power         Power         Power  (%)        
-----------------------------------------------------------------------------------------
VDD                       0.7     0.4817      0.2395   0.0003898      0.7216         100


Clock                           Internal   Switching     Leakage       Total  Percentage 
                                Power      Power         Power         Power  (%)        
-----------------------------------------------------------------------------------------
clk                              0.03724     0.08064   1.269e-05      0.1179       16.34
-----------------------------------------------------------------------------------------
Total                            0.03724     0.08064   1.269e-05      0.1179       16.34
-----------------------------------------------------------------------------------------
Clock: clk
Clock Period: 0.002000 usec 
Clock Toggle Rate:   999.9999 Mhz 
Clock Static Probability:  0.5000
  
 
 
-----------------------------------------------------------------------------------------
*	Power Distribution Summary: 
*              Highest Average Power:       CTS_ccl_a_buf_00003 (BUFx16f_ASAP7_75t_R):          0.01092
*              Highest Leakage Power: CTS_ccl_a_buf_00006_clone (BUFx16f_ASAP7_75t_R):        1.023e-06
*                Total Cap:      6.08538e-12 F
*                Total instances in design:  2721
*                Total instances in design with no power:     0
*                Total instances in design with no activty:     0

*                Total Fillers and Decap:     0
-----------------------------------------------------------------------------------------
 
** INFO:  (VOLTUS_POWR-3465): There are 0 decaps and 0 fillers in the design

Ended Static Power Report Generation: (cpu=0:00:00, real=0:00:00,
mem(process/total/peak)=3019.62MB/6141.91MB/3019.62MB)

