 
****************************************
Report : timing
        -path full
        -delay max
        -max_paths 20
Design : top
Version: X-2025.06
Date   : Wed Apr 22 20:23:51 2026
****************************************

Operating Conditions: PVT_0P7V_25C   Library: asap7sc7p5t_AO_RVT_TT_nldm_211120
Wire Load Model Mode: segmented

  Startpoint: u_fsm/state_reg[0]
              (rising edge-triggered flip-flop clocked by clk)
  Endpoint: u_pe_array/en_latched_reg
            (negative level-sensitive latch clocked by clk)
  Path Group: clk
  Path Type: max

  Point                                                   Incr       Path
  --------------------------------------------------------------------------
  clock clk (rise edge)                                   0.00       0.00
  clock network delay (ideal)                             0.00       0.00
  u_fsm/state_reg[0]/CLK (DFFASRHQNx1_ASAP7_75t_R)        0.00       0.00 r
  u_fsm/state_reg[0]/QN (DFFASRHQNx1_ASAP7_75t_R)        70.96      70.96 r
  U982/Y (INVx1_ASAP7_75t_R)                             20.53      91.49 f
  U2236/Y (NOR3xp33_ASAP7_75t_R)                         17.93     109.41 r
  U2235/Y (HB1xp67_ASAP7_75t_R)                          28.16     137.57 r
  U2117/Y (INVx1_ASAP7_75t_R)                             9.84     147.41 f
  U2086/Y (HB1xp67_ASAP7_75t_R)                          26.45     173.85 f
  U821/Y (NAND2xp5_ASAP7_75t_R)                          20.00     193.85 r
  u_pe_array/en_latched_reg/D (DLLx1_ASAP7_75t_R)         0.00     193.85 r
  data arrival time                                                193.85

  clock clk (fall edge)                                1000.00    1000.00
  clock network delay (ideal)                             0.00    1000.00
  clock uncertainty                                      -0.01     999.99
  u_pe_array/en_latched_reg/CLK (DLLx1_ASAP7_75t_R)       0.00     999.99 f
  time borrowed from endpoint                             0.00     999.99
  data required time                                               999.99
  --------------------------------------------------------------------------
  data required time                                               999.99
  data arrival time                                               -193.85
  --------------------------------------------------------------------------
  slack (MET)                                                      806.14

  Time Borrowing Information
  --------------------------------------------------------------
  clk nominal pulse width                              1000.00   
  library setup time                                    -14.56   
  --------------------------------------------------------------
  max time borrow                                       985.44   
  actual time borrow                                      0.00   
  --------------------------------------------------------------


  Startpoint: u_fsm/state_reg[1]
              (rising edge-triggered flip-flop clocked by clk)
  Endpoint: u_pe_array/g_pe_row[3].g_pe_col[0].u_pe/move_reg_reg[1]
            (rising edge-triggered flip-flop clocked by clk)
  Path Group: clk
  Path Type: max

  Point                                                   Incr       Path
  --------------------------------------------------------------------------
  clock clk (rise edge)                                   0.00       0.00
  clock network delay (ideal)                             0.00       0.00
  u_fsm/state_reg[1]/CLK (DFFASRHQNx1_ASAP7_75t_R)        0.00       0.00 r
  u_fsm/state_reg[1]/QN (DFFASRHQNx1_ASAP7_75t_R)        79.32      79.32 f
  U981/Y (INVx1_ASAP7_75t_R)                             31.03     110.35 r
  U2184/Y (NOR2xp33_ASAP7_75t_R)                         28.22     138.57 f
  U977/Y (INVx1_ASAP7_75t_R)                             19.57     158.14 r
  U2186/Y (NOR2xp33_ASAP7_75t_R)                        128.02     286.16 f
  U2185/Y (HB1xp67_ASAP7_75t_R)                          81.67     367.83 f
  U2115/Y (INVx1_ASAP7_75t_R)                            17.41     385.24 r
  U2098/Y (HB1xp67_ASAP7_75t_R)                         154.38     539.62 r
  U2599/Y (NOR2xp33_ASAP7_75t_R)                        161.69     701.32 f
  U2218/Y (NOR2xp33_ASAP7_75t_R)                        134.10     835.42 r
  U1488/Y (AO222x2_ASAP7_75t_R)                          56.90     892.32 r
  U2387/Y (AOI22xp5_ASAP7_75t_R)                         13.29     905.60 f
  u_pe_array/g_pe_row[3].g_pe_col[0].u_pe/move_reg_reg[1]/D (DFFASRHQNx1_ASAP7_75t_R)
                                                          0.00     905.60 f
  data arrival time                                                905.60

  clock clk (rise edge)                                2000.00    2000.00
  clock network delay (ideal)                             0.00    2000.00
  clock uncertainty                                      -0.01    1999.99
  u_pe_array/g_pe_row[3].g_pe_col[0].u_pe/move_reg_reg[1]/CLK (DFFASRHQNx1_ASAP7_75t_R)
                                                          0.00    1999.99 r
  library setup time                                     -0.84    1999.15
  data required time                                              1999.15
  --------------------------------------------------------------------------
  data required time                                              1999.15
  data arrival time                                               -905.60
  --------------------------------------------------------------------------
  slack (MET)                                                     1093.54


  Startpoint: u_fsm/state_reg[1]
              (rising edge-triggered flip-flop clocked by clk)
  Endpoint: u_pe_array/g_pe_row[3].g_pe_col[0].u_pe/move_reg_reg[2]
            (rising edge-triggered flip-flop clocked by clk)
  Path Group: clk
  Path Type: max

  Point                                                   Incr       Path
  --------------------------------------------------------------------------
  clock clk (rise edge)                                   0.00       0.00
  clock network delay (ideal)                             0.00       0.00
  u_fsm/state_reg[1]/CLK (DFFASRHQNx1_ASAP7_75t_R)        0.00       0.00 r
  u_fsm/state_reg[1]/QN (DFFASRHQNx1_ASAP7_75t_R)        79.32      79.32 f
  U981/Y (INVx1_ASAP7_75t_R)                             31.03     110.35 r
  U2184/Y (NOR2xp33_ASAP7_75t_R)                         28.22     138.57 f
  U977/Y (INVx1_ASAP7_75t_R)                             19.57     158.14 r
  U2186/Y (NOR2xp33_ASAP7_75t_R)                        128.02     286.16 f
  U2185/Y (HB1xp67_ASAP7_75t_R)                          81.67     367.83 f
  U2115/Y (INVx1_ASAP7_75t_R)                            17.41     385.24 r
  U2098/Y (HB1xp67_ASAP7_75t_R)                         154.38     539.62 r
  U2599/Y (NOR2xp33_ASAP7_75t_R)                        161.69     701.32 f
  U2218/Y (NOR2xp33_ASAP7_75t_R)                        134.10     835.42 r
  U1489/Y (AO222x2_ASAP7_75t_R)                          56.90     892.32 r
  U2386/Y (AOI22xp5_ASAP7_75t_R)                         13.29     905.60 f
  u_pe_array/g_pe_row[3].g_pe_col[0].u_pe/move_reg_reg[2]/D (DFFASRHQNx1_ASAP7_75t_R)
                                                          0.00     905.60 f
  data arrival time                                                905.60

  clock clk (rise edge)                                2000.00    2000.00
  clock network delay (ideal)                             0.00    2000.00
  clock uncertainty                                      -0.01    1999.99
  u_pe_array/g_pe_row[3].g_pe_col[0].u_pe/move_reg_reg[2]/CLK (DFFASRHQNx1_ASAP7_75t_R)
                                                          0.00    1999.99 r
  library setup time                                     -0.84    1999.15
  data required time                                              1999.15
  --------------------------------------------------------------------------
  data required time                                              1999.15
  data arrival time                                               -905.60
  --------------------------------------------------------------------------
  slack (MET)                                                     1093.54


  Startpoint: u_fsm/state_reg[1]
              (rising edge-triggered flip-flop clocked by clk)
  Endpoint: u_pe_array/g_pe_row[3].g_pe_col[0].u_pe/move_reg_reg[3]
            (rising edge-triggered flip-flop clocked by clk)
  Path Group: clk
  Path Type: max

  Point                                                   Incr       Path
  --------------------------------------------------------------------------
  clock clk (rise edge)                                   0.00       0.00
  clock network delay (ideal)                             0.00       0.00
  u_fsm/state_reg[1]/CLK (DFFASRHQNx1_ASAP7_75t_R)        0.00       0.00 r
  u_fsm/state_reg[1]/QN (DFFASRHQNx1_ASAP7_75t_R)        79.32      79.32 f
  U981/Y (INVx1_ASAP7_75t_R)                             31.03     110.35 r
  U2184/Y (NOR2xp33_ASAP7_75t_R)                         28.22     138.57 f
  U977/Y (INVx1_ASAP7_75t_R)                             19.57     158.14 r
  U2186/Y (NOR2xp33_ASAP7_75t_R)                        128.02     286.16 f
  U2185/Y (HB1xp67_ASAP7_75t_R)                          81.67     367.83 f
  U2115/Y (INVx1_ASAP7_75t_R)                            17.41     385.24 r
  U2098/Y (HB1xp67_ASAP7_75t_R)                         154.38     539.62 r
  U2599/Y (NOR2xp33_ASAP7_75t_R)                        161.69     701.32 f
  U2218/Y (NOR2xp33_ASAP7_75t_R)                        134.10     835.42 r
  U1490/Y (AO222x2_ASAP7_75t_R)                          56.90     892.32 r
  U2385/Y (AOI22xp5_ASAP7_75t_R)                         13.29     905.60 f
  u_pe_array/g_pe_row[3].g_pe_col[0].u_pe/move_reg_reg[3]/D (DFFASRHQNx1_ASAP7_75t_R)
                                                          0.00     905.60 f
  data arrival time                                                905.60

  clock clk (rise edge)                                2000.00    2000.00
  clock network delay (ideal)                             0.00    2000.00
  clock uncertainty                                      -0.01    1999.99
  u_pe_array/g_pe_row[3].g_pe_col[0].u_pe/move_reg_reg[3]/CLK (DFFASRHQNx1_ASAP7_75t_R)
                                                          0.00    1999.99 r
  library setup time                                     -0.84    1999.15
  data required time                                              1999.15
  --------------------------------------------------------------------------
  data required time                                              1999.15
  data arrival time                                               -905.60
  --------------------------------------------------------------------------
  slack (MET)                                                     1093.54


  Startpoint: u_fsm/state_reg[1]
              (rising edge-triggered flip-flop clocked by clk)
  Endpoint: u_pe_array/g_pe_row[3].g_pe_col[0].u_pe/move_reg_reg[4]
            (rising edge-triggered flip-flop clocked by clk)
  Path Group: clk
  Path Type: max

  Point                                                   Incr       Path
  --------------------------------------------------------------------------
  clock clk (rise edge)                                   0.00       0.00
  clock network delay (ideal)                             0.00       0.00
  u_fsm/state_reg[1]/CLK (DFFASRHQNx1_ASAP7_75t_R)        0.00       0.00 r
  u_fsm/state_reg[1]/QN (DFFASRHQNx1_ASAP7_75t_R)        79.32      79.32 f
  U981/Y (INVx1_ASAP7_75t_R)                             31.03     110.35 r
  U2184/Y (NOR2xp33_ASAP7_75t_R)                         28.22     138.57 f
  U977/Y (INVx1_ASAP7_75t_R)                             19.57     158.14 r
  U2186/Y (NOR2xp33_ASAP7_75t_R)                        128.02     286.16 f
  U2185/Y (HB1xp67_ASAP7_75t_R)                          81.67     367.83 f
  U2115/Y (INVx1_ASAP7_75t_R)                            17.41     385.24 r
  U2098/Y (HB1xp67_ASAP7_75t_R)                         154.38     539.62 r
  U2599/Y (NOR2xp33_ASAP7_75t_R)                        161.69     701.32 f
  U2218/Y (NOR2xp33_ASAP7_75t_R)                        134.10     835.42 r
  U1491/Y (AO222x2_ASAP7_75t_R)                          56.90     892.32 r
  U2384/Y (AOI22xp5_ASAP7_75t_R)                         13.29     905.60 f
  u_pe_array/g_pe_row[3].g_pe_col[0].u_pe/move_reg_reg[4]/D (DFFASRHQNx1_ASAP7_75t_R)
                                                          0.00     905.60 f
  data arrival time                                                905.60

  clock clk (rise edge)                                2000.00    2000.00
  clock network delay (ideal)                             0.00    2000.00
  clock uncertainty                                      -0.01    1999.99
  u_pe_array/g_pe_row[3].g_pe_col[0].u_pe/move_reg_reg[4]/CLK (DFFASRHQNx1_ASAP7_75t_R)
                                                          0.00    1999.99 r
  library setup time                                     -0.84    1999.15
  data required time                                              1999.15
  --------------------------------------------------------------------------
  data required time                                              1999.15
  data arrival time                                               -905.60
  --------------------------------------------------------------------------
  slack (MET)                                                     1093.54


  Startpoint: u_fsm/state_reg[1]
              (rising edge-triggered flip-flop clocked by clk)
  Endpoint: u_pe_array/g_pe_row[3].g_pe_col[0].u_pe/move_reg_reg[5]
            (rising edge-triggered flip-flop clocked by clk)
  Path Group: clk
  Path Type: max

  Point                                                   Incr       Path
  --------------------------------------------------------------------------
  clock clk (rise edge)                                   0.00       0.00
  clock network delay (ideal)                             0.00       0.00
  u_fsm/state_reg[1]/CLK (DFFASRHQNx1_ASAP7_75t_R)        0.00       0.00 r
  u_fsm/state_reg[1]/QN (DFFASRHQNx1_ASAP7_75t_R)        79.32      79.32 f
  U981/Y (INVx1_ASAP7_75t_R)                             31.03     110.35 r
  U2184/Y (NOR2xp33_ASAP7_75t_R)                         28.22     138.57 f
  U977/Y (INVx1_ASAP7_75t_R)                             19.57     158.14 r
  U2186/Y (NOR2xp33_ASAP7_75t_R)                        128.02     286.16 f
  U2185/Y (HB1xp67_ASAP7_75t_R)                          81.67     367.83 f
  U2115/Y (INVx1_ASAP7_75t_R)                            17.41     385.24 r
  U2098/Y (HB1xp67_ASAP7_75t_R)                         154.38     539.62 r
  U2599/Y (NOR2xp33_ASAP7_75t_R)                        161.69     701.32 f
  U2218/Y (NOR2xp33_ASAP7_75t_R)                        134.10     835.42 r
  U1492/Y (AO222x2_ASAP7_75t_R)                          56.90     892.32 r
  U2383/Y (AOI22xp5_ASAP7_75t_R)                         13.29     905.60 f
  u_pe_array/g_pe_row[3].g_pe_col[0].u_pe/move_reg_reg[5]/D (DFFASRHQNx1_ASAP7_75t_R)
                                                          0.00     905.60 f
  data arrival time                                                905.60

  clock clk (rise edge)                                2000.00    2000.00
  clock network delay (ideal)                             0.00    2000.00
  clock uncertainty                                      -0.01    1999.99
  u_pe_array/g_pe_row[3].g_pe_col[0].u_pe/move_reg_reg[5]/CLK (DFFASRHQNx1_ASAP7_75t_R)
                                                          0.00    1999.99 r
  library setup time                                     -0.84    1999.15
  data required time                                              1999.15
  --------------------------------------------------------------------------
  data required time                                              1999.15
  data arrival time                                               -905.60
  --------------------------------------------------------------------------
  slack (MET)                                                     1093.54


  Startpoint: u_fsm/state_reg[1]
              (rising edge-triggered flip-flop clocked by clk)
  Endpoint: u_pe_array/g_pe_row[3].g_pe_col[2].u_pe/move_reg_reg[1]
            (rising edge-triggered flip-flop clocked by clk)
  Path Group: clk
  Path Type: max

  Point                                                   Incr       Path
  --------------------------------------------------------------------------
  clock clk (rise edge)                                   0.00       0.00
  clock network delay (ideal)                             0.00       0.00
  u_fsm/state_reg[1]/CLK (DFFASRHQNx1_ASAP7_75t_R)        0.00       0.00 r
  u_fsm/state_reg[1]/QN (DFFASRHQNx1_ASAP7_75t_R)        79.32      79.32 f
  U981/Y (INVx1_ASAP7_75t_R)                             31.03     110.35 r
  U2184/Y (NOR2xp33_ASAP7_75t_R)                         28.22     138.57 f
  U977/Y (INVx1_ASAP7_75t_R)                             19.57     158.14 r
  U2186/Y (NOR2xp33_ASAP7_75t_R)                        128.02     286.16 f
  U2185/Y (HB1xp67_ASAP7_75t_R)                          81.67     367.83 f
  U2115/Y (INVx1_ASAP7_75t_R)                            17.41     385.24 r
  U2098/Y (HB1xp67_ASAP7_75t_R)                         154.38     539.62 r
  U2598/Y (NOR2xp33_ASAP7_75t_R)                        161.69     701.32 f
  U2217/Y (NOR2xp33_ASAP7_75t_R)                        134.10     835.42 r
  U1426/Y (AO222x2_ASAP7_75t_R)                          56.90     892.32 r
  U2381/Y (AOI22xp5_ASAP7_75t_R)                         13.29     905.60 f
  u_pe_array/g_pe_row[3].g_pe_col[2].u_pe/move_reg_reg[1]/D (DFFASRHQNx1_ASAP7_75t_R)
                                                          0.00     905.60 f
  data arrival time                                                905.60

  clock clk (rise edge)                                2000.00    2000.00
  clock network delay (ideal)                             0.00    2000.00
  clock uncertainty                                      -0.01    1999.99
  u_pe_array/g_pe_row[3].g_pe_col[2].u_pe/move_reg_reg[1]/CLK (DFFASRHQNx1_ASAP7_75t_R)
                                                          0.00    1999.99 r
  library setup time                                     -0.84    1999.15
  data required time                                              1999.15
  --------------------------------------------------------------------------
  data required time                                              1999.15
  data arrival time                                               -905.60
  --------------------------------------------------------------------------
  slack (MET)                                                     1093.54


  Startpoint: u_fsm/state_reg[1]
              (rising edge-triggered flip-flop clocked by clk)
  Endpoint: u_pe_array/g_pe_row[3].g_pe_col[2].u_pe/move_reg_reg[2]
            (rising edge-triggered flip-flop clocked by clk)
  Path Group: clk
  Path Type: max

  Point                                                   Incr       Path
  --------------------------------------------------------------------------
  clock clk (rise edge)                                   0.00       0.00
  clock network delay (ideal)                             0.00       0.00
  u_fsm/state_reg[1]/CLK (DFFASRHQNx1_ASAP7_75t_R)        0.00       0.00 r
  u_fsm/state_reg[1]/QN (DFFASRHQNx1_ASAP7_75t_R)        79.32      79.32 f
  U981/Y (INVx1_ASAP7_75t_R)                             31.03     110.35 r
  U2184/Y (NOR2xp33_ASAP7_75t_R)                         28.22     138.57 f
  U977/Y (INVx1_ASAP7_75t_R)                             19.57     158.14 r
  U2186/Y (NOR2xp33_ASAP7_75t_R)                        128.02     286.16 f
  U2185/Y (HB1xp67_ASAP7_75t_R)                          81.67     367.83 f
  U2115/Y (INVx1_ASAP7_75t_R)                            17.41     385.24 r
  U2098/Y (HB1xp67_ASAP7_75t_R)                         154.38     539.62 r
  U2598/Y (NOR2xp33_ASAP7_75t_R)                        161.69     701.32 f
  U2217/Y (NOR2xp33_ASAP7_75t_R)                        134.10     835.42 r
  U1427/Y (AO222x2_ASAP7_75t_R)                          56.90     892.32 r
  U2380/Y (AOI22xp5_ASAP7_75t_R)                         13.29     905.60 f
  u_pe_array/g_pe_row[3].g_pe_col[2].u_pe/move_reg_reg[2]/D (DFFASRHQNx1_ASAP7_75t_R)
                                                          0.00     905.60 f
  data arrival time                                                905.60

  clock clk (rise edge)                                2000.00    2000.00
  clock network delay (ideal)                             0.00    2000.00
  clock uncertainty                                      -0.01    1999.99
  u_pe_array/g_pe_row[3].g_pe_col[2].u_pe/move_reg_reg[2]/CLK (DFFASRHQNx1_ASAP7_75t_R)
                                                          0.00    1999.99 r
  library setup time                                     -0.84    1999.15
  data required time                                              1999.15
  --------------------------------------------------------------------------
  data required time                                              1999.15
  data arrival time                                               -905.60
  --------------------------------------------------------------------------
  slack (MET)                                                     1093.54


  Startpoint: u_fsm/state_reg[1]
              (rising edge-triggered flip-flop clocked by clk)
  Endpoint: u_pe_array/g_pe_row[3].g_pe_col[2].u_pe/move_reg_reg[3]
            (rising edge-triggered flip-flop clocked by clk)
  Path Group: clk
  Path Type: max

  Point                                                   Incr       Path
  --------------------------------------------------------------------------
  clock clk (rise edge)                                   0.00       0.00
  clock network delay (ideal)                             0.00       0.00
  u_fsm/state_reg[1]/CLK (DFFASRHQNx1_ASAP7_75t_R)        0.00       0.00 r
  u_fsm/state_reg[1]/QN (DFFASRHQNx1_ASAP7_75t_R)        79.32      79.32 f
  U981/Y (INVx1_ASAP7_75t_R)                             31.03     110.35 r
  U2184/Y (NOR2xp33_ASAP7_75t_R)                         28.22     138.57 f
  U977/Y (INVx1_ASAP7_75t_R)                             19.57     158.14 r
  U2186/Y (NOR2xp33_ASAP7_75t_R)                        128.02     286.16 f
  U2185/Y (HB1xp67_ASAP7_75t_R)                          81.67     367.83 f
  U2115/Y (INVx1_ASAP7_75t_R)                            17.41     385.24 r
  U2098/Y (HB1xp67_ASAP7_75t_R)                         154.38     539.62 r
  U2598/Y (NOR2xp33_ASAP7_75t_R)                        161.69     701.32 f
  U2217/Y (NOR2xp33_ASAP7_75t_R)                        134.10     835.42 r
  U1428/Y (AO222x2_ASAP7_75t_R)                          56.90     892.32 r
  U2379/Y (AOI22xp5_ASAP7_75t_R)                         13.29     905.60 f
  u_pe_array/g_pe_row[3].g_pe_col[2].u_pe/move_reg_reg[3]/D (DFFASRHQNx1_ASAP7_75t_R)
                                                          0.00     905.60 f
  data arrival time                                                905.60

  clock clk (rise edge)                                2000.00    2000.00
  clock network delay (ideal)                             0.00    2000.00
  clock uncertainty                                      -0.01    1999.99
  u_pe_array/g_pe_row[3].g_pe_col[2].u_pe/move_reg_reg[3]/CLK (DFFASRHQNx1_ASAP7_75t_R)
                                                          0.00    1999.99 r
  library setup time                                     -0.84    1999.15
  data required time                                              1999.15
  --------------------------------------------------------------------------
  data required time                                              1999.15
  data arrival time                                               -905.60
  --------------------------------------------------------------------------
  slack (MET)                                                     1093.54


  Startpoint: u_fsm/state_reg[1]
              (rising edge-triggered flip-flop clocked by clk)
  Endpoint: u_pe_array/g_pe_row[3].g_pe_col[2].u_pe/move_reg_reg[4]
            (rising edge-triggered flip-flop clocked by clk)
  Path Group: clk
  Path Type: max

  Point                                                   Incr       Path
  --------------------------------------------------------------------------
  clock clk (rise edge)                                   0.00       0.00
  clock network delay (ideal)                             0.00       0.00
  u_fsm/state_reg[1]/CLK (DFFASRHQNx1_ASAP7_75t_R)        0.00       0.00 r
  u_fsm/state_reg[1]/QN (DFFASRHQNx1_ASAP7_75t_R)        79.32      79.32 f
  U981/Y (INVx1_ASAP7_75t_R)                             31.03     110.35 r
  U2184/Y (NOR2xp33_ASAP7_75t_R)                         28.22     138.57 f
  U977/Y (INVx1_ASAP7_75t_R)                             19.57     158.14 r
  U2186/Y (NOR2xp33_ASAP7_75t_R)                        128.02     286.16 f
  U2185/Y (HB1xp67_ASAP7_75t_R)                          81.67     367.83 f
  U2115/Y (INVx1_ASAP7_75t_R)                            17.41     385.24 r
  U2098/Y (HB1xp67_ASAP7_75t_R)                         154.38     539.62 r
  U2598/Y (NOR2xp33_ASAP7_75t_R)                        161.69     701.32 f
  U2217/Y (NOR2xp33_ASAP7_75t_R)                        134.10     835.42 r
  U1429/Y (AO222x2_ASAP7_75t_R)                          56.90     892.32 r
  U2378/Y (AOI22xp5_ASAP7_75t_R)                         13.29     905.60 f
  u_pe_array/g_pe_row[3].g_pe_col[2].u_pe/move_reg_reg[4]/D (DFFASRHQNx1_ASAP7_75t_R)
                                                          0.00     905.60 f
  data arrival time                                                905.60

  clock clk (rise edge)                                2000.00    2000.00
  clock network delay (ideal)                             0.00    2000.00
  clock uncertainty                                      -0.01    1999.99
  u_pe_array/g_pe_row[3].g_pe_col[2].u_pe/move_reg_reg[4]/CLK (DFFASRHQNx1_ASAP7_75t_R)
                                                          0.00    1999.99 r
  library setup time                                     -0.84    1999.15
  data required time                                              1999.15
  --------------------------------------------------------------------------
  data required time                                              1999.15
  data arrival time                                               -905.60
  --------------------------------------------------------------------------
  slack (MET)                                                     1093.54


  Startpoint: u_fsm/state_reg[1]
              (rising edge-triggered flip-flop clocked by clk)
  Endpoint: u_pe_array/g_pe_row[3].g_pe_col[2].u_pe/move_reg_reg[5]
            (rising edge-triggered flip-flop clocked by clk)
  Path Group: clk
  Path Type: max

  Point                                                   Incr       Path
  --------------------------------------------------------------------------
  clock clk (rise edge)                                   0.00       0.00
  clock network delay (ideal)                             0.00       0.00
  u_fsm/state_reg[1]/CLK (DFFASRHQNx1_ASAP7_75t_R)        0.00       0.00 r
  u_fsm/state_reg[1]/QN (DFFASRHQNx1_ASAP7_75t_R)        79.32      79.32 f
  U981/Y (INVx1_ASAP7_75t_R)                             31.03     110.35 r
  U2184/Y (NOR2xp33_ASAP7_75t_R)                         28.22     138.57 f
  U977/Y (INVx1_ASAP7_75t_R)                             19.57     158.14 r
  U2186/Y (NOR2xp33_ASAP7_75t_R)                        128.02     286.16 f
  U2185/Y (HB1xp67_ASAP7_75t_R)                          81.67     367.83 f
  U2115/Y (INVx1_ASAP7_75t_R)                            17.41     385.24 r
  U2098/Y (HB1xp67_ASAP7_75t_R)                         154.38     539.62 r
  U2598/Y (NOR2xp33_ASAP7_75t_R)                        161.69     701.32 f
  U2217/Y (NOR2xp33_ASAP7_75t_R)                        134.10     835.42 r
  U1430/Y (AO222x2_ASAP7_75t_R)                          56.90     892.32 r
  U2377/Y (AOI22xp5_ASAP7_75t_R)                         13.29     905.60 f
  u_pe_array/g_pe_row[3].g_pe_col[2].u_pe/move_reg_reg[5]/D (DFFASRHQNx1_ASAP7_75t_R)
                                                          0.00     905.60 f
  data arrival time                                                905.60

  clock clk (rise edge)                                2000.00    2000.00
  clock network delay (ideal)                             0.00    2000.00
  clock uncertainty                                      -0.01    1999.99
  u_pe_array/g_pe_row[3].g_pe_col[2].u_pe/move_reg_reg[5]/CLK (DFFASRHQNx1_ASAP7_75t_R)
                                                          0.00    1999.99 r
  library setup time                                     -0.84    1999.15
  data required time                                              1999.15
  --------------------------------------------------------------------------
  data required time                                              1999.15
  data arrival time                                               -905.60
  --------------------------------------------------------------------------
  slack (MET)                                                     1093.54


  Startpoint: u_fsm/state_reg[1]
              (rising edge-triggered flip-flop clocked by clk)
  Endpoint: u_pe_array/g_pe_row[3].g_pe_col[0].u_pe/move_reg_reg[0]
            (rising edge-triggered flip-flop clocked by clk)
  Path Group: clk
  Path Type: max

  Point                                                   Incr       Path
  --------------------------------------------------------------------------
  clock clk (rise edge)                                   0.00       0.00
  clock network delay (ideal)                             0.00       0.00
  u_fsm/state_reg[1]/CLK (DFFASRHQNx1_ASAP7_75t_R)        0.00       0.00 r
  u_fsm/state_reg[1]/QN (DFFASRHQNx1_ASAP7_75t_R)        79.32      79.32 f
  U981/Y (INVx1_ASAP7_75t_R)                             31.03     110.35 r
  U2184/Y (NOR2xp33_ASAP7_75t_R)                         28.22     138.57 f
  U977/Y (INVx1_ASAP7_75t_R)                             19.57     158.14 r
  U2186/Y (NOR2xp33_ASAP7_75t_R)                        128.02     286.16 f
  U2185/Y (HB1xp67_ASAP7_75t_R)                          81.67     367.83 f
  U2115/Y (INVx1_ASAP7_75t_R)                            17.41     385.24 r
  U2098/Y (HB1xp67_ASAP7_75t_R)                         154.38     539.62 r
  U2599/Y (NOR2xp33_ASAP7_75t_R)                        161.69     701.32 f
  U2218/Y (NOR2xp33_ASAP7_75t_R)                        134.10     835.42 r
  U1486/Y (AO221x1_ASAP7_75t_R)                          53.01     888.43 r
  U2388/Y (AOI22xp5_ASAP7_75t_R)                         13.79     902.22 f
  u_pe_array/g_pe_row[3].g_pe_col[0].u_pe/move_reg_reg[0]/D (DFFASRHQNx1_ASAP7_75t_R)
                                                          0.00     902.22 f
  data arrival time                                                902.22

  clock clk (rise edge)                                2000.00    2000.00
  clock network delay (ideal)                             0.00    2000.00
  clock uncertainty                                      -0.01    1999.99
  u_pe_array/g_pe_row[3].g_pe_col[0].u_pe/move_reg_reg[0]/CLK (DFFASRHQNx1_ASAP7_75t_R)
                                                          0.00    1999.99 r
  library setup time                                     -0.84    1999.15
  data required time                                              1999.15
  --------------------------------------------------------------------------
  data required time                                              1999.15
  data arrival time                                               -902.22
  --------------------------------------------------------------------------
  slack (MET)                                                     1096.93


  Startpoint: u_fsm/state_reg[1]
              (rising edge-triggered flip-flop clocked by clk)
  Endpoint: u_pe_array/g_pe_row[3].g_pe_col[2].u_pe/move_reg_reg[0]
            (rising edge-triggered flip-flop clocked by clk)
  Path Group: clk
  Path Type: max

  Point                                                   Incr       Path
  --------------------------------------------------------------------------
  clock clk (rise edge)                                   0.00       0.00
  clock network delay (ideal)                             0.00       0.00
  u_fsm/state_reg[1]/CLK (DFFASRHQNx1_ASAP7_75t_R)        0.00       0.00 r
  u_fsm/state_reg[1]/QN (DFFASRHQNx1_ASAP7_75t_R)        79.32      79.32 f
  U981/Y (INVx1_ASAP7_75t_R)                             31.03     110.35 r
  U2184/Y (NOR2xp33_ASAP7_75t_R)                         28.22     138.57 f
  U977/Y (INVx1_ASAP7_75t_R)                             19.57     158.14 r
  U2186/Y (NOR2xp33_ASAP7_75t_R)                        128.02     286.16 f
  U2185/Y (HB1xp67_ASAP7_75t_R)                          81.67     367.83 f
  U2115/Y (INVx1_ASAP7_75t_R)                            17.41     385.24 r
  U2098/Y (HB1xp67_ASAP7_75t_R)                         154.38     539.62 r
  U2598/Y (NOR2xp33_ASAP7_75t_R)                        161.69     701.32 f
  U2217/Y (NOR2xp33_ASAP7_75t_R)                        134.10     835.42 r
  U1424/Y (AO221x1_ASAP7_75t_R)                          53.01     888.43 r
  U2382/Y (AOI22xp5_ASAP7_75t_R)                         13.79     902.22 f
  u_pe_array/g_pe_row[3].g_pe_col[2].u_pe/move_reg_reg[0]/D (DFFASRHQNx1_ASAP7_75t_R)
                                                          0.00     902.22 f
  data arrival time                                                902.22

  clock clk (rise edge)                                2000.00    2000.00
  clock network delay (ideal)                             0.00    2000.00
  clock uncertainty                                      -0.01    1999.99
  u_pe_array/g_pe_row[3].g_pe_col[2].u_pe/move_reg_reg[0]/CLK (DFFASRHQNx1_ASAP7_75t_R)
                                                          0.00    1999.99 r
  library setup time                                     -0.84    1999.15
  data required time                                              1999.15
  --------------------------------------------------------------------------
  data required time                                              1999.15
  data arrival time                                               -902.22
  --------------------------------------------------------------------------
  slack (MET)                                                     1096.93


  Startpoint: u_fsm/state_reg[1]
              (rising edge-triggered flip-flop clocked by clk)
  Endpoint: u_pe_array/g_pe_row[1].g_pe_col[0].u_pe/move_reg_reg[0]
            (rising edge-triggered flip-flop clocked by clk)
  Path Group: clk
  Path Type: max

  Point                                                   Incr       Path
  --------------------------------------------------------------------------
  clock clk (rise edge)                                   0.00       0.00
  clock network delay (ideal)                             0.00       0.00
  u_fsm/state_reg[1]/CLK (DFFASRHQNx1_ASAP7_75t_R)        0.00       0.00 r
  u_fsm/state_reg[1]/QN (DFFASRHQNx1_ASAP7_75t_R)        79.32      79.32 f
  U981/Y (INVx1_ASAP7_75t_R)                             31.03     110.35 r
  U2184/Y (NOR2xp33_ASAP7_75t_R)                         28.22     138.57 f
  U977/Y (INVx1_ASAP7_75t_R)                             19.57     158.14 r
  U2186/Y (NOR2xp33_ASAP7_75t_R)                        128.02     286.16 f
  U2185/Y (HB1xp67_ASAP7_75t_R)                          81.67     367.83 f
  U2115/Y (INVx1_ASAP7_75t_R)                            17.41     385.24 r
  U2098/Y (HB1xp67_ASAP7_75t_R)                         154.38     539.62 r
  U2597/Y (NOR2xp33_ASAP7_75t_R)                        156.27     695.90 f
  U2216/Y (NOR2xp33_ASAP7_75t_R)                        127.87     823.77 r
  U1826/Y (AOI222xp33_ASAP7_75t_R)                       38.41     862.18 f
  U1824/Y (NAND3xp33_ASAP7_75t_R)                        22.46     884.64 r
  U2370/Y (AOI22xp5_ASAP7_75t_R)                         15.71     900.36 f
  u_pe_array/g_pe_row[1].g_pe_col[0].u_pe/move_reg_reg[0]/D (DFFASRHQNx1_ASAP7_75t_R)
                                                          0.00     900.36 f
  data arrival time                                                900.36

  clock clk (rise edge)                                2000.00    2000.00
  clock network delay (ideal)                             0.00    2000.00
  clock uncertainty                                      -0.01    1999.99
  u_pe_array/g_pe_row[1].g_pe_col[0].u_pe/move_reg_reg[0]/CLK (DFFASRHQNx1_ASAP7_75t_R)
                                                          0.00    1999.99 r
  library setup time                                     -0.88    1999.11
  data required time                                              1999.11
  --------------------------------------------------------------------------
  data required time                                              1999.11
  data arrival time                                               -900.36
  --------------------------------------------------------------------------
  slack (MET)                                                     1098.75


  Startpoint: u_fsm/state_reg[1]
              (rising edge-triggered flip-flop clocked by clk)
  Endpoint: u_pe_array/g_pe_row[1].g_pe_col[0].u_pe/move_reg_reg[1]
            (rising edge-triggered flip-flop clocked by clk)
  Path Group: clk
  Path Type: max

  Point                                                   Incr       Path
  --------------------------------------------------------------------------
  clock clk (rise edge)                                   0.00       0.00
  clock network delay (ideal)                             0.00       0.00
  u_fsm/state_reg[1]/CLK (DFFASRHQNx1_ASAP7_75t_R)        0.00       0.00 r
  u_fsm/state_reg[1]/QN (DFFASRHQNx1_ASAP7_75t_R)        79.32      79.32 f
  U981/Y (INVx1_ASAP7_75t_R)                             31.03     110.35 r
  U2184/Y (NOR2xp33_ASAP7_75t_R)                         28.22     138.57 f
  U977/Y (INVx1_ASAP7_75t_R)                             19.57     158.14 r
  U2186/Y (NOR2xp33_ASAP7_75t_R)                        128.02     286.16 f
  U2185/Y (HB1xp67_ASAP7_75t_R)                          81.67     367.83 f
  U2115/Y (INVx1_ASAP7_75t_R)                            17.41     385.24 r
  U2098/Y (HB1xp67_ASAP7_75t_R)                         154.38     539.62 r
  U2597/Y (NOR2xp33_ASAP7_75t_R)                        156.27     695.90 f
  U2216/Y (NOR2xp33_ASAP7_75t_R)                        127.87     823.77 r
  U1830/Y (AOI222xp33_ASAP7_75t_R)                       38.41     862.18 f
  U1828/Y (NAND3xp33_ASAP7_75t_R)                        22.46     884.64 r
  U2369/Y (AOI22xp5_ASAP7_75t_R)                         15.71     900.36 f
  u_pe_array/g_pe_row[1].g_pe_col[0].u_pe/move_reg_reg[1]/D (DFFASRHQNx1_ASAP7_75t_R)
                                                          0.00     900.36 f
  data arrival time                                                900.36

  clock clk (rise edge)                                2000.00    2000.00
  clock network delay (ideal)                             0.00    2000.00
  clock uncertainty                                      -0.01    1999.99
  u_pe_array/g_pe_row[1].g_pe_col[0].u_pe/move_reg_reg[1]/CLK (DFFASRHQNx1_ASAP7_75t_R)
                                                          0.00    1999.99 r
  library setup time                                     -0.88    1999.11
  data required time                                              1999.11
  --------------------------------------------------------------------------
  data required time                                              1999.11
  data arrival time                                               -900.36
  --------------------------------------------------------------------------
  slack (MET)                                                     1098.75


  Startpoint: u_fsm/state_reg[1]
              (rising edge-triggered flip-flop clocked by clk)
  Endpoint: u_pe_array/g_pe_row[1].g_pe_col[0].u_pe/move_reg_reg[2]
            (rising edge-triggered flip-flop clocked by clk)
  Path Group: clk
  Path Type: max

  Point                                                   Incr       Path
  --------------------------------------------------------------------------
  clock clk (rise edge)                                   0.00       0.00
  clock network delay (ideal)                             0.00       0.00
  u_fsm/state_reg[1]/CLK (DFFASRHQNx1_ASAP7_75t_R)        0.00       0.00 r
  u_fsm/state_reg[1]/QN (DFFASRHQNx1_ASAP7_75t_R)        79.32      79.32 f
  U981/Y (INVx1_ASAP7_75t_R)                             31.03     110.35 r
  U2184/Y (NOR2xp33_ASAP7_75t_R)                         28.22     138.57 f
  U977/Y (INVx1_ASAP7_75t_R)                             19.57     158.14 r
  U2186/Y (NOR2xp33_ASAP7_75t_R)                        128.02     286.16 f
  U2185/Y (HB1xp67_ASAP7_75t_R)                          81.67     367.83 f
  U2115/Y (INVx1_ASAP7_75t_R)                            17.41     385.24 r
  U2098/Y (HB1xp67_ASAP7_75t_R)                         154.38     539.62 r
  U2597/Y (NOR2xp33_ASAP7_75t_R)                        156.27     695.90 f
  U2216/Y (NOR2xp33_ASAP7_75t_R)                        127.87     823.77 r
  U1834/Y (AOI222xp33_ASAP7_75t_R)                       38.41     862.18 f
  U1832/Y (NAND3xp33_ASAP7_75t_R)                        22.46     884.64 r
  U2368/Y (AOI22xp5_ASAP7_75t_R)                         15.71     900.36 f
  u_pe_array/g_pe_row[1].g_pe_col[0].u_pe/move_reg_reg[2]/D (DFFASRHQNx1_ASAP7_75t_R)
                                                          0.00     900.36 f
  data arrival time                                                900.36

  clock clk (rise edge)                                2000.00    2000.00
  clock network delay (ideal)                             0.00    2000.00
  clock uncertainty                                      -0.01    1999.99
  u_pe_array/g_pe_row[1].g_pe_col[0].u_pe/move_reg_reg[2]/CLK (DFFASRHQNx1_ASAP7_75t_R)
                                                          0.00    1999.99 r
  library setup time                                     -0.88    1999.11
  data required time                                              1999.11
  --------------------------------------------------------------------------
  data required time                                              1999.11
  data arrival time                                               -900.36
  --------------------------------------------------------------------------
  slack (MET)                                                     1098.75


  Startpoint: u_fsm/state_reg[1]
              (rising edge-triggered flip-flop clocked by clk)
  Endpoint: u_pe_array/g_pe_row[1].g_pe_col[0].u_pe/move_reg_reg[3]
            (rising edge-triggered flip-flop clocked by clk)
  Path Group: clk
  Path Type: max

  Point                                                   Incr       Path
  --------------------------------------------------------------------------
  clock clk (rise edge)                                   0.00       0.00
  clock network delay (ideal)                             0.00       0.00
  u_fsm/state_reg[1]/CLK (DFFASRHQNx1_ASAP7_75t_R)        0.00       0.00 r
  u_fsm/state_reg[1]/QN (DFFASRHQNx1_ASAP7_75t_R)        79.32      79.32 f
  U981/Y (INVx1_ASAP7_75t_R)                             31.03     110.35 r
  U2184/Y (NOR2xp33_ASAP7_75t_R)                         28.22     138.57 f
  U977/Y (INVx1_ASAP7_75t_R)                             19.57     158.14 r
  U2186/Y (NOR2xp33_ASAP7_75t_R)                        128.02     286.16 f
  U2185/Y (HB1xp67_ASAP7_75t_R)                          81.67     367.83 f
  U2115/Y (INVx1_ASAP7_75t_R)                            17.41     385.24 r
  U2098/Y (HB1xp67_ASAP7_75t_R)                         154.38     539.62 r
  U2597/Y (NOR2xp33_ASAP7_75t_R)                        156.27     695.90 f
  U2216/Y (NOR2xp33_ASAP7_75t_R)                        127.87     823.77 r
  U1838/Y (AOI222xp33_ASAP7_75t_R)                       38.41     862.18 f
  U1836/Y (NAND3xp33_ASAP7_75t_R)                        22.46     884.64 r
  U2367/Y (AOI22xp5_ASAP7_75t_R)                         15.71     900.36 f
  u_pe_array/g_pe_row[1].g_pe_col[0].u_pe/move_reg_reg[3]/D (DFFASRHQNx1_ASAP7_75t_R)
                                                          0.00     900.36 f
  data arrival time                                                900.36

  clock clk (rise edge)                                2000.00    2000.00
  clock network delay (ideal)                             0.00    2000.00
  clock uncertainty                                      -0.01    1999.99
  u_pe_array/g_pe_row[1].g_pe_col[0].u_pe/move_reg_reg[3]/CLK (DFFASRHQNx1_ASAP7_75t_R)
                                                          0.00    1999.99 r
  library setup time                                     -0.88    1999.11
  data required time                                              1999.11
  --------------------------------------------------------------------------
  data required time                                              1999.11
  data arrival time                                               -900.36
  --------------------------------------------------------------------------
  slack (MET)                                                     1098.75


  Startpoint: u_fsm/state_reg[1]
              (rising edge-triggered flip-flop clocked by clk)
  Endpoint: u_pe_array/g_pe_row[1].g_pe_col[0].u_pe/move_reg_reg[4]
            (rising edge-triggered flip-flop clocked by clk)
  Path Group: clk
  Path Type: max

  Point                                                   Incr       Path
  --------------------------------------------------------------------------
  clock clk (rise edge)                                   0.00       0.00
  clock network delay (ideal)                             0.00       0.00
  u_fsm/state_reg[1]/CLK (DFFASRHQNx1_ASAP7_75t_R)        0.00       0.00 r
  u_fsm/state_reg[1]/QN (DFFASRHQNx1_ASAP7_75t_R)        79.32      79.32 f
  U981/Y (INVx1_ASAP7_75t_R)                             31.03     110.35 r
  U2184/Y (NOR2xp33_ASAP7_75t_R)                         28.22     138.57 f
  U977/Y (INVx1_ASAP7_75t_R)                             19.57     158.14 r
  U2186/Y (NOR2xp33_ASAP7_75t_R)                        128.02     286.16 f
  U2185/Y (HB1xp67_ASAP7_75t_R)                          81.67     367.83 f
  U2115/Y (INVx1_ASAP7_75t_R)                            17.41     385.24 r
  U2098/Y (HB1xp67_ASAP7_75t_R)                         154.38     539.62 r
  U2597/Y (NOR2xp33_ASAP7_75t_R)                        156.27     695.90 f
  U2216/Y (NOR2xp33_ASAP7_75t_R)                        127.87     823.77 r
  U1842/Y (AOI222xp33_ASAP7_75t_R)                       38.41     862.18 f
  U1840/Y (NAND3xp33_ASAP7_75t_R)                        22.46     884.64 r
  U2366/Y (AOI22xp5_ASAP7_75t_R)                         15.71     900.36 f
  u_pe_array/g_pe_row[1].g_pe_col[0].u_pe/move_reg_reg[4]/D (DFFASRHQNx1_ASAP7_75t_R)
                                                          0.00     900.36 f
  data arrival time                                                900.36

  clock clk (rise edge)                                2000.00    2000.00
  clock network delay (ideal)                             0.00    2000.00
  clock uncertainty                                      -0.01    1999.99
  u_pe_array/g_pe_row[1].g_pe_col[0].u_pe/move_reg_reg[4]/CLK (DFFASRHQNx1_ASAP7_75t_R)
                                                          0.00    1999.99 r
  library setup time                                     -0.88    1999.11
  data required time                                              1999.11
  --------------------------------------------------------------------------
  data required time                                              1999.11
  data arrival time                                               -900.36
  --------------------------------------------------------------------------
  slack (MET)                                                     1098.75


  Startpoint: u_fsm/state_reg[1]
              (rising edge-triggered flip-flop clocked by clk)
  Endpoint: u_pe_array/g_pe_row[1].g_pe_col[0].u_pe/move_reg_reg[5]
            (rising edge-triggered flip-flop clocked by clk)
  Path Group: clk
  Path Type: max

  Point                                                   Incr       Path
  --------------------------------------------------------------------------
  clock clk (rise edge)                                   0.00       0.00
  clock network delay (ideal)                             0.00       0.00
  u_fsm/state_reg[1]/CLK (DFFASRHQNx1_ASAP7_75t_R)        0.00       0.00 r
  u_fsm/state_reg[1]/QN (DFFASRHQNx1_ASAP7_75t_R)        79.32      79.32 f
  U981/Y (INVx1_ASAP7_75t_R)                             31.03     110.35 r
  U2184/Y (NOR2xp33_ASAP7_75t_R)                         28.22     138.57 f
  U977/Y (INVx1_ASAP7_75t_R)                             19.57     158.14 r
  U2186/Y (NOR2xp33_ASAP7_75t_R)                        128.02     286.16 f
  U2185/Y (HB1xp67_ASAP7_75t_R)                          81.67     367.83 f
  U2115/Y (INVx1_ASAP7_75t_R)                            17.41     385.24 r
  U2098/Y (HB1xp67_ASAP7_75t_R)                         154.38     539.62 r
  U2597/Y (NOR2xp33_ASAP7_75t_R)                        156.27     695.90 f
  U2216/Y (NOR2xp33_ASAP7_75t_R)                        127.87     823.77 r
  U1848/Y (AOI222xp33_ASAP7_75t_R)                       38.41     862.18 f
  U1844/Y (NAND3xp33_ASAP7_75t_R)                        22.46     884.64 r
  U2365/Y (AOI22xp5_ASAP7_75t_R)                         15.71     900.36 f
  u_pe_array/g_pe_row[1].g_pe_col[0].u_pe/move_reg_reg[5]/D (DFFASRHQNx1_ASAP7_75t_R)
                                                          0.00     900.36 f
  data arrival time                                                900.36

  clock clk (rise edge)                                2000.00    2000.00
  clock network delay (ideal)                             0.00    2000.00
  clock uncertainty                                      -0.01    1999.99
  u_pe_array/g_pe_row[1].g_pe_col[0].u_pe/move_reg_reg[5]/CLK (DFFASRHQNx1_ASAP7_75t_R)
                                                          0.00    1999.99 r
  library setup time                                     -0.88    1999.11
  data required time                                              1999.11
  --------------------------------------------------------------------------
  data required time                                              1999.11
  data arrival time                                               -900.36
  --------------------------------------------------------------------------
  slack (MET)                                                     1098.75


  Startpoint: u_fsm/state_reg[1]
              (rising edge-triggered flip-flop clocked by clk)
  Endpoint: u_pe_array/g_pe_row[1].g_pe_col[2].u_pe/move_reg_reg[0]
            (rising edge-triggered flip-flop clocked by clk)
  Path Group: clk
  Path Type: max

  Point                                                   Incr       Path
  --------------------------------------------------------------------------
  clock clk (rise edge)                                   0.00       0.00
  clock network delay (ideal)                             0.00       0.00
  u_fsm/state_reg[1]/CLK (DFFASRHQNx1_ASAP7_75t_R)        0.00       0.00 r
  u_fsm/state_reg[1]/QN (DFFASRHQNx1_ASAP7_75t_R)        79.32      79.32 f
  U981/Y (INVx1_ASAP7_75t_R)                             31.03     110.35 r
  U2184/Y (NOR2xp33_ASAP7_75t_R)                         28.22     138.57 f
  U977/Y (INVx1_ASAP7_75t_R)                             19.57     158.14 r
  U2186/Y (NOR2xp33_ASAP7_75t_R)                        128.02     286.16 f
  U2185/Y (HB1xp67_ASAP7_75t_R)                          81.67     367.83 f
  U2115/Y (INVx1_ASAP7_75t_R)                            17.41     385.24 r
  U2098/Y (HB1xp67_ASAP7_75t_R)                         154.38     539.62 r
  U2596/Y (NOR2xp33_ASAP7_75t_R)                        156.27     695.90 f
  U2215/Y (NOR2xp33_ASAP7_75t_R)                        127.87     823.77 r
  U1732/Y (AOI222xp33_ASAP7_75t_R)                       38.41     862.18 f
  U1730/Y (NAND3xp33_ASAP7_75t_R)                        22.46     884.64 r
  U2358/Y (AOI22xp5_ASAP7_75t_R)                         15.71     900.36 f
  u_pe_array/g_pe_row[1].g_pe_col[2].u_pe/move_reg_reg[0]/D (DFFASRHQNx1_ASAP7_75t_R)
                                                          0.00     900.36 f
  data arrival time                                                900.36

  clock clk (rise edge)                                2000.00    2000.00
  clock network delay (ideal)                             0.00    2000.00
  clock uncertainty                                      -0.01    1999.99
  u_pe_array/g_pe_row[1].g_pe_col[2].u_pe/move_reg_reg[0]/CLK (DFFASRHQNx1_ASAP7_75t_R)
                                                          0.00    1999.99 r
  library setup time                                     -0.88    1999.11
  data required time                                              1999.11
  --------------------------------------------------------------------------
  data required time                                              1999.11
  data arrival time                                               -900.36
  --------------------------------------------------------------------------
  slack (MET)                                                     1098.75


1
