 
****************************************
Report : qor
Design : top
Version: X-2025.06
Date   : Wed Apr 22 20:23:51 2026
****************************************


  Timing Path Group 'clk'
  -----------------------------------
  Levels of Logic:               6.00
  Critical Path Length:        193.85
  Critical Path Slack:         806.14
  Critical Path Clk Period:   2000.00
  Total Negative Slack:          0.00
  No. of Violating Paths:        0.00
  Worst Hold Violation:          0.00
  Total Hold Violation:          0.00
  No. of Hold Violations:        0.00
  -----------------------------------


  Cell Count
  -----------------------------------
  Hierarchical Cell Count:          0
  Hierarchical Port Count:          0
  Leaf Cell Count:               2977
  Buf/Inv Cell Count:             601
  Buf Cell Count:                  75
  Inv Cell Count:                 526
  CT Buf/Inv Cell Count:            0
  Combinational Cell Count:      2344
  Sequential Cell Count:          633
  Macro Count:                      0
  -----------------------------------


  Area
  -----------------------------------
  Combinational Area:      206.365319
  Noncombinational Area:   230.349418
  Buf/Inv Area:             27.381240
  Total Buffer Area:             4.37
  Total Inverter Area:          23.01
  Macro/Black Box Area:      0.000000
  Net Area:                  0.000000
  -----------------------------------
  Cell Area:               436.714736
  Design Area:             436.714736


  Design Rules
  -----------------------------------
  Total Number of Nets:          3200
  Nets With Violations:             0
  Max Trans Violations:             0
  Max Cap Violations:               0
  -----------------------------------


  Hostname: tux-131

  Compile CPU Statistics
  -----------------------------------------
  Resource Sharing:                    0.00
  Logic Optimization:                  1.40
  Mapping Optimization:                2.07
  -----------------------------------------
  Overall Compile Time:                4.65
  Overall Compile Wall Clock Time:     3.72

  --------------------------------------------------------------------

  Design  WNS: 0.00  TNS: 0.00  Number of Violating Paths: 0


  Design (Hold)  WNS: 0.00  TNS: 0.00  Number of Violating Paths: 0

  --------------------------------------------------------------------


1
