********************************************************************************
Product   : Virtuoso(R) XStream In
Program   : @(#)$CDS: strmin version IC23.1-64b 04/22/2025 22:31 (cpgbld15) $
          : sub-version  IC23.1-64b.ISR14.32 
Started at: 31-Jan-2026  17:05:51
User Name : vsathishkuma
Host Name : linux-2611
Directory : /filespace/v/vsathishkuma/ECE755/Project_Preparation_export/MS_4_PostAPR/asap7_rundir
CADENCE Design Systems, Inc.
********************************************************************************
Info: Cellview Rev Num:99,  Tech Rev Num:59

WARNING (XSTRM-75): Target library 'ECE755' is attached to the technology library 'asap7_TechLib'. Therefore, the technology file is opened in read-only mode. All the undefined layer-purpose pairs will be dropped.
INFO (XSTRM-217): Reading the layer map file, /cae/apps/data/asap7PDK-2022/asap7PDK_r1p7/cdslib/asap7_TechLib_10/asap7_TechLib.layermap
INFO (XSTRM-217): Reading the object map file, /cae/apps/data/asap7PDK-2022/asap7PDK_r1p7/cdslib/asap7_TechLib_10/asap7_TechLib.objectmap
WARNING (XSTRM-333): The '-enableColoring' option will be ignored during XStream In. This is because there is no color entry in the layer map and the object map file.
INFO (XSTRM-163): You have not used the '-viaMap' option. If a viaMap file, corresponding technology file or technology library exist, then use the '-viaMap' option for creating oaVia instances in the Streamed-In library. Using the '-viaMap' option improves performance and VM usage of applications using the Streamed-In design.

Summary of Options:
	library				ECE755
	strmFile			/filespace/v/vsathishkuma/ECE755/Project_Preparation_export/MS_4_PostAPR/top.gds
	logFile				strmIn.log
	view				layout
	case				Preserve
	layerMap			/cae/apps/data/asap7PDK-2022/asap7PDK_r1p7/cdslib/asap7_TechLib_10/asap7_TechLib.layermap
	propSeparator			,
	attachTechFileOfLib				asap7_TechLib
	objectMap			 /cae/apps/data/asap7PDK-2022/asap7PDK_r1p7/cdslib/asap7_TechLib_10/asap7_TechLib.objectmap

INFO (XSTRM-220): 1. Translating STRUCTURE BUFx2_ASAP7_75t_R as cellView ECE755/BUFx2_ASAP7_75t_R/layout.
INFO (XSTRM-220): 2. Translating STRUCTURE BUFx4f_ASAP7_75t_R as cellView ECE755/BUFx4f_ASAP7_75t_R/layout.
INFO (XSTRM-220): 3. Translating STRUCTURE BUFx3_ASAP7_75t_R as cellView ECE755/BUFx3_ASAP7_75t_R/layout.
INFO (XSTRM-220): 4. Translating STRUCTURE XOR2xp5_ASAP7_75t_R as cellView ECE755/XOR2xp5_ASAP7_75t_R/layout.
INFO (XSTRM-220): 5. Translating STRUCTURE XNOR2xp5_ASAP7_75t_R as cellView ECE755/XNOR2xp5_ASAP7_75t_R/layout.
INFO (XSTRM-220): 6. Translating STRUCTURE XOR2x2_ASAP7_75t_R as cellView ECE755/XOR2x2_ASAP7_75t_R/layout.
INFO (XSTRM-220): 7. Translating STRUCTURE OAI31xp67_ASAP7_75t_R as cellView ECE755/OAI31xp67_ASAP7_75t_R/layout.
INFO (XSTRM-220): 8. Translating STRUCTURE HB1xp67_ASAP7_75t_R as cellView ECE755/HB1xp67_ASAP7_75t_R/layout.
INFO (XSTRM-220): 9. Translating STRUCTURE INVxp67_ASAP7_75t_R as cellView ECE755/INVxp67_ASAP7_75t_R/layout.
INFO (XSTRM-220): 10. Translating STRUCTURE OAI21xp5_ASAP7_75t_R as cellView ECE755/OAI21xp5_ASAP7_75t_R/layout.
INFO (XSTRM-220): 11. Translating STRUCTURE NOR2xp33_ASAP7_75t_R as cellView ECE755/NOR2xp33_ASAP7_75t_R/layout.
INFO (XSTRM-220): 12. Translating STRUCTURE OAI22xp5_ASAP7_75t_R as cellView ECE755/OAI22xp5_ASAP7_75t_R/layout.
INFO (XSTRM-220): 13. Translating STRUCTURE AND2x2_ASAP7_75t_R as cellView ECE755/AND2x2_ASAP7_75t_R/layout.
INFO (XSTRM-220): 14. Translating STRUCTURE OR2x2_ASAP7_75t_R as cellView ECE755/OR2x2_ASAP7_75t_R/layout.
INFO (XSTRM-220): 15. Translating STRUCTURE OAI21x1_ASAP7_75t_R as cellView ECE755/OAI21x1_ASAP7_75t_R/layout.
INFO (XSTRM-220): 16. Translating STRUCTURE NAND2xp5_ASAP7_75t_R as cellView ECE755/NAND2xp5_ASAP7_75t_R/layout.
INFO (XSTRM-220): 17. Translating STRUCTURE NOR3xp33_ASAP7_75t_R as cellView ECE755/NOR3xp33_ASAP7_75t_R/layout.
INFO (XSTRM-220): 18. Translating STRUCTURE NOR3x1_ASAP7_75t_R as cellView ECE755/NOR3x1_ASAP7_75t_R/layout.
INFO (XSTRM-220): 19. Translating STRUCTURE OA21x2_ASAP7_75t_R as cellView ECE755/OA21x2_ASAP7_75t_R/layout.
INFO (XSTRM-220): 20. Translating STRUCTURE INVxp33_ASAP7_75t_R as cellView ECE755/INVxp33_ASAP7_75t_R/layout.
INFO (XSTRM-220): 21. Translating STRUCTURE INVx1_ASAP7_75t_R as cellView ECE755/INVx1_ASAP7_75t_R/layout.
INFO (XSTRM-220): 22. Translating STRUCTURE MAJIxp5_ASAP7_75t_R as cellView ECE755/MAJIxp5_ASAP7_75t_R/layout.
INFO (XSTRM-220): 23. Translating STRUCTURE NAND2x1_ASAP7_75t_R as cellView ECE755/NAND2x1_ASAP7_75t_R/layout.
INFO (XSTRM-220): 24. Translating STRUCTURE XOR2x1_ASAP7_75t_R as cellView ECE755/XOR2x1_ASAP7_75t_R/layout.
INFO (XSTRM-220): 25. Translating STRUCTURE NAND2xp33_ASAP7_75t_R as cellView ECE755/NAND2xp33_ASAP7_75t_R/layout.
INFO (XSTRM-220): 26. Translating STRUCTURE NOR2xp67_ASAP7_75t_R as cellView ECE755/NOR2xp67_ASAP7_75t_R/layout.
INFO (XSTRM-220): 27. Translating STRUCTURE BUFx16f_ASAP7_75t_R as cellView ECE755/BUFx16f_ASAP7_75t_R/layout.
INFO (XSTRM-220): 28. Translating STRUCTURE BUFx10_ASAP7_75t_R as cellView ECE755/BUFx10_ASAP7_75t_R/layout.
INFO (XSTRM-220): 29. Translating STRUCTURE BUFx6f_ASAP7_75t_R as cellView ECE755/BUFx6f_ASAP7_75t_R/layout.
INFO (XSTRM-220): 30. Translating STRUCTURE XNOR2x1_ASAP7_75t_R as cellView ECE755/XNOR2x1_ASAP7_75t_R/layout.
INFO (XSTRM-220): 31. Translating STRUCTURE AOI21xp5_ASAP7_75t_R as cellView ECE755/AOI21xp5_ASAP7_75t_R/layout.
INFO (XSTRM-220): 32. Translating STRUCTURE MAJx2_ASAP7_75t_R as cellView ECE755/MAJx2_ASAP7_75t_R/layout.
INFO (XSTRM-220): 33. Translating STRUCTURE AO22x2_ASAP7_75t_R as cellView ECE755/AO22x2_ASAP7_75t_R/layout.
INFO (XSTRM-220): 34. Translating STRUCTURE INVx2_ASAP7_75t_R as cellView ECE755/INVx2_ASAP7_75t_R/layout.
INFO (XSTRM-220): 35. Translating STRUCTURE AO21x2_ASAP7_75t_R as cellView ECE755/AO21x2_ASAP7_75t_R/layout.
INFO (XSTRM-220): 36. Translating STRUCTURE OAI31xp33_ASAP7_75t_R as cellView ECE755/OAI31xp33_ASAP7_75t_R/layout.
INFO (XSTRM-220): 37. Translating STRUCTURE AO21x1_ASAP7_75t_R as cellView ECE755/AO21x1_ASAP7_75t_R/layout.
INFO (XSTRM-220): 38. Translating STRUCTURE NOR2x1_ASAP7_75t_R as cellView ECE755/NOR2x1_ASAP7_75t_R/layout.
INFO (XSTRM-220): 39. Translating STRUCTURE XNOR2x2_ASAP7_75t_R as cellView ECE755/XNOR2x2_ASAP7_75t_R/layout.
INFO (XSTRM-220): 40. Translating STRUCTURE INVx5_ASAP7_75t_R as cellView ECE755/INVx5_ASAP7_75t_R/layout.
INFO (XSTRM-220): 41. Translating STRUCTURE OA22x2_ASAP7_75t_R as cellView ECE755/OA22x2_ASAP7_75t_R/layout.
INFO (XSTRM-220): 42. Translating STRUCTURE NAND3xp33_ASAP7_75t_R as cellView ECE755/NAND3xp33_ASAP7_75t_R/layout.
INFO (XSTRM-220): 43. Translating STRUCTURE INVx4_ASAP7_75t_R as cellView ECE755/INVx4_ASAP7_75t_R/layout.
INFO (XSTRM-220): 44. Translating STRUCTURE AO22x1_ASAP7_75t_R as cellView ECE755/AO22x1_ASAP7_75t_R/layout.
INFO (XSTRM-220): 45. Translating STRUCTURE AOI22xp5_ASAP7_75t_R as cellView ECE755/AOI22xp5_ASAP7_75t_R/layout.
INFO (XSTRM-220): 46. Translating STRUCTURE AND2x4_ASAP7_75t_R as cellView ECE755/AND2x4_ASAP7_75t_R/layout.
INFO (XSTRM-220): 47. Translating STRUCTURE OAI21xp33_ASAP7_75t_R as cellView ECE755/OAI21xp33_ASAP7_75t_R/layout.
INFO (XSTRM-220): 48. Translating STRUCTURE INVx6_ASAP7_75t_R as cellView ECE755/INVx6_ASAP7_75t_R/layout.
INFO (XSTRM-220): 49. Translating STRUCTURE DFFHQNx1_ASAP7_75t_R as cellView ECE755/DFFHQNx1_ASAP7_75t_R/layout.
INFO (XSTRM-220): 50. Translating STRUCTURE FAx1_ASAP7_75t_R as cellView ECE755/FAx1_ASAP7_75t_R/layout.
INFO (XSTRM-220): 51. Translating STRUCTURE NAND2x1p5_ASAP7_75t_R as cellView ECE755/NAND2x1p5_ASAP7_75t_R/layout.
INFO (XSTRM-220): 52. Translating STRUCTURE AND4x1_ASAP7_75t_R as cellView ECE755/AND4x1_ASAP7_75t_R/layout.
INFO (XSTRM-220): 53. Translating STRUCTURE A2O1A1Ixp33_ASAP7_75t_R as cellView ECE755/A2O1A1Ixp33_ASAP7_75t_R/layout.
INFO (XSTRM-220): 54. Translating STRUCTURE OR3x1_ASAP7_75t_R as cellView ECE755/OR3x1_ASAP7_75t_R/layout.
INFO (XSTRM-220): 55. Translating STRUCTURE NAND3x1_ASAP7_75t_R as cellView ECE755/NAND3x1_ASAP7_75t_R/layout.
INFO (XSTRM-220): 56. Translating STRUCTURE OAI222xp33_ASAP7_75t_R as cellView ECE755/OAI222xp33_ASAP7_75t_R/layout.
INFO (XSTRM-220): 57. Translating STRUCTURE AND3x1_ASAP7_75t_R as cellView ECE755/AND3x1_ASAP7_75t_R/layout.
INFO (XSTRM-220): 58. Translating STRUCTURE OAI322xp33_ASAP7_75t_R as cellView ECE755/OAI322xp33_ASAP7_75t_R/layout.
INFO (XSTRM-220): 59. Translating STRUCTURE SDFHx4_ASAP7_75t_R as cellView ECE755/SDFHx4_ASAP7_75t_R/layout.
INFO (XSTRM-220): 60. Translating STRUCTURE DFFHQNx2_ASAP7_75t_R as cellView ECE755/DFFHQNx2_ASAP7_75t_R/layout.
INFO (XSTRM-220): 61. Translating STRUCTURE TIELOx1_ASAP7_75t_R as cellView ECE755/TIELOx1_ASAP7_75t_R/layout.
INFO (XSTRM-220): 62. Translating STRUCTURE OAI22xp33_ASAP7_75t_R as cellView ECE755/OAI22xp33_ASAP7_75t_R/layout.
INFO (XSTRM-220): 63. Translating STRUCTURE O2A1O1Ixp5_ASAP7_75t_R as cellView ECE755/O2A1O1Ixp5_ASAP7_75t_R/layout.
INFO (XSTRM-220): 64. Translating STRUCTURE INVx3_ASAP7_75t_R as cellView ECE755/INVx3_ASAP7_75t_R/layout.
INFO (XSTRM-220): 65. Translating STRUCTURE NOR2x1p5_ASAP7_75t_R as cellView ECE755/NOR2x1p5_ASAP7_75t_R/layout.
INFO (XSTRM-220): 66. Translating STRUCTURE AOI21xp33_ASAP7_75t_R as cellView ECE755/AOI21xp33_ASAP7_75t_R/layout.
INFO (XSTRM-220): 67. Translating STRUCTURE NAND2x2_ASAP7_75t_R as cellView ECE755/NAND2x2_ASAP7_75t_R/layout.
INFO (XSTRM-220): 68. Translating STRUCTURE O2A1O1Ixp33_ASAP7_75t_R as cellView ECE755/O2A1O1Ixp33_ASAP7_75t_R/layout.
INFO (XSTRM-220): 69. Translating STRUCTURE NOR4xp25_ASAP7_75t_R as cellView ECE755/NOR4xp25_ASAP7_75t_R/layout.
INFO (XSTRM-220): 70. Translating STRUCTURE NOR4xp75_ASAP7_75t_R as cellView ECE755/NOR4xp75_ASAP7_75t_R/layout.
INFO (XSTRM-220): 71. Translating STRUCTURE TAPCELL_ASAP7_75t_R as cellView ECE755/TAPCELL_ASAP7_75t_R/layout.
INFO (XSTRM-220): 72. Translating STRUCTURE VIA12 as cellView ECE755/VIA12/layout.
INFO (XSTRM-220): 73. Translating STRUCTURE VIA23 as cellView ECE755/VIA23/layout.
INFO (XSTRM-220): 74. Translating STRUCTURE top_VIA0 as cellView ECE755/top_VIA0/layout.
INFO (XSTRM-220): 75. Translating STRUCTURE top_VIA1 as cellView ECE755/top_VIA1/layout.
INFO (XSTRM-220): 76. Translating STRUCTURE top as cellView ECE755/top/layout.
WARNING (XSTRM-58): Failed to create the new layer-purpose pair 'TEXT:drawing'. It will be skipped and all the shapes on this layer-purpose pair will be dropped.

Summary of Objects Translated:
	Instances:                              48044
	CustomVias:                             0
	StandardVias:                           3645
	CdsGenVias:                             0
	Arrays:                                 0
	Polygons:                               235
	Paths:                                  19279
	PathSegs:                               0
	Rectangles:                             10218
	Text:                                   712
	Node:                                   0
	Line:                                   0
	Cells:                                  76

Elapsed Time: 1.5s   User Time: 0.1s   CPU Time: 0.1s   Peak VM: 16516KB  CPUs Used: 2
INFO (XSTRM-234): Translation completed. '0' error(s) and '3' warning(s) found.
