
===========================================================================
 report_power
============================================================================
======================= Fastest Corner ===================================

Group                  Internal  Switching    Leakage      Total
                          Power      Power      Power      Power (Watts)
----------------------------------------------------------------
Sequential             3.34e-03   9.98e-04   3.58e-06   4.34e-03  27.4%
Combinational          5.82e-03   5.66e-03   5.88e-08   1.15e-02  72.6%
Macro                  0.00e+00   0.00e+00   0.00e+00   0.00e+00   0.0%
Pad                    0.00e+00   0.00e+00   0.00e+00   0.00e+00   0.0%
----------------------------------------------------------------
Total                  9.16e-03   6.66e-03   3.64e-06   1.58e-02 100.0%
                          57.9%      42.1%       0.0%

======================= Slowest Corner ===================================

Group                  Internal  Switching    Leakage      Total
                          Power      Power      Power      Power (Watts)
----------------------------------------------------------------
Sequential             2.25e-03   6.50e-04   1.59e-05   2.91e-03  26.9%
Combinational          4.18e-03   3.71e-03   2.38e-05   7.91e-03  73.1%
Macro                  0.00e+00   0.00e+00   0.00e+00   0.00e+00   0.0%
Pad                    0.00e+00   0.00e+00   0.00e+00   0.00e+00   0.0%
----------------------------------------------------------------
Total                  6.43e-03   4.36e-03   3.96e-05   1.08e-02 100.0%
                          59.4%      40.3%       0.4%

======================= Typical Corner ===================================

Group                  Internal  Switching    Leakage      Total
                          Power      Power      Power      Power (Watts)
----------------------------------------------------------------
Sequential             2.88e-03   8.35e-04   3.58e-06   3.72e-03  27.3%
Combinational          5.16e-03   4.76e-03   2.62e-08   9.92e-03  72.7%
Macro                  0.00e+00   0.00e+00   0.00e+00   0.00e+00   0.0%
Pad                    0.00e+00   0.00e+00   0.00e+00   0.00e+00   0.0%
----------------------------------------------------------------
Total                  8.05e-03   5.60e-03   3.60e-06   1.36e-02 100.0%
                          59.0%      41.0%       0.0%

