###############################################################
#  Generated by:      Cadence Innovus 21.19-s058_1
#  OS:                Linux x86_64(Host ID tux-131)
#  Generated on:      Sun Apr 26 15:08:31 2026
#  Design:            top
#  Command:           report_timing -max_paths 5 > ./timingReports/icg_timing.rpt
###############################################################
Path 1: MET Latch Borrowed Time Check with Pin u_pe_array/en_latched_reg/CLK 
Endpoint:   u_pe_array/en_latched_reg/D (^) checked with trailing edge of 'clk'
Beginpoint: u_fsm/state_reg[1]/QN       (v) triggered by  leading edge of 'clk'
Path Groups: {clk}
Analysis View: view_tc
Other End Arrival Time        1002.400
+ Time Borrowed                 0.000
+ Phase Shift                   0.000
= Required Time               1002.390
- Arrival Time                331.907
= Slack Time                  670.483
     Clock Rise Edge                 0.000
     + Clock Network Latency (Prop)  1.007
     = Beginpoint Arrival Time       1.007
     +---------------------------------------------------------------------------------------------------+ 
     |         Instance          |      Arc      |          Cell           |  Delay | Arrival | Required | 
     |                           |               |                         |        |  Time   |   Time   | 
     |---------------------------+---------------+-------------------------+--------+---------+----------| 
     | u_fsm/state_reg[1]        | CLK ^         |                         |        |   1.007 |  671.490 | 
     | u_fsm/state_reg[1]        | CLK ^ -> QN v | DFFASRHQNx1_ASAP7_75t_R | 84.300 |  85.307 |  755.790 | 
     | U756                      | A v -> Y ^    | INVx1_ASAP7_75t_R       | 35.500 | 120.807 |  791.290 | 
     | U1980                     | A ^ -> Y v    | NAND3xp33_ASAP7_75t_R   | 48.800 | 169.607 |  840.090 | 
     | FE_OFC27_n533             | A v -> Y v    | HB1xp67_ASAP7_75t_R     | 97.200 | 266.807 |  937.290 | 
     | U691                      | B v -> Y ^    | NAND2xp5_ASAP7_75t_R    | 64.400 | 331.207 | 1001.690 | 
     | u_pe_array/en_latched_reg | D ^           | DLLx1_ASAP7_75t_R       |  0.700 | 331.907 | 1002.390 | 
     +---------------------------------------------------------------------------------------------------+ 
Path 2: MET Clock Gating Setup Check with Pin u_pe_array/g_pe_row[3].g_pe_
col[3].u_pe/U85/B 
Endpoint:   u_pe_array/g_pe_row[3].g_pe_col[3].u_pe/U85/A (v) checked with  
leading edge of 'clk'
Beginpoint: u_pe_array/en_latched_reg/Q                   (v) triggered by 
trailing edge of 'clk'
Path Groups: {clock_gating_default}
Analysis View: view_tc
Other End Arrival Time          2.400
- Clock Gating Setup            0.000
+ Phase Shift                 2000.000
= Required Time               2002.390
- Arrival Time                959.792
= Slack Time                  1042.598
     Clock Fall Edge                 1000.000
     + Clock Network Latency (Prop)  -82.408
     = Beginpoint Arrival Time       917.592
     +---------------------------------------------------------------------------------------------------------------+ 
     |                  Instance                   |     Arc      |        Cell        |  Delay | Arrival | Required | 
     |                                             |              |                    |        |  Time   |   Time   | 
     |---------------------------------------------+--------------+--------------------+--------+---------+----------| 
     | u_pe_array/en_latched_reg                   | CLK v        |                    |        | 917.592 | 1960.190 | 
     | u_pe_array/en_latched_reg                   | CLK v -> Q v | DLLx1_ASAP7_75t_R  | 42.100 | 959.692 | 2002.290 | 
     | u_pe_array/g_pe_row[3].g_pe_col[3].u_pe/U85 | A v          | AND2x2_ASAP7_75t_R |  0.100 | 959.792 | 2002.390 | 
     +---------------------------------------------------------------------------------------------------------------+ 
Path 3: MET Setup Check with Pin u_pe_array/g_pe_row[3].g_pe_col[1].u_pe/move_
reg_reg[2]/CLK 
Endpoint:   u_pe_array/g_pe_row[3].g_pe_col[1].u_pe/move_reg_reg[2]/D (v) 
checked with  leading edge of 'clk'
Beginpoint: u_fsm/state_reg[1]/QN                                     (v) 
triggered by  leading edge of 'clk'
Path Groups: {clk}
Analysis View: view_tc
Other End Arrival Time         75.200
- Setup                        11.248
+ Phase Shift                 2000.000
= Required Time               2063.942
- Arrival Time                877.807
= Slack Time                  1186.135
     Clock Rise Edge                 0.000
     + Clock Network Latency (Prop)  1.007
     = Beginpoint Arrival Time       1.007
     +-----------------------------------------------------------------------------------------------------------------------------+ 
     |                      Instance                      |      Arc      |          Cell           |  Delay  | Arrival | Required | 
     |                                                    |               |                         |         |  Time   |   Time   | 
     |----------------------------------------------------+---------------+-------------------------+---------+---------+----------| 
     | u_fsm/state_reg[1]                                 | CLK ^         |                         |         |   1.007 | 1187.142 | 
     | u_fsm/state_reg[1]                                 | CLK ^ -> QN v | DFFASRHQNx1_ASAP7_75t_R |  84.300 |  85.307 | 1271.442 | 
     | U695                                               | B v -> Y ^    | NAND2xp5_ASAP7_75t_R    |  32.300 | 117.607 | 1303.742 | 
     | U760                                               | A ^ -> Y v    | INVx1_ASAP7_75t_R       |  20.800 | 138.407 | 1324.542 | 
     | U694                                               | A v -> Y ^    | NAND2x1_ASAP7_75t_R     |  96.300 | 234.707 | 1420.842 | 
     | FE_OFC25_u_fsm_n77                                 | A ^ -> Y ^    | HB1xp67_ASAP7_75t_R     | 134.900 | 369.607 | 1555.742 | 
     | U1945                                              | A ^ -> Y v    | INVx1_ASAP7_75t_R       |  97.100 | 466.707 | 1652.842 | 
     | U1883                                              | C v -> Y ^    | NOR4xp25_ASAP7_75t_R    |  38.000 | 504.707 | 1690.842 | 
     | FE_OFC30_n531                                      | A ^ -> Y ^    | HB1xp67_ASAP7_75t_R     | 106.700 | 611.407 | 1797.542 | 
     | U2160                                              | B ^ -> Y v    | AOI21xp5_ASAP7_75t_R    |  80.800 | 692.207 | 1878.342 | 
     | U2159                                              | A v -> Y ^    | NOR2xp33_ASAP7_75t_R    | 133.100 | 825.307 | 2011.442 | 
     | U1255                                              | A1 ^ -> Y v   | AOI222xp33_ASAP7_75t_R  |  52.400 | 877.707 | 2063.842 | 
     | u_pe_array/g_pe_row[3].g_pe_col[1].u_pe/move_reg_r | D v           | DFFASRHQNx1_ASAP7_75t_R |   0.100 | 877.807 | 2063.942 | 
     | eg[2]                                              |               |                         |         |         |          | 
     +-----------------------------------------------------------------------------------------------------------------------------+ 
Path 4: MET Setup Check with Pin u_pe_array/g_pe_row[3].g_pe_col[1].u_pe/move_
reg_reg[3]/CLK 
Endpoint:   u_pe_array/g_pe_row[3].g_pe_col[1].u_pe/move_reg_reg[3]/D (v) 
checked with  leading edge of 'clk'
Beginpoint: u_fsm/state_reg[1]/QN                                     (v) 
triggered by  leading edge of 'clk'
Path Groups: {clk}
Analysis View: view_tc
Other End Arrival Time         75.200
- Setup                        10.690
+ Phase Shift                 2000.000
= Required Time               2064.500
- Arrival Time                875.807
= Slack Time                  1188.693
     Clock Rise Edge                 0.000
     + Clock Network Latency (Prop)  1.007
     = Beginpoint Arrival Time       1.007
     +-----------------------------------------------------------------------------------------------------------------------------+ 
     |                      Instance                      |      Arc      |          Cell           |  Delay  | Arrival | Required | 
     |                                                    |               |                         |         |  Time   |   Time   | 
     |----------------------------------------------------+---------------+-------------------------+---------+---------+----------| 
     | u_fsm/state_reg[1]                                 | CLK ^         |                         |         |   1.008 | 1189.701 | 
     | u_fsm/state_reg[1]                                 | CLK ^ -> QN v | DFFASRHQNx1_ASAP7_75t_R |  84.300 |  85.308 | 1274.001 | 
     | U695                                               | B v -> Y ^    | NAND2xp5_ASAP7_75t_R    |  32.300 | 117.608 | 1306.301 | 
     | U760                                               | A ^ -> Y v    | INVx1_ASAP7_75t_R       |  20.800 | 138.407 | 1327.100 | 
     | U694                                               | A v -> Y ^    | NAND2x1_ASAP7_75t_R     |  96.300 | 234.707 | 1423.400 | 
     | FE_OFC25_u_fsm_n77                                 | A ^ -> Y ^    | HB1xp67_ASAP7_75t_R     | 134.900 | 369.607 | 1558.300 | 
     | U1945                                              | A ^ -> Y v    | INVx1_ASAP7_75t_R       |  97.100 | 466.707 | 1655.400 | 
     | U1883                                              | C v -> Y ^    | NOR4xp25_ASAP7_75t_R    |  38.000 | 504.707 | 1693.400 | 
     | FE_OFC30_n531                                      | A ^ -> Y ^    | HB1xp67_ASAP7_75t_R     | 106.700 | 611.407 | 1800.100 | 
     | U2160                                              | B ^ -> Y v    | AOI21xp5_ASAP7_75t_R    |  80.800 | 692.207 | 1880.900 | 
     | U2159                                              | A v -> Y ^    | NOR2xp33_ASAP7_75t_R    | 133.100 | 825.307 | 2014.000 | 
     | U1257                                              | A1 ^ -> Y v   | AOI222xp33_ASAP7_75t_R  |  50.500 | 875.807 | 2064.500 | 
     | u_pe_array/g_pe_row[3].g_pe_col[1].u_pe/move_reg_r | D v           | DFFASRHQNx1_ASAP7_75t_R |   0.000 | 875.807 | 2064.500 | 
     | eg[3]                                              |               |                         |         |         |          | 
     +-----------------------------------------------------------------------------------------------------------------------------+ 
Path 5: MET Setup Check with Pin u_pe_array/g_pe_row[3].g_pe_col[1].u_pe/move_
reg_reg[5]/CLK 
Endpoint:   u_pe_array/g_pe_row[3].g_pe_col[1].u_pe/move_reg_reg[5]/D (v) 
checked with  leading edge of 'clk'
Beginpoint: u_fsm/state_reg[1]/QN                                     (v) 
triggered by  leading edge of 'clk'
Path Groups: {clk}
Analysis View: view_tc
Other End Arrival Time         75.300
- Setup                         9.999
+ Phase Shift                 2000.000
= Required Time               2065.291
- Arrival Time                876.107
= Slack Time                  1189.184
     Clock Rise Edge                 0.000
     + Clock Network Latency (Prop)  1.007
     = Beginpoint Arrival Time       1.007
     +-----------------------------------------------------------------------------------------------------------------------------+ 
     |                      Instance                      |      Arc      |          Cell           |  Delay  | Arrival | Required | 
     |                                                    |               |                         |         |  Time   |   Time   | 
     |----------------------------------------------------+---------------+-------------------------+---------+---------+----------| 
     | u_fsm/state_reg[1]                                 | CLK ^         |                         |         |   1.007 | 1190.191 | 
     | u_fsm/state_reg[1]                                 | CLK ^ -> QN v | DFFASRHQNx1_ASAP7_75t_R |  84.300 |  85.307 | 1274.491 | 
     | U695                                               | B v -> Y ^    | NAND2xp5_ASAP7_75t_R    |  32.300 | 117.607 | 1306.791 | 
     | U760                                               | A ^ -> Y v    | INVx1_ASAP7_75t_R       |  20.800 | 138.407 | 1327.591 | 
     | U694                                               | A v -> Y ^    | NAND2x1_ASAP7_75t_R     |  96.300 | 234.707 | 1423.891 | 
     | FE_OFC25_u_fsm_n77                                 | A ^ -> Y ^    | HB1xp67_ASAP7_75t_R     | 134.900 | 369.607 | 1558.791 | 
     | U1945                                              | A ^ -> Y v    | INVx1_ASAP7_75t_R       |  97.100 | 466.707 | 1655.891 | 
     | U1883                                              | C v -> Y ^    | NOR4xp25_ASAP7_75t_R    |  38.000 | 504.707 | 1693.891 | 
     | FE_OFC30_n531                                      | A ^ -> Y ^    | HB1xp67_ASAP7_75t_R     | 106.700 | 611.407 | 1800.591 | 
     | U2160                                              | B ^ -> Y v    | AOI21xp5_ASAP7_75t_R    |  80.800 | 692.207 | 1881.391 | 
     | U2159                                              | A v -> Y ^    | NOR2xp33_ASAP7_75t_R    | 133.100 | 825.307 | 2014.491 | 
     | U1261                                              | A1 ^ -> Y v   | AOI222xp33_ASAP7_75t_R  |  50.700 | 876.007 | 2065.191 | 
     | u_pe_array/g_pe_row[3].g_pe_col[1].u_pe/move_reg_r | D v           | DFFASRHQNx1_ASAP7_75t_R |   0.100 | 876.107 | 2065.291 | 
     | eg[5]                                              |               |                         |         |         |          | 
     +-----------------------------------------------------------------------------------------------------------------------------+ 

