
Power Net Detected:
        Voltage	    Name
             0V	    VSS
           0.7V	    VDD
Using Power View: view_tc.
Load RC corner of view view_tc

Begin Power Analysis

             0V	    VSS
           0.7V	    VDD

Begin Processing Timing Library for Power Calculation

Ended Processing Timing Library for Power Calculation: (cpu=0:00:00, real=0:00:00, mem(process/total/peak)=2759.63MB/5544.62MB/2759.63MB)



Begin Processing Power Net/Grid for Power Calculation

Ended Processing Power Net/Grid for Power Calculation: (cpu=0:00:00, real=0:00:00, mem(process/total/peak)=2759.63MB/5544.62MB/2759.63MB)

Begin Processing Timing Window Data for Power Calculation

clk(1000MHz) CK: assigning clock clk to net clk
Ended Processing Timing Window Data for Power Calculation: (cpu=0:00:00, real=0:00:00, mem(process/total/peak)=2761.07MB/5544.62MB/2761.07MB)

Begin Processing User Attributes

Ended Processing User Attributes: (cpu=0:00:00, real=0:00:00, mem(process/total/peak)=2761.07MB/5544.62MB/2761.07MB)

Begin Processing Signal Activity


Starting Levelizing
2026-Jan-31 16:57:54 (2026-Jan-31 22:57:54 GMT)
2026-Jan-31 16:57:54 (2026-Jan-31 22:57:54 GMT): 10%
2026-Jan-31 16:57:54 (2026-Jan-31 22:57:54 GMT): 20%
2026-Jan-31 16:57:54 (2026-Jan-31 22:57:54 GMT): 30%
2026-Jan-31 16:57:54 (2026-Jan-31 22:57:54 GMT): 40%
2026-Jan-31 16:57:54 (2026-Jan-31 22:57:54 GMT): 50%
2026-Jan-31 16:57:54 (2026-Jan-31 22:57:54 GMT): 60%
2026-Jan-31 16:57:54 (2026-Jan-31 22:57:54 GMT): 70%
2026-Jan-31 16:57:54 (2026-Jan-31 22:57:54 GMT): 80%
2026-Jan-31 16:57:54 (2026-Jan-31 22:57:54 GMT): 90%

Finished Levelizing
2026-Jan-31 16:57:54 (2026-Jan-31 22:57:54 GMT)

Starting Activity Propagation
2026-Jan-31 16:57:54 (2026-Jan-31 22:57:54 GMT)
** INFO:  (VOLTUS_POWR-1356): No default input activity has been set. Defaulting to 0.2.
Use 'set_default_switching_activity -input_activity' command to change the default activity value.

2026-Jan-31 16:57:54 (2026-Jan-31 22:57:54 GMT): 10%
2026-Jan-31 16:57:54 (2026-Jan-31 22:57:54 GMT): 20%
2026-Jan-31 16:57:54 (2026-Jan-31 22:57:54 GMT): 30%

Finished Activity Propagation
2026-Jan-31 16:57:54 (2026-Jan-31 22:57:54 GMT)
Ended Processing Signal Activity: (cpu=0:00:00, real=0:00:00, mem(process/total/peak)=2761.07MB/5544.62MB/2761.07MB)

Begin Power Computation

      ----------------------------------------------------------
      # of cell(s) missing both power/leakage table: 0
      # of cell(s) missing power table: 1
      # of cell(s) missing leakage table: 0
      ----------------------------------------------------------
CellName                                  Missing Table(s)
TIELOx1_ASAP7_75t_R                       internal power, 



Starting Calculating power
2026-Jan-31 16:57:54 (2026-Jan-31 22:57:54 GMT)
2026-Jan-31 16:57:54 (2026-Jan-31 22:57:54 GMT): 10%
2026-Jan-31 16:57:54 (2026-Jan-31 22:57:54 GMT): 20%
2026-Jan-31 16:57:54 (2026-Jan-31 22:57:54 GMT): 30%
2026-Jan-31 16:57:54 (2026-Jan-31 22:57:54 GMT): 40%
2026-Jan-31 16:57:54 (2026-Jan-31 22:57:54 GMT): 50%
2026-Jan-31 16:57:54 (2026-Jan-31 22:57:54 GMT): 60%
2026-Jan-31 16:57:54 (2026-Jan-31 22:57:54 GMT): 70%
2026-Jan-31 16:57:54 (2026-Jan-31 22:57:54 GMT): 80%
2026-Jan-31 16:57:54 (2026-Jan-31 22:57:54 GMT): 90%

Finished Calculating power
2026-Jan-31 16:57:54 (2026-Jan-31 22:57:54 GMT)
      # of MSMV cell(s) missing power_level: 0
Ended Power Computation: (cpu=0:00:00, real=0:00:00, mem(process/total/peak)=2777.04MB/5632.66MB/2777.04MB)

Begin Processing User Attributes

Ended Processing User Attributes: (cpu=0:00:00, real=0:00:00, mem(process/total/peak)=2777.04MB/5632.66MB/2777.04MB)

Ended Power Analysis: (cpu=0:00:00, real=0:00:00, mem(process/total/peak)=2777.04MB/5632.66MB/2777.04MB)

Begin Boundary Leakage Calculation
Ended Boundary Leakage Calculation: (cpu=0:00:00, real=0:00:00,
mem(process/total/peak)=2777.04MB/5632.66MB/2777.04MB)
Begin Static Power Report Generation
*----------------------------------------------------------------------------------------
*	Innovus 21.19-s058_1 (64bit) 04/04/2024 09:59 (Linux 3.10.0-693.el7.x86_64)
*	
*
* 	Date & Time:	2026-Jan-31 16:57:54 (2026-Jan-31 22:57:54 GMT)
*
*----------------------------------------------------------------------------------------
*
*	Design: top
*
*	Liberty Libraries used:
*	        view_tc: ./asap7sc7p5t_28/LIB/NLDM/asap7sc7p5t_AO_RVT_TT_nldm_211120.lib
*	        view_tc: ./asap7sc7p5t_28/LIB/NLDM/asap7sc7p5t_INVBUF_RVT_TT_nldm_220122.lib
*	        view_tc: ./asap7sc7p5t_28/LIB/NLDM/asap7sc7p5t_OA_RVT_TT_nldm_211120.lib
*	        view_tc: ./asap7sc7p5t_28/LIB/NLDM/asap7sc7p5t_SEQ_RVT_TT_nldm_220123.lib
*	        view_tc: ./asap7sc7p5t_28/LIB/NLDM/asap7sc7p5t_SIMPLE_RVT_TT_nldm_211120.lib
*
*	Parasitic Files used:
*
*       Power View : view_tc
*
*       User-Defined Activity : N.A.
*
*       Activity File: N.A.
*
*       Hierarchical Global Activity: N.A.
*
*       Global Activity: N.A.
*
*       Sequential Element Activity: 0.200000
*
*       Primary Input Activity: 0.200000
*
*       Default icg ratio: N.A.
*
*       Global Comb ClockGate Ratio: N.A.
*
*	Power Units = 1mW
*
*	Time Units = 1e-12 secs
*
*       report_power
*
-----------------------------------------------------------------------------------------
*



Total Power
-----------------------------------------------------------------------------------------
Total Internal Power:        0.61399108 	   42.5870%
Total Switching Power:       0.82732022 	   57.3837%
Total Leakage Power:         0.00042311 	    0.0293%
Total Power:                 1.44173441
-----------------------------------------------------------------------------------------


Group                           Internal   Switching     Leakage       Total  Percentage 
                                Power      Power         Power         Power  (%)        
-----------------------------------------------------------------------------------------
Sequential                        0.1228    0.008953   2.099e-05      0.1317       9.137
Macro                                  0           0           0           0           0
IO                                     0           0   1.656e-09   1.656e-09   1.148e-07
Combinational                     0.4769      0.7912   0.0004001       1.269       87.99
Clock (Combinational)            0.01429     0.02718   2.046e-06     0.04147       2.877
Clock (Sequential)                     0           0           0           0           0
-----------------------------------------------------------------------------------------
Total                              0.614      0.8273   0.0004231       1.442         100
-----------------------------------------------------------------------------------------


Rail                  Voltage   Internal   Switching     Leakage       Total  Percentage 
                                Power      Power         Power         Power  (%)        
-----------------------------------------------------------------------------------------
VDD                       0.7      0.614      0.8273   0.0004231       1.442         100


Clock                           Internal   Switching     Leakage       Total  Percentage 
                                Power      Power         Power         Power  (%)        
-----------------------------------------------------------------------------------------
clk                              0.01429     0.02718   2.046e-06     0.04147       2.877
-----------------------------------------------------------------------------------------
Total                            0.01429     0.02718   2.046e-06     0.04147       2.877
-----------------------------------------------------------------------------------------
Clock: clk
Clock Period: 0.001000 usec 
Clock Toggle Rate:  1999.9999 Mhz 
Clock Static Probability:  0.5000
  
 
 
-----------------------------------------------------------------------------------------
*	Power Distribution Summary: 
*              Highest Average Power:       CTS_ccl_a_buf_00002 (BUFx16f_ASAP7_75t_R):          0.02047
*              Highest Leakage Power:       CTS_ccl_a_buf_00002 (BUFx16f_ASAP7_75t_R):        1.023e-06
*                Total Cap:      8.27265e-12 F
*                Total instances in design:  4529
*                Total instances in design with no power:     0
*                Total instances in design with no activty:     0

*                Total Fillers and Decap:     0
-----------------------------------------------------------------------------------------
 
** INFO:  (VOLTUS_POWR-3465): There are 0 decaps and 0 fillers in the design

Ended Static Power Report Generation: (cpu=0:00:00, real=0:00:00,
mem(process/total/peak)=2778.86MB/5632.66MB/2778.86MB)

