\o Program:		@(#)$CDS: libManager version 23.1 - CAT38 04/16/2025 22:12 (cpgbld17) $
\o Sub version:		sub-version  s142 
\o Arguments:		-mpssession virtuoso3977253 -mpshost tux-113 -masterPID 3977253 -ADVM 
\o Working Directory:	tux-113:/filespace/v/vsathishkuma/ECE755/ECE_755_Project/GDS/asap7_rundir
\o 64-bit offsets
\o Qt version: 		5.15.9
\o Log file is "/filespace/v/vsathishkuma/ECE755/ECE_755_Project/GDS/asap7_rundir/libManager.log".
\o Opening libManager window.
\a nrSetCurrentWindow(cdsLibManager)
\a nrResizeWindow(cdsLibManager list(654 351 894 491))
\o MPS virtuoso types registered: 68
\o changeWorkingDir("/filespace/v/vsathishkuma/ECE755/ECE_755_Project/GDS/asap7_rundir") unnecessary.
\o ddSetForcedLib("") unnecessary.
\o Session hidden cells enabled.
\o MPS service: map window
\w Warning: The directory: '/filespace/v/vsathishkuma/ECE755/ECE_755_Project/GDS/asap7_rundir/$CDSHOME/tools/dfII/samples/cdslib/sample' does not exist
\w 	but was defined in libFile '/filespace/v/vsathishkuma/ECE755/ECE_755_Project/GDS/asap7_rundir/cds.lib' for Lib 'sample'.
\w Warning: The directory: '/filespace/v/vsathishkuma/ECE755/ECE_755_Project/GDS/asap7_rundir/$CDSHOME/tools/dfII/samples/cdslib/sample' does not exist
\w 	but was defined in libFile '/filespace/v/vsathishkuma/ECE755/ECE_755_Project/GDS/asap7_rundir/cds.lib' for Lib 'sample'.
\o Library Manager customization server connected.
\w Warning: The directory: '/filespace/v/vsathishkuma/ECE755/ECE_755_Project/GDS/asap7_rundir/$CDSHOME/tools/dfII/samples/cdslib/sample' does not exist
\w 	but was defined in libFile '/filespace/v/vsathishkuma/ECE755/ECE_755_Project/GDS/asap7_rundir/cds.lib' for Lib 'sample'.
\w Warning: The directory: '/filespace/v/vsathishkuma/ECE755/ECE_755_Project/GDS/asap7_rundir/$CDSHOME/tools/dfII/samples/cdslib/sample' does not exist
\w 	but was defined in libFile '/filespace/v/vsathishkuma/ECE755/ECE_755_Project/GDS/asap7_rundir/cds.lib' for Lib 'sample'.
\a nrSetCurrentWindow(cdsLibManager)
\w Warning: The directory: '/filespace/v/vsathishkuma/ECE755/ECE_755_Project/GDS/asap7_rundir/$CDSHOME/tools/dfII/samples/cdslib/sample' does not exist
\w 	but was defined in libFile '/filespace/v/vsathishkuma/ECE755/ECE_755_Project/GDS/asap7_rundir/cds.lib' for Lib 'sample'.
\w Warning: The directory: '/filespace/v/vsathishkuma/ECE755/ECE_755_Project/GDS/asap7_rundir/$CDSHOME/tools/dfII/samples/cdslib/sample' does not exist
\w 	but was defined in libFile '/filespace/v/vsathishkuma/ECE755/ECE_755_Project/GDS/asap7_rundir/cds.lib' for Lib 'sample'.
\w Warning: The directory: '/filespace/v/vsathishkuma/ECE755/ECE_755_Project/GDS/asap7_rundir/$CDSHOME/tools/dfII/samples/cdslib/sample' does not exist
\w 	but was defined in libFile '/filespace/v/vsathishkuma/ECE755/ECE_755_Project/GDS/asap7_rundir/cds.lib' for Lib 'sample'.
\w Warning: The directory: '/filespace/v/vsathishkuma/ECE755/ECE_755_Project/GDS/asap7_rundir/$CDSHOME/tools/dfII/samples/cdslib/sample' does not exist
\w 	but was defined in libFile '/filespace/v/vsathishkuma/ECE755/ECE_755_Project/GDS/asap7_rundir/cds.lib' for Lib 'sample'.
\w Warning: The directory: '/filespace/v/vsathishkuma/ECE755/ECE_755_Project/GDS/asap7_rundir/$CDSHOME/tools/dfII/samples/cdslib/sample' does not exist
\w 	but was defined in libFile '/filespace/v/vsathishkuma/ECE755/ECE_755_Project/GDS/asap7_rundir/cds.lib' for Lib 'sample'.
\w Warning: The directory: '/filespace/v/vsathishkuma/ECE755/ECE_755_Project/GDS/asap7_rundir/$CDSHOME/tools/dfII/samples/cdslib/sample' does not exist
\w 	but was defined in libFile '/filespace/v/vsathishkuma/ECE755/ECE_755_Project/GDS/asap7_rundir/cds.lib' for Lib 'sample'.
\w Warning: The directory: '/filespace/v/vsathishkuma/ECE755/ECE_755_Project/GDS/asap7_rundir/$CDSHOME/tools/dfII/samples/cdslib/sample' does not exist
\w 	but was defined in libFile '/filespace/v/vsathishkuma/ECE755/ECE_755_Project/GDS/asap7_rundir/cds.lib' for Lib 'sample'.
\w Warning: The directory: '/filespace/v/vsathishkuma/ECE755/ECE_755_Project/GDS/asap7_rundir/$CDSHOME/tools/dfII/samples/cdslib/sample' does not exist
\w 	but was defined in libFile '/filespace/v/vsathishkuma/ECE755/ECE_755_Project/GDS/asap7_rundir/cds.lib' for Lib 'sample'.
