
65. Printing statistics.

=== top ===

   Number of wires:               4387
   Number of wire bits:           4438
   Number of public wires:         844
   Number of public wire bits:     895
   Number of memories:               0
   Number of memory bits:            0
   Number of processes:              0
   Number of cells:               4403
     sky130_fd_sc_hd__a211o_2       16
     sky130_fd_sc_hd__a211oi_2       8
     sky130_fd_sc_hd__a21bo_2       16
     sky130_fd_sc_hd__a21boi_2       9
     sky130_fd_sc_hd__a21o_2        77
     sky130_fd_sc_hd__a21oi_2      136
     sky130_fd_sc_hd__a221o_2       36
     sky130_fd_sc_hd__a22o_2       462
     sky130_fd_sc_hd__a2bb2o_2      43
     sky130_fd_sc_hd__a311o_2        1
     sky130_fd_sc_hd__a31o_2        44
     sky130_fd_sc_hd__a32o_2       159
     sky130_fd_sc_hd__a41o_2         2
     sky130_fd_sc_hd__and2_2        95
     sky130_fd_sc_hd__and2b_2       77
     sky130_fd_sc_hd__and3_2       128
     sky130_fd_sc_hd__and3b_2       17
     sky130_fd_sc_hd__and4b_2        3
     sky130_fd_sc_hd__and4bb_2       8
     sky130_fd_sc_hd__buf_1        350
     sky130_fd_sc_hd__dfrtp_2      747
     sky130_fd_sc_hd__dfxtp_2      108
     sky130_fd_sc_hd__inv_2        103
     sky130_fd_sc_hd__mux2_2       451
     sky130_fd_sc_hd__nand2_2      278
     sky130_fd_sc_hd__nand2b_2       2
     sky130_fd_sc_hd__nand3_2       15
     sky130_fd_sc_hd__nand4_2       14
     sky130_fd_sc_hd__nand4b_2       1
     sky130_fd_sc_hd__nor2_2       137
     sky130_fd_sc_hd__nor2b_2        1
     sky130_fd_sc_hd__nor3_2        14
     sky130_fd_sc_hd__nor3b_2        4
     sky130_fd_sc_hd__nor4_2         4
     sky130_fd_sc_hd__o2111a_2       2
     sky130_fd_sc_hd__o211a_2       61
     sky130_fd_sc_hd__o211ai_2       4
     sky130_fd_sc_hd__o21a_2        63
     sky130_fd_sc_hd__o21ai_2       70
     sky130_fd_sc_hd__o21ba_2       12
     sky130_fd_sc_hd__o21bai_2      18
     sky130_fd_sc_hd__o22a_2        12
     sky130_fd_sc_hd__o22ai_2       10
     sky130_fd_sc_hd__o2bb2a_2      10
     sky130_fd_sc_hd__o31a_2         9
     sky130_fd_sc_hd__o32a_2         2
     sky130_fd_sc_hd__o41a_2         2
     sky130_fd_sc_hd__or2_2        248
     sky130_fd_sc_hd__or2b_2        22
     sky130_fd_sc_hd__or3_2         58
     sky130_fd_sc_hd__or3b_2         7
     sky130_fd_sc_hd__or4_2         12
     sky130_fd_sc_hd__or4b_2         1
     sky130_fd_sc_hd__or4bb_2        1
     sky130_fd_sc_hd__xnor2_2      159
     sky130_fd_sc_hd__xor2_2        54

   Chip area for module '\top': 53172.246400

