 
****************************************
Report : qor
Design : top
Version: X-2025.06
Date   : Wed Apr 22 20:25:49 2026
****************************************


  Timing Path Group 'clk'
  -----------------------------------
  Levels of Logic:               7.00
  Critical Path Length:        268.13
  Critical Path Slack:         731.86
  Critical Path Clk Period:   2000.00
  Total Negative Slack:          0.00
  No. of Violating Paths:        0.00
  Worst Hold Violation:          0.00
  Total Hold Violation:          0.00
  No. of Hold Violations:        0.00
  -----------------------------------


  Cell Count
  -----------------------------------
  Hierarchical Cell Count:          0
  Hierarchical Port Count:          0
  Leaf Cell Count:               2611
  Buf/Inv Cell Count:             388
  Buf Cell Count:                  55
  Inv Cell Count:                 333
  CT Buf/Inv Cell Count:            0
  Combinational Cell Count:      2010
  Sequential Cell Count:          601
  Macro Count:                      0
  -----------------------------------


  Area
  -----------------------------------
  Combinational Area:      192.878819
  Noncombinational Area:   218.218858
  Buf/Inv Area:             17.773020
  Total Buffer Area:             3.21
  Total Inverter Area:          14.57
  Macro/Black Box Area:      0.000000
  Net Area:                  0.000000
  -----------------------------------
  Cell Area:               411.097676
  Design Area:             411.097676


  Design Rules
  -----------------------------------
  Total Number of Nets:          2834
  Nets With Violations:             0
  Max Trans Violations:             0
  Max Cap Violations:               0
  -----------------------------------


  Hostname: tux-131

  Compile CPU Statistics
  -----------------------------------------
  Resource Sharing:                    0.00
  Logic Optimization:                  1.16
  Mapping Optimization:                1.92
  -----------------------------------------
  Overall Compile Time:                4.39
  Overall Compile Wall Clock Time:     3.73

  --------------------------------------------------------------------

  Design  WNS: 0.00  TNS: 0.00  Number of Violating Paths: 0


  Design (Hold)  WNS: 0.00  TNS: 0.00  Number of Violating Paths: 0

  --------------------------------------------------------------------


1
