 
****************************************
Report : qor
Design : top
Version: X-2025.06
Date   : Wed Apr 22 20:16:58 2026
****************************************


  Timing Path Group 'clk'
  -----------------------------------
  Levels of Logic:               6.00
  Critical Path Length:        193.14
  Critical Path Slack:         806.85
  Critical Path Clk Period:   2000.00
  Total Negative Slack:          0.00
  No. of Violating Paths:        0.00
  Worst Hold Violation:          0.00
  Total Hold Violation:          0.00
  No. of Hold Violations:        0.00
  -----------------------------------


  Cell Count
  -----------------------------------
  Hierarchical Cell Count:          0
  Hierarchical Port Count:          0
  Leaf Cell Count:               2750
  Buf/Inv Cell Count:             492
  Buf Cell Count:                  64
  Inv Cell Count:                 428
  CT Buf/Inv Cell Count:            0
  Combinational Cell Count:      2117
  Sequential Cell Count:          633
  Macro Count:                      0
  -----------------------------------


  Area
  -----------------------------------
  Combinational Area:      197.384038
  Noncombinational Area:   230.349418
  Buf/Inv Area:             22.453200
  Total Buffer Area:             3.73
  Total Inverter Area:          18.72
  Macro/Black Box Area:      0.000000
  Net Area:                  0.000000
  -----------------------------------
  Cell Area:               427.733456
  Design Area:             427.733456


  Design Rules
  -----------------------------------
  Total Number of Nets:          2973
  Nets With Violations:             0
  Max Trans Violations:             0
  Max Cap Violations:               0
  -----------------------------------


  Hostname: tux-131

  Compile CPU Statistics
  -----------------------------------------
  Resource Sharing:                    0.00
  Logic Optimization:                  1.23
  Mapping Optimization:                1.74
  -----------------------------------------
  Overall Compile Time:                4.35
  Overall Compile Wall Clock Time:     3.79

  --------------------------------------------------------------------

  Design  WNS: 0.00  TNS: 0.00  Number of Violating Paths: 0


  Design (Hold)  WNS: 0.00  TNS: 0.00  Number of Violating Paths: 0

  --------------------------------------------------------------------


1
