###############################################################
#  Generated by:      Cadence Innovus 21.19-s058_1
#  OS:                Linux x86_64(Host ID linux-2611)
#  Generated on:      Sat Jan 31 16:57:54 2026
#  Design:            top
#  Command:           report_timing > ./reports/post_route.timing.rpt
###############################################################
Path 1: MET Setup Check with Pin out0_reg[16]/CLK 
Endpoint:   out0_reg[16]/D (v) checked with  leading edge of 'clk'
Beginpoint: p4_reg[11]/QN  (v) triggered by  leading edge of 'clk'
Path Groups: {clk}
Analysis View: view_tc
Other End Arrival Time         59.200
- Setup                         0.003
+ Phase Shift                 1000.000
= Required Time               1059.187
- Arrival Time                976.506
= Slack Time                   82.681
     Clock Rise Edge                 0.000
     + Clock Network Latency (Prop)  -1.194
     = Beginpoint Arrival Time       -1.194
     +--------------------------------------------------------------------------------------------------------------------+ 
     |                  Instance                   |      Arc      |          Cell          |  Delay | Arrival | Required | 
     |                                             |               |                        |        |  Time   |   Time   | 
     |---------------------------------------------+---------------+------------------------+--------+---------+----------| 
     | p4_reg[11]                                  | CLK ^         |                        |        |  -1.194 |   81.487 | 
     | p4_reg[11]                                  | CLK ^ -> QN v | SDFHx4_ASAP7_75t_R     | 56.500 |  55.306 |  137.987 | 
     | FE_OFC2_N96                                 | A v -> Y ^    | INVx6_ASAP7_75t_R      | 17.800 |  73.106 |  155.787 | 
     | U3742                                       | B ^ -> Y v    | NAND2x1p5_ASAP7_75t_R  | 22.400 |  95.506 |  178.187 | 
     | FE_OFC46_n2411                              | A v -> Y ^    | INVx4_ASAP7_75t_R      | 20.500 | 116.006 |  198.687 | 
     | U3890                                       | B ^ -> Y v    | NAND2xp5_ASAP7_75t_R   | 21.200 | 137.206 |  219.887 | 
     | U3780                                       | A v -> Y ^    | NOR3xp33_ASAP7_75t_R   | 38.700 | 175.906 |  258.587 | 
     | mult_62/S2_2_1                              | B ^ -> SN ^   | FAx1_ASAP7_75t_R       | 51.800 | 227.706 |  310.387 | 
     | U2338                                       | A ^ -> Y v    | INVx1_ASAP7_75t_R      | 19.200 | 246.906 |  329.587 | 
     | mult_62/S1_3_0                              | CI v -> CON ^ | FAx1_ASAP7_75t_R       | 23.100 | 270.006 |  352.687 | 
     | U3644                                       | A ^ -> Y v    | INVx1_ASAP7_75t_R      | 20.700 | 290.706 |  373.387 | 
     | mult_62/S1_4_0                              | B v -> CON ^  | FAx1_ASAP7_75t_R       | 25.600 | 316.306 |  398.987 | 
     | U3870                                       | A ^ -> Y v    | INVx1_ASAP7_75t_R      | 21.300 | 337.606 |  420.287 | 
     | mult_62/S1_5_0                              | B v -> CON ^  | FAx1_ASAP7_75t_R       | 30.600 | 368.206 |  450.887 | 
     | mult_62/S1_5_0                              | CON ^ -> SN v | FAx1_ASAP7_75t_R       | 23.900 | 392.106 |  474.787 | 
     | U3668                                       | A v -> Y ^    | NOR3xp33_ASAP7_75t_R   | 34.600 | 426.706 |  509.387 | 
     | U3755                                       | C ^ -> Y v    | O2A1O1Ixp5_ASAP7_75t_R | 29.200 | 455.906 |  538.587 | 
     | add_2_root_add_0_root_add_73_3/U1_5         | A v -> CON ^  | FAx1_ASAP7_75t_R       | 29.500 | 485.406 |  568.087 | 
     | U3992                                       | A ^ -> Y v    | INVx1_ASAP7_75t_R      | 18.400 | 503.806 |  586.487 | 
     | add_2_root_add_0_root_add_73_3/U1_6         | CI v -> CON ^ | FAx1_ASAP7_75t_R       | 22.600 | 526.406 |  609.087 | 
     | U2292                                       | A ^ -> Y v    | INVx1_ASAP7_75t_R      | 18.300 | 544.706 |  627.387 | 
     | add_2_root_add_0_root_add_73_3/U1_7         | CI v -> CON ^ | FAx1_ASAP7_75t_R       | 22.600 | 567.306 |  649.987 | 
     | U3563                                       | A ^ -> Y v    | INVx1_ASAP7_75t_R      | 18.000 | 585.306 |  667.987 | 
     | add_2_root_add_0_root_add_73_3/U1_8         | CI v -> CON ^ | FAx1_ASAP7_75t_R       | 22.400 | 607.706 |  690.387 | 
     | FE_OFC35_add_2_root_add_0_root_add_73_3_n35 | A ^ -> Y v    | INVx1_ASAP7_75t_R      | 22.500 | 630.206 |  712.887 | 
     | FE_RC_535_0                                 | C v -> Y v    | MAJx2_ASAP7_75t_R      | 36.400 | 666.606 |  749.287 | 
     | FE_RC_290_0                                 | C v -> Y v    | MAJx2_ASAP7_75t_R      | 33.300 | 699.906 |  782.587 | 
     | FE_RC_511_0                                 | A v -> Y v    | MAJx2_ASAP7_75t_R      | 32.000 | 731.906 |  814.587 | 
     | FE_RC_318_0                                 | C v -> Y v    | MAJx2_ASAP7_75t_R      | 33.700 | 765.606 |  848.287 | 
     | FE_RC_524_0                                 | C v -> Y v    | MAJx2_ASAP7_75t_R      | 30.700 | 796.306 |  878.987 | 
     | add_2_root_add_0_root_add_73_3/U1_14        | CI v -> CON ^ | FAx1_ASAP7_75t_R       | 20.400 | 816.706 |  899.387 | 
     | U3728                                       | A ^ -> Y v    | INVx1_ASAP7_75t_R      | 15.800 | 832.506 |  915.187 | 
     | FE_RC_59_0                                  | A2 v -> Y ^   | OAI21xp5_ASAP7_75t_R   | 16.000 | 848.506 |  931.187 | 
     | U3565                                       | A ^ -> Y v    | INVx1_ASAP7_75t_R      | 12.000 | 860.506 |  943.187 | 
     | FE_RC_117_0                                 | A v -> Y ^    | NAND2xp5_ASAP7_75t_R   | 12.100 | 872.606 |  955.287 | 
     | FE_RC_113_0                                 | B ^ -> Y v    | OAI21xp5_ASAP7_75t_R   | 12.300 | 884.906 |  967.587 | 
     | U2233                                       | A v -> Y ^    | INVx1_ASAP7_75t_R      | 12.900 | 897.806 |  980.487 | 
     | FE_RC_3_0                                   | B ^ -> Y v    | NAND2xp5_ASAP7_75t_R   | 11.400 | 909.206 |  991.887 | 
     | FE_RC_2_0                                   | B v -> Y ^    | OAI21xp5_ASAP7_75t_R   | 12.600 | 921.806 | 1004.487 | 
     | FE_RC_486_0                                 | A ^ -> Y ^    | XOR2xp5_ASAP7_75t_R    | 39.800 | 961.606 | 1044.287 | 
     | FE_RC_697_0                                 | A2 ^ -> Y v   | OAI21x1_ASAP7_75t_R    | 14.700 | 976.306 | 1058.987 | 
     | out0_reg[16]                                | D v           | DFFHQNx2_ASAP7_75t_R   |  0.200 | 976.506 | 1059.187 | 
     +--------------------------------------------------------------------------------------------------------------------+ 

