
Power Net Detected:
        Voltage	    Name
             0V	    VSS
           0.7V	    VDD
Using Power View: view_tc.

Begin Power Analysis

             0V	    VSS
           0.7V	    VDD

Begin Processing Timing Library for Power Calculation

Ended Processing Timing Library for Power Calculation: (cpu=0:00:00, real=0:00:00, mem(process/total/peak)=2199.23MB/4718.74MB/2199.23MB)



Begin Processing Power Net/Grid for Power Calculation

Ended Processing Power Net/Grid for Power Calculation: (cpu=0:00:00, real=0:00:00, mem(process/total/peak)=2199.23MB/4718.74MB/2199.23MB)

Begin Processing Timing Window Data for Power Calculation

clk(500MHz) CK: assigning clock clk to net clk
Ended Processing Timing Window Data for Power Calculation: (cpu=0:00:00, real=0:00:00, mem(process/total/peak)=2199.23MB/4718.74MB/2199.23MB)

Begin Processing User Attributes

Ended Processing User Attributes: (cpu=0:00:00, real=0:00:00, mem(process/total/peak)=2199.23MB/4718.74MB/2199.23MB)

Begin Processing Signal Activity


Starting Levelizing
2026-Apr-27 16:43:23 (2026-Apr-27 21:43:23 GMT)
2026-Apr-27 16:43:23 (2026-Apr-27 21:43:23 GMT): 10%
2026-Apr-27 16:43:23 (2026-Apr-27 21:43:23 GMT): 20%
2026-Apr-27 16:43:23 (2026-Apr-27 21:43:23 GMT): 30%
2026-Apr-27 16:43:23 (2026-Apr-27 21:43:23 GMT): 40%
2026-Apr-27 16:43:23 (2026-Apr-27 21:43:23 GMT): 50%
2026-Apr-27 16:43:23 (2026-Apr-27 21:43:23 GMT): 60%
2026-Apr-27 16:43:23 (2026-Apr-27 21:43:23 GMT): 70%
2026-Apr-27 16:43:23 (2026-Apr-27 21:43:23 GMT): 80%
2026-Apr-27 16:43:23 (2026-Apr-27 21:43:23 GMT): 90%

Finished Levelizing
2026-Apr-27 16:43:23 (2026-Apr-27 21:43:23 GMT)

Starting Activity Propagation
2026-Apr-27 16:43:23 (2026-Apr-27 21:43:23 GMT)
** INFO:  (VOLTUS_POWR-1356): No default input activity has been set. Defaulting to 0.2.
Use 'set_default_switching_activity -input_activity' command to change the default activity value.

2026-Apr-27 16:43:23 (2026-Apr-27 21:43:23 GMT): 10%
2026-Apr-27 16:43:23 (2026-Apr-27 21:43:23 GMT): 20%

Finished Activity Propagation
2026-Apr-27 16:43:23 (2026-Apr-27 21:43:23 GMT)
Ended Processing Signal Activity: (cpu=0:00:00, real=0:00:00, mem(process/total/peak)=2199.23MB/4718.74MB/2199.23MB)

Begin Power Computation

      ----------------------------------------------------------
      # of cell(s) missing both power/leakage table: 0
      # of cell(s) missing power table: 1
      # of cell(s) missing leakage table: 0
      ----------------------------------------------------------
CellName                                  Missing Table(s)
TIEHIx1_ASAP7_75t_R                       internal power, 



Starting Calculating power
2026-Apr-27 16:43:23 (2026-Apr-27 21:43:23 GMT)
2026-Apr-27 16:43:23 (2026-Apr-27 21:43:23 GMT): 10%
2026-Apr-27 16:43:23 (2026-Apr-27 21:43:23 GMT): 20%
2026-Apr-27 16:43:23 (2026-Apr-27 21:43:23 GMT): 30%
2026-Apr-27 16:43:23 (2026-Apr-27 21:43:23 GMT): 40%
2026-Apr-27 16:43:23 (2026-Apr-27 21:43:23 GMT): 50%
2026-Apr-27 16:43:23 (2026-Apr-27 21:43:23 GMT): 60%
2026-Apr-27 16:43:23 (2026-Apr-27 21:43:23 GMT): 70%
2026-Apr-27 16:43:23 (2026-Apr-27 21:43:23 GMT): 80%
2026-Apr-27 16:43:23 (2026-Apr-27 21:43:23 GMT): 90%

Finished Calculating power
2026-Apr-27 16:43:23 (2026-Apr-27 21:43:23 GMT)
      # of MSMV cell(s) missing power_level: 0
Ended Power Computation: (cpu=0:00:01, real=0:00:00, mem(process/total/peak)=2207.98MB/4806.77MB/2207.98MB)

Begin Processing User Attributes

Ended Processing User Attributes: (cpu=0:00:00, real=0:00:00, mem(process/total/peak)=2207.98MB/4806.77MB/2207.98MB)

Ended Power Analysis: (cpu=0:00:01, real=0:00:00, mem(process/total/peak)=2207.98MB/4806.77MB/2207.98MB)

Begin Boundary Leakage Calculation
Ended Boundary Leakage Calculation: (cpu=0:00:00, real=0:00:00,
mem(process/total/peak)=2207.98MB/4806.77MB/2207.98MB)
Begin Static Power Report Generation
*----------------------------------------------------------------------------------------
*	Innovus 21.19-s058_1 (64bit) 04/04/2024 09:59 (Linux 3.10.0-693.el7.x86_64)
*	
*
* 	Date & Time:	2026-Apr-27 16:43:23 (2026-Apr-27 21:43:23 GMT)
*
*----------------------------------------------------------------------------------------
*
*	Design: top
*
*	Liberty Libraries used:
*	        view_tc: ./asap7sc7p5t_28/LIB/NLDM/asap7sc7p5t_AO_RVT_TT_nldm_211120.lib
*	        view_tc: ./asap7sc7p5t_28/LIB/NLDM/asap7sc7p5t_INVBUF_RVT_TT_nldm_220122.lib
*	        view_tc: ./asap7sc7p5t_28/LIB/NLDM/asap7sc7p5t_OA_RVT_TT_nldm_211120.lib
*	        view_tc: ./asap7sc7p5t_28/LIB/NLDM/asap7sc7p5t_SEQ_RVT_TT_nldm_220123.lib
*	        view_tc: ./asap7sc7p5t_28/LIB/NLDM/asap7sc7p5t_SIMPLE_RVT_TT_nldm_211120.lib
*
*	Parasitic Files used:
*
*       Power View : view_tc
*
*       User-Defined Activity : N.A.
*
*       Activity File: N.A.
*
*       Hierarchical Global Activity: N.A.
*
*       Global Activity: N.A.
*
*       Sequential Element Activity: 0.200000
*
*       Primary Input Activity: 0.200000
*
*       Default icg ratio: N.A.
*
*       Global Comb ClockGate Ratio: N.A.
*
*	Power Units = 1mW
*
*	Time Units = 1e-12 secs
*
*       report_power
*
-----------------------------------------------------------------------------------------
*



Total Power
-----------------------------------------------------------------------------------------
Total Internal Power:        0.45460662 	   76.1914%
Total Switching Power:       0.14168327 	   23.7459%
Total Leakage Power:         0.00037437 	    0.0627%
Total Power:                 0.59666426
-----------------------------------------------------------------------------------------


Group                           Internal   Switching     Leakage       Total  Percentage 
                                Power      Power         Power         Power  (%)        
-----------------------------------------------------------------------------------------
Sequential                        0.3508     0.03418   0.0001786      0.3851       64.55
Macro                                  0           0           0           0           0
IO                                     0           0   8.768e-10   8.768e-10    1.47e-07
Combinational                     0.0977      0.1075   0.0001934      0.2054       34.42
Clock (Combinational)           0.006121           0   2.397e-06    0.006123       1.026
Clock (Sequential)                     0           0           0           0           0
-----------------------------------------------------------------------------------------
Total                             0.4546      0.1417   0.0003744      0.5967         100
-----------------------------------------------------------------------------------------


Rail                  Voltage   Internal   Switching     Leakage       Total  Percentage 
                                Power      Power         Power         Power  (%)        
-----------------------------------------------------------------------------------------
VDD                       0.7     0.4546      0.1417   0.0003744      0.5967         100


Clock                           Internal   Switching     Leakage       Total  Percentage 
                                Power      Power         Power         Power  (%)        
-----------------------------------------------------------------------------------------
clk                             0.006121           0   2.397e-06    0.006123       1.026
-----------------------------------------------------------------------------------------
Total                           0.006121           0   2.397e-06    0.006123       1.026
-----------------------------------------------------------------------------------------
Clock: clk
Clock Period: 0.002000 usec 
Clock Toggle Rate:   999.9999 Mhz 
Clock Static Probability:  0.5000
  
 
 
-----------------------------------------------------------------------------------------
*	Power Distribution Summary: 
*              Highest Average Power:                      U754 (INVx1_ASAP7_75t_R):         0.002198
*              Highest Leakage Power: u_pe_array/g_pe_row[0].g_pe_col[0].u_pe/psum_out_reg[12] (DFFASRHQNx1_ASAP7_75t_R):        2.957e-07
*                Total Cap:      5.00936e-12 F
*                Total instances in design:  2673
*                Total instances in design with no power:     0
*                Total instances in design with no activty:     0

*                Total Fillers and Decap:     0
-----------------------------------------------------------------------------------------
 
** INFO:  (VOLTUS_POWR-3465): There are 0 decaps and 0 fillers in the design

Ended Static Power Report Generation: (cpu=0:00:00, real=0:00:00,
mem(process/total/peak)=2208.86MB/4806.77MB/2208.86MB)

