OpenROAD 41a51eaf4ca2171c92ff38afb91eb37bbd3f36da 
This program is licensed under the BSD-3 license. See the LICENSE file for details.
Components of this program may be licensed under more restrictive licenses which must be honored.
[INFO]: Reading ODB at '/openlane/designs/dnn/MS2_Synthesis_sky130/runs/RUN_2026.04.26_07.07.32/tmp/15-top.odb'…
define_corners Slowest Typical Fastest
read_liberty -corner Slowest /home/vidhya/.ciel/sky130A/libs.ref/sky130_fd_sc_hd/lib/sky130_fd_sc_hd__ss_100C_1v60.lib
read_liberty -corner Typical /home/vidhya/.ciel/sky130A/libs.ref/sky130_fd_sc_hd/lib/sky130_fd_sc_hd__tt_025C_1v80.lib
read_liberty -corner Fastest /home/vidhya/.ciel/sky130A/libs.ref/sky130_fd_sc_hd/lib/sky130_fd_sc_hd__ff_n40C_1v95.lib
Using 1e-12 for capacitance...
Using 1e+03 for resistance...
Using 1e-09 for time...
Using 1e+00 for voltage...
Using 1e-03 for current...
Using 1e-09 for power...
Using 1e-06 for distance...
Reading design constraints file at '/openlane/designs/dnn/MS2_Synthesis_sky130/runs/RUN_2026.04.26_07.07.32/tmp/15-top.sdc'…
[INFO]: Setting signal min routing layer to: met1 and clock min routing layer to met3. 
[INFO]: Setting signal max routing layer to: met5 and clock max routing layer to met5. 
-congestion_iterations 50 -verbose -congestion_report_file /openlane/designs/dnn/MS2_Synthesis_sky130/runs/RUN_2026.04.26_07.07.32/tmp/routing/resizer-routing-timing-congestion.rpt
[INFO GRT-0020] Min routing layer: met1
[INFO GRT-0021] Max routing layer: met5
[INFO GRT-0022] Global adjustment: 30%
[INFO GRT-0023] Grid origin: (0, 0)
[INFO GRT-0043] No OR_DEFAULT vias defined.
[INFO GRT-0088] Layer li1     Track-Pitch = 0.4600  line-2-Via Pitch: 0.3400
[INFO GRT-0088] Layer met1    Track-Pitch = 0.3400  line-2-Via Pitch: 0.3400
[INFO GRT-0088] Layer met2    Track-Pitch = 0.4600  line-2-Via Pitch: 0.3500
[INFO GRT-0088] Layer met3    Track-Pitch = 0.6800  line-2-Via Pitch: 0.6150
[INFO GRT-0088] Layer met4    Track-Pitch = 0.9200  line-2-Via Pitch: 1.0400
[INFO GRT-0088] Layer met5    Track-Pitch = 3.4000  line-2-Via Pitch: 3.1100
[INFO GRT-0019] Found 103 clock nets.
[INFO GRT-0001] Minimum degree: 2
[INFO GRT-0002] Maximum degree: 57
[INFO GRT-0003] Macros: 0
[INFO GRT-0004] Blockages: 10636

[INFO GRT-0053] Routing resources analysis:
          Routing      Original      Derated      Resource
Layer     Direction    Resources     Resources    Reduction (%)
---------------------------------------------------------------
li1        Vertical            0             0          0.00%
met1       Horizontal      44160         21531          51.24%
met2       Vertical        33120         22448          32.22%
met3       Horizontal      22080         15399          30.26%
met4       Vertical        13248          8803          33.55%
met5       Horizontal       4416          2160          51.09%
---------------------------------------------------------------

[INFO GRT-0101] Running extra iterations to remove overflow.
[INFO GRT-0197] Via related to pin nodes: 20911
[INFO GRT-0198] Via related Steiner nodes: 583
[INFO GRT-0199] Via filling finished.
[INFO GRT-0111] Final number of vias: 23095
[INFO GRT-0112] Final usage 3D: 87682

[INFO GRT-0096] Final congestion report:
Layer         Resource        Demand        Usage (%)    Max H / Max V / Total Overflow
---------------------------------------------------------------------------------------
li1                  0             0            0.00%             0 /  0 /  0
met1             21531          8199           38.08%             0 /  0 /  0
met2             22448          8813           39.26%             0 /  0 /  0
met3             15399           720            4.68%             0 /  0 /  0
met4              8803           665            7.55%             0 /  0 /  0
met5              2160             0            0.00%             0 /  0 /  0
---------------------------------------------------------------------------------------
Total            70341         18397           26.15%             0 /  0 /  0

[INFO GRT-0018] Total wirelength: 204060 um
[INFO GRT-0014] Routed nets: 5183
[INFO]: Setting RC values...
[INFO RSZ-0046] Found 12 endpoints with hold violations.
[INFO GRT-0009] rerouting 2 nets.
[INFO GRT-0001] Minimum degree: 2
[INFO GRT-0002] Maximum degree: 6
[INFO GRT-0009] rerouting 2 nets.
[INFO GRT-0001] Minimum degree: 2147483647
[INFO GRT-0002] Maximum degree: 1
[INFO GRT-0009] rerouting 2 nets.
[INFO GRT-0001] Minimum degree: 2
[INFO GRT-0002] Maximum degree: 2
[INFO GRT-0009] rerouting 2 nets.
[INFO GRT-0001] Minimum degree: 2
[INFO GRT-0002] Maximum degree: 6
[INFO GRT-0009] rerouting 2 nets.
[INFO GRT-0001] Minimum degree: 2
[INFO GRT-0002] Maximum degree: 2
[INFO GRT-0009] rerouting 2 nets.
[INFO GRT-0001] Minimum degree: 2
[INFO GRT-0002] Maximum degree: 2
[INFO GRT-0009] rerouting 2 nets.
[INFO GRT-0001] Minimum degree: 2
[INFO GRT-0002] Maximum degree: 7
[INFO GRT-0009] rerouting 2 nets.
[INFO GRT-0001] Minimum degree: 2
[INFO GRT-0002] Maximum degree: 2
[INFO GRT-0009] rerouting 2 nets.
[INFO GRT-0001] Minimum degree: 2147483647
[INFO GRT-0002] Maximum degree: 1
[INFO GRT-0009] rerouting 2 nets.
[INFO GRT-0001] Minimum degree: 2
[INFO GRT-0002] Maximum degree: 2
[INFO GRT-0009] rerouting 2 nets.
[INFO GRT-0001] Minimum degree: 2
[INFO GRT-0002] Maximum degree: 8
[INFO GRT-0009] rerouting 2 nets.
[INFO GRT-0001] Minimum degree: 2
[INFO GRT-0002] Maximum degree: 7
[INFO RSZ-0032] Inserted 12 hold buffers.
Placement Analysis
---------------------------------
total displacement         66.0 u
average displacement        0.0 u
max displacement            5.9 u
original HPWL          103682.7 u
legalized HPWL         108301.3 u
delta HPWL                    4 %

[INFO DPL-0020] Mirrored 2100 instances
[INFO DPL-0021] HPWL before          108301.3 u
[INFO DPL-0022] HPWL after           103700.1 u
[INFO DPL-0023] HPWL delta               -4.2 %
Setting global connections for newly added cells…
Writing OpenROAD database to '/openlane/designs/dnn/MS2_Synthesis_sky130/runs/RUN_2026.04.26_07.07.32/tmp/17-top.odb'…
Writing netlist to '/openlane/designs/dnn/MS2_Synthesis_sky130/runs/RUN_2026.04.26_07.07.32/tmp/17-top.nl.v'…
Writing powered netlist to '/openlane/designs/dnn/MS2_Synthesis_sky130/runs/RUN_2026.04.26_07.07.32/tmp/17-top.pnl.v'…
Writing layout to '/openlane/designs/dnn/MS2_Synthesis_sky130/runs/RUN_2026.04.26_07.07.32/tmp/17-top.def'…
Writing timing constraints to '/openlane/designs/dnn/MS2_Synthesis_sky130/runs/RUN_2026.04.26_07.07.32/tmp/17-top.sdc'…
area_report

===========================================================================
report_design_area
============================================================================
Design area 56985 u^2 58% utilization.
area_report_end
