OpenROAD 41a51eaf4ca2171c92ff38afb91eb37bbd3f36da 
This program is licensed under the BSD-3 license. See the LICENSE file for details.
Components of this program may be licensed under more restrictive licenses which must be honored.
[INFO]: Reading ODB at '/openlane/designs/dnn/MS2_Synthesis_sky130/runs/RUN_2026.04.26_07.07.32/tmp/routing/19-io_diodes.odb'…
define_corners Typical
read_liberty -corner Typical /home/vidhya/.ciel/sky130A/libs.ref/sky130_fd_sc_hd/lib/sky130_fd_sc_hd__tt_025C_1v80.lib
Using 1e-12 for capacitance...
Using 1e+03 for resistance...
Using 1e-09 for time...
Using 1e+00 for voltage...
Using 1e-03 for current...
Using 1e-09 for power...
Using 1e-06 for distance...
Reading design constraints file at '/openlane/designs/dnn/MS2_Synthesis_sky130/runs/RUN_2026.04.26_07.07.32/tmp/17-top.sdc'…
Placement Analysis
---------------------------------
total displacement         89.8 u
average displacement        0.0 u
max displacement            4.6 u
original HPWL          103708.9 u
legalized HPWL         108361.4 u
delta HPWL                    4 %

[INFO DPL-0020] Mirrored 2134 instances
[INFO DPL-0021] HPWL before          108361.4 u
[INFO DPL-0022] HPWL after           103763.2 u
[INFO DPL-0023] HPWL delta               -4.2 %
Setting global connections for newly added cells…
Writing OpenROAD database to '/openlane/designs/dnn/MS2_Synthesis_sky130/runs/RUN_2026.04.26_07.07.32/tmp/routing/./19-io_diode_legalized.odb'…
Writing netlist to '/openlane/designs/dnn/MS2_Synthesis_sky130/runs/RUN_2026.04.26_07.07.32/tmp/routing/./19-io_diode_legalized.nl.v'…
Writing powered netlist to '/openlane/designs/dnn/MS2_Synthesis_sky130/runs/RUN_2026.04.26_07.07.32/tmp/routing/./19-io_diode_legalized.pnl.v'…
Writing layout to '/openlane/designs/dnn/MS2_Synthesis_sky130/runs/RUN_2026.04.26_07.07.32/tmp/routing/./19-io_diode_legalized.def'…
