OpenROAD 41a51eaf4ca2171c92ff38afb91eb37bbd3f36da 
This program is licensed under the BSD-3 license. See the LICENSE file for details.
Components of this program may be licensed under more restrictive licenses which must be honored.
[INFO]: Reading ODB at '/openlane/designs/dnn/MS2_Synthesis_sky130/runs/RUN_2026.04.26_07.07.32/tmp/routing/21-diodes.odb'…
define_corners Typical
read_liberty -corner Typical /home/vidhya/.ciel/sky130A/libs.ref/sky130_fd_sc_hd/lib/sky130_fd_sc_hd__tt_025C_1v80.lib
Using 1e-12 for capacitance...
Using 1e+03 for resistance...
Using 1e-09 for time...
Using 1e+00 for voltage...
Using 1e-03 for current...
Using 1e-09 for power...
Using 1e-06 for distance...
Reading design constraints file at '/openlane/designs/dnn/MS2_Synthesis_sky130/runs/RUN_2026.04.26_07.07.32/tmp/17-top.sdc'…
Placement Analysis
---------------------------------
total displacement      17123.8 u
average displacement        1.8 u
max displacement           29.0 u
original HPWL          103850.1 u
legalized HPWL         109873.7 u
delta HPWL                    6 %

[INFO DPL-0020] Mirrored 2529 instances
[INFO DPL-0021] HPWL before          109873.7 u
[INFO DPL-0022] HPWL after           105269.1 u
[INFO DPL-0023] HPWL delta               -4.2 %
Setting global connections for newly added cells…
Writing OpenROAD database to '/openlane/designs/dnn/MS2_Synthesis_sky130/runs/RUN_2026.04.26_07.07.32/tmp/routing/./21-diodes_legalized.odb'…
Writing netlist to '/openlane/designs/dnn/MS2_Synthesis_sky130/runs/RUN_2026.04.26_07.07.32/tmp/routing/./21-diodes_legalized.nl.v'…
Writing powered netlist to '/openlane/designs/dnn/MS2_Synthesis_sky130/runs/RUN_2026.04.26_07.07.32/tmp/routing/./21-diodes_legalized.pnl.v'…
Writing layout to '/openlane/designs/dnn/MS2_Synthesis_sky130/runs/RUN_2026.04.26_07.07.32/tmp/routing/./21-diodes_legalized.def'…
