OpenROAD 41a51eaf4ca2171c92ff38afb91eb37bbd3f36da 
This program is licensed under the BSD-3 license. See the LICENSE file for details.
Components of this program may be licensed under more restrictive licenses which must be honored.
[INFO]: Reading ODB at '/openlane/designs/dnn/MS2_Synthesis_sky130/runs/RUN_2026.04.26_07.07.32/tmp/routing/26-fill.odb'…
define_corners Typical
read_liberty -corner Typical /home/vidhya/.ciel/sky130A/libs.ref/sky130_fd_sc_hd/lib/sky130_fd_sc_hd__tt_025C_1v80.lib
Using 1e-12 for capacitance...
Using 1e+03 for resistance...
Using 1e-09 for time...
Using 1e+00 for voltage...
Using 1e-03 for current...
Using 1e-09 for power...
Using 1e-06 for distance...
Reading design constraints file at '/openlane/designs/dnn/MS2_Synthesis_sky130/runs/RUN_2026.04.26_07.07.32/tmp/17-top.sdc'…
[INFO ORD-0030] Using 2 thread(s).
[INFO DRT-0149] Reading tech and libs.

Units:                1000
Number of layers:     13
Number of macros:     441
Number of vias:       25
Number of viarulegen: 25

[INFO DRT-0150] Reading design.

Design:                   top
Die area:                 ( 0 0 ) ( 324045 334765 )
Number of track patterns: 12
Number of DEF vias:       0
Number of components:     16510
Number of terminals:      64
Number of snets:          2
Number of nets:           5195

[INFO DRT-0167] List of default vias:
  Layer mcon
    default via: L1M1_PR
  Layer via
    default via: M1M2_PR
  Layer via2
    default via: M2M3_PR
  Layer via3
    default via: M3M4_PR
  Layer via4
    default via: M4M5_PR
[INFO DRT-0162] Library cell analysis.
[INFO DRT-0163] Instance analysis.
  Complete 10000 instances.
[INFO DRT-0164] Number of unique instances = 334.
[INFO DRT-0168] Init region query.
[INFO DRT-0018]   Complete 10000 insts.
[INFO DRT-0024]   Complete FR_MASTERSLICE.
[INFO DRT-0024]   Complete licon.
[INFO DRT-0024]   Complete li1.
[INFO DRT-0024]   Complete mcon.
[INFO DRT-0024]   Complete met1.
[INFO DRT-0024]   Complete via.
[INFO DRT-0024]   Complete met2.
[INFO DRT-0024]   Complete via2.
[INFO DRT-0024]   Complete met3.
[INFO DRT-0024]   Complete via3.
[INFO DRT-0024]   Complete met4.
[INFO DRT-0024]   Complete via4.
[INFO DRT-0024]   Complete met5.
[INFO DRT-0033] FR_MASTERSLICE shape region query size = 0.
[INFO DRT-0033] licon shape region query size = 0.
[INFO DRT-0033] li1 shape region query size = 204036.
[INFO DRT-0033] mcon shape region query size = 21216.
[INFO DRT-0033] met1 shape region query size = 47134.
[INFO DRT-0033] via shape region query size = 1160.
[INFO DRT-0033] met2 shape region query size = 728.
[INFO DRT-0033] via2 shape region query size = 928.
[INFO DRT-0033] met3 shape region query size = 726.
[INFO DRT-0033] via3 shape region query size = 928.
[INFO DRT-0033] met4 shape region query size = 248.
[INFO DRT-0033] via4 shape region query size = 8.
[INFO DRT-0033] met5 shape region query size = 16.
[INFO DRT-0165] Start pin access.
[INFO DRT-0076]   Complete 100 pins.
[INFO DRT-0076]   Complete 200 pins.
[INFO DRT-0076]   Complete 300 pins.
[INFO DRT-0076]   Complete 400 pins.
[INFO DRT-0076]   Complete 500 pins.
[INFO DRT-0076]   Complete 600 pins.
[INFO DRT-0076]   Complete 700 pins.
[INFO DRT-0076]   Complete 800 pins.
[INFO DRT-0076]   Complete 900 pins.
[INFO DRT-0077]   Complete 1000 pins.
[INFO DRT-0078]   Complete 1208 pins.
[INFO DRT-0079]   Complete 100 unique inst patterns.
[INFO DRT-0079]   Complete 200 unique inst patterns.
[INFO DRT-0079]   Complete 300 unique inst patterns.
[INFO DRT-0081]   Complete 316 unique inst patterns.
[INFO DRT-0082]   Complete 1000 groups.
[INFO DRT-0082]   Complete 2000 groups.
[INFO DRT-0082]   Complete 3000 groups.
[INFO DRT-0082]   Complete 4000 groups.
[INFO DRT-0082]   Complete 5000 groups.
[INFO DRT-0084]   Complete 5200 groups.
#scanned instances     = 16510
#unique  instances     = 334
#stdCellGenAp          = 9238
#stdCellValidPlanarAp  = 62
#stdCellValidViaAp     = 7014
#stdCellPinNoAp        = 0
#stdCellPinCnt         = 17434
#instTermValidViaApCnt = 0
#macroGenAp            = 0
#macroValidPlanarAp    = 0
#macroValidViaAp       = 0
#macroNoAp             = 0
[INFO DRT-0166] Complete pin access.
[INFO DRT-0267] cpu time = 00:00:54, elapsed time = 00:00:27, memory = 182.57 (MB), peak = 184.10 (MB)

Number of guides:     40998

[INFO DRT-0169] Post process guides.
[INFO DRT-0176] GCELLGRID X 0 DO 46 STEP 6900 ;
[INFO DRT-0177] GCELLGRID Y 0 DO 48 STEP 6900 ;
[INFO DRT-0026]   Complete 10000 origin guides.
[INFO DRT-0026]   Complete 20000 origin guides.
[INFO DRT-0026]   Complete 30000 origin guides.
[INFO DRT-0026]   Complete 40000 origin guides.
[INFO DRT-0028]   Complete FR_MASTERSLICE.
[INFO DRT-0028]   Complete licon.
[INFO DRT-0028]   Complete li1.
[INFO DRT-0028]   Complete mcon.
[INFO DRT-0028]   Complete met1.
[INFO DRT-0028]   Complete via.
[INFO DRT-0028]   Complete met2.
[INFO DRT-0028]   Complete via2.
[INFO DRT-0028]   Complete met3.
[INFO DRT-0028]   Complete via3.
[INFO DRT-0028]   Complete met4.
[INFO DRT-0028]   Complete via4.
[INFO DRT-0028]   Complete met5.
[INFO DRT-0178] Init guide query.
[INFO DRT-0035]   Complete FR_MASTERSLICE (guide).
[INFO DRT-0035]   Complete licon (guide).
[INFO DRT-0035]   Complete li1 (guide).
[INFO DRT-0035]   Complete mcon (guide).
[INFO DRT-0035]   Complete met1 (guide).
[INFO DRT-0035]   Complete via (guide).
[INFO DRT-0035]   Complete met2 (guide).
[INFO DRT-0035]   Complete via2 (guide).
[INFO DRT-0035]   Complete met3 (guide).
[INFO DRT-0035]   Complete via3 (guide).
[INFO DRT-0035]   Complete met4 (guide).
[INFO DRT-0035]   Complete via4 (guide).
[INFO DRT-0035]   Complete met5 (guide).
[INFO DRT-0036] FR_MASTERSLICE guide region query size = 0.
[INFO DRT-0036] licon guide region query size = 0.
[INFO DRT-0036] li1 guide region query size = 14451.
[INFO DRT-0036] mcon guide region query size = 0.
[INFO DRT-0036] met1 guide region query size = 10597.
[INFO DRT-0036] via guide region query size = 0.
[INFO DRT-0036] met2 guide region query size = 5475.
[INFO DRT-0036] via2 guide region query size = 0.
[INFO DRT-0036] met3 guide region query size = 298.
[INFO DRT-0036] via3 guide region query size = 0.
[INFO DRT-0036] met4 guide region query size = 132.
[INFO DRT-0036] via4 guide region query size = 0.
[INFO DRT-0036] met5 guide region query size = 0.
[INFO DRT-0179] Init gr pin query.
[INFO DRT-0245] skipped writing guide updates to database.
[INFO DRT-0185] Post process initialize RPin region query.
[INFO DRT-0181] Start track assignment.
[INFO DRT-0184] Done with 20058 vertical wires in 1 frboxes and 10895 horizontal wires in 1 frboxes.
[INFO DRT-0186] Done with 1618 vertical wires in 1 frboxes and 3470 horizontal wires in 1 frboxes.
[INFO DRT-0182] Complete track assignment.
[INFO DRT-0267] cpu time = 00:00:01, elapsed time = 00:00:01, memory = 244.08 (MB), peak = 298.44 (MB)
[INFO DRT-0187] Start routing data preparation.
[INFO DRT-0267] cpu time = 00:00:00, elapsed time = 00:00:00, memory = 244.08 (MB), peak = 298.44 (MB)
[INFO DRT-0194] Start detail routing.
[INFO DRT-0195] Start 0th optimization iteration.
    Completing 10% with 0 violations.
    elapsed time = 00:00:01, memory = 341.82 (MB).
    Completing 20% with 0 violations.
    elapsed time = 00:00:05, memory = 497.72 (MB).
    Completing 30% with 0 violations.
    elapsed time = 00:00:08, memory = 533.50 (MB).
    Completing 40% with 625 violations.
    elapsed time = 00:00:11, memory = 419.77 (MB).
    Completing 50% with 625 violations.
    elapsed time = 00:00:16, memory = 517.65 (MB).
    Completing 60% with 1208 violations.
    elapsed time = 00:00:19, memory = 414.96 (MB).
    Completing 70% with 1208 violations.
    elapsed time = 00:00:22, memory = 458.59 (MB).
    Completing 80% with 1208 violations.
    elapsed time = 00:00:25, memory = 519.34 (MB).
    Completing 90% with 1763 violations.
    elapsed time = 00:00:31, memory = 511.64 (MB).
    Completing 100% with 2429 violations.
    elapsed time = 00:00:36, memory = 395.84 (MB).
[INFO DRT-0199]   Number of violations = 4304.
Viol/Layer         li1   mcon   met1    via   met2   met3   met4
Cut Spacing          0      1      0      0      0      0      0
Metal Spacing       26      0    641      0     83      7      2
Min Hole             0      0     12      0      0      0      0
Recheck              2      0   1313      0    525     28      7
Short                0      0   1553      2    102      0      0
[INFO DRT-0267] cpu time = 00:01:12, elapsed time = 00:00:37, memory = 600.46 (MB), peak = 600.46 (MB)
Total wire length = 142460 um.
Total wire length on LAYER li1 = 0 um.
Total wire length on LAYER met1 = 68804 um.
Total wire length on LAYER met2 = 62713 um.
Total wire length on LAYER met3 = 6199 um.
Total wire length on LAYER met4 = 4742 um.
Total wire length on LAYER met5 = 0 um.
Total number of vias = 39798.
Up-via summary (total 39798):.

------------------------
 FR_MASTERSLICE        0
            li1    19712
           met1    19544
           met2      379
           met3      163
           met4        0
------------------------
                   39798


[INFO DRT-0195] Start 1st optimization iteration.
    Completing 10% with 4304 violations.
    elapsed time = 00:00:02, memory = 657.71 (MB).
    Completing 20% with 4304 violations.
    elapsed time = 00:00:06, memory = 702.48 (MB).
    Completing 30% with 3471 violations.
    elapsed time = 00:00:09, memory = 604.08 (MB).
    Completing 40% with 3471 violations.
    elapsed time = 00:00:12, memory = 696.45 (MB).
    Completing 50% with 3471 violations.
    elapsed time = 00:00:16, memory = 737.83 (MB).
    Completing 60% with 2669 violations.
    elapsed time = 00:00:21, memory = 634.75 (MB).
    Completing 70% with 2669 violations.
    elapsed time = 00:00:24, memory = 681.87 (MB).
    Completing 80% with 1911 violations.
    elapsed time = 00:00:28, memory = 631.19 (MB).
    Completing 90% with 1911 violations.
    elapsed time = 00:00:30, memory = 681.06 (MB).
    Completing 100% with 1427 violations.
    elapsed time = 00:00:36, memory = 598.34 (MB).
[INFO DRT-0199]   Number of violations = 1504.
Viol/Layer        met1   met2   met3
Metal Spacing      347     53      0
Min Hole            10      0      0
Recheck              9      4     64
Short              977     40      0
[INFO DRT-0267] cpu time = 00:01:09, elapsed time = 00:00:36, memory = 600.34 (MB), peak = 754.20 (MB)
Total wire length = 141404 um.
Total wire length on LAYER li1 = 0 um.
Total wire length on LAYER met1 = 68756 um.
Total wire length on LAYER met2 = 61878 um.
Total wire length on LAYER met3 = 6280 um.
Total wire length on LAYER met4 = 4489 um.
Total wire length on LAYER met5 = 0 um.
Total number of vias = 39551.
Up-via summary (total 39551):.

------------------------
 FR_MASTERSLICE        0
            li1    19701
           met1    19316
           met2      393
           met3      141
           met4        0
------------------------
                   39551


[INFO DRT-0195] Start 2nd optimization iteration.
    Completing 10% with 1504 violations.
    elapsed time = 00:00:01, memory = 650.59 (MB).
    Completing 20% with 1504 violations.
    elapsed time = 00:00:05, memory = 729.09 (MB).
    Completing 30% with 1561 violations.
    elapsed time = 00:00:09, memory = 586.94 (MB).
    Completing 40% with 1561 violations.
    elapsed time = 00:00:13, memory = 691.44 (MB).
    Completing 50% with 1561 violations.
    elapsed time = 00:00:17, memory = 742.62 (MB).
    Completing 60% with 1512 violations.
    elapsed time = 00:00:21, memory = 693.73 (MB).
    Completing 70% with 1512 violations.
    elapsed time = 00:00:25, memory = 758.85 (MB).
    Completing 80% with 1432 violations.
    elapsed time = 00:00:28, memory = 670.82 (MB).
    Completing 90% with 1432 violations.
    elapsed time = 00:00:33, memory = 731.50 (MB).
    Completing 100% with 1310 violations.
    elapsed time = 00:00:34, memory = 596.98 (MB).
[INFO DRT-0199]   Number of violations = 1471.
Viol/Layer        mcon   met1   met2   met3   met4
Cut Spacing          2      0      0      0      0
Metal Spacing        0    316     38      1      0
Min Hole             0      6      0      0      0
Recheck              0      0      0      0    161
Short                0    917     30      0      0
[INFO DRT-0267] cpu time = 00:01:05, elapsed time = 00:00:35, memory = 601.36 (MB), peak = 759.10 (MB)
Total wire length = 140533 um.
Total wire length on LAYER li1 = 0 um.
Total wire length on LAYER met1 = 68367 um.
Total wire length on LAYER met2 = 61350 um.
Total wire length on LAYER met3 = 6259 um.
Total wire length on LAYER met4 = 4556 um.
Total wire length on LAYER met5 = 0 um.
Total number of vias = 39409.
Up-via summary (total 39409):.

------------------------
 FR_MASTERSLICE        0
            li1    19701
           met1    19192
           met2      369
           met3      147
           met4        0
------------------------
                   39409


[INFO DRT-0195] Start 3rd optimization iteration.
    Completing 10% with 1471 violations.
    elapsed time = 00:00:01, memory = 663.11 (MB).
    Completing 20% with 1471 violations.
    elapsed time = 00:00:06, memory = 736.11 (MB).
    Completing 30% with 1471 violations.
    elapsed time = 00:00:08, memory = 765.48 (MB).
    Completing 40% with 1153 violations.
    elapsed time = 00:00:13, memory = 677.55 (MB).
    Completing 50% with 1153 violations.
    elapsed time = 00:00:17, memory = 748.68 (MB).
    Completing 60% with 869 violations.
    elapsed time = 00:00:19, memory = 640.25 (MB).
    Completing 70% with 869 violations.
    elapsed time = 00:00:21, memory = 717.38 (MB).
    Completing 80% with 869 violations.
    elapsed time = 00:00:26, memory = 752.68 (MB).
    Completing 90% with 683 violations.
    elapsed time = 00:00:29, memory = 705.70 (MB).
    Completing 100% with 191 violations.
    elapsed time = 00:00:35, memory = 587.39 (MB).
[INFO DRT-0199]   Number of violations = 196.
Viol/Layer        met1    via   met2
Cut Spacing          0      2      0
Metal Spacing       78      0     12
Recheck              5      0      0
Short               81      0     18
[INFO DRT-0267] cpu time = 00:01:05, elapsed time = 00:00:35, memory = 593.14 (MB), peak = 788.43 (MB)
Total wire length = 140302 um.
Total wire length on LAYER li1 = 0 um.
Total wire length on LAYER met1 = 65813 um.
Total wire length on LAYER met2 = 61524 um.
Total wire length on LAYER met3 = 8462 um.
Total wire length on LAYER met4 = 4501 um.
Total wire length on LAYER met5 = 0 um.
Total number of vias = 40042.
Up-via summary (total 40042):.

------------------------
 FR_MASTERSLICE        0
            li1    19701
           met1    19499
           met2      700
           met3      142
           met4        0
------------------------
                   40042


[INFO DRT-0195] Start 4th optimization iteration.
    Completing 10% with 196 violations.
    elapsed time = 00:00:00, memory = 636.51 (MB).
    Completing 20% with 196 violations.
    elapsed time = 00:00:00, memory = 674.79 (MB).
    Completing 30% with 196 violations.
    elapsed time = 00:00:01, memory = 698.42 (MB).
    Completing 40% with 163 violations.
    elapsed time = 00:00:04, memory = 646.26 (MB).
    Completing 50% with 163 violations.
    elapsed time = 00:00:06, memory = 679.39 (MB).
    Completing 60% with 114 violations.
    elapsed time = 00:00:07, memory = 587.27 (MB).
    Completing 70% with 114 violations.
    elapsed time = 00:00:08, memory = 649.13 (MB).
    Completing 80% with 114 violations.
    elapsed time = 00:00:10, memory = 730.88 (MB).
    Completing 90% with 54 violations.
    elapsed time = 00:00:12, memory = 645.79 (MB).
    Completing 100% with 22 violations.
    elapsed time = 00:00:12, memory = 587.23 (MB).
[INFO DRT-0199]   Number of violations = 28.
Viol/Layer        met1   met2
Metal Spacing       12      0
Recheck              5      1
Short               10      0
[INFO DRT-0267] cpu time = 00:00:22, elapsed time = 00:00:12, memory = 588.10 (MB), peak = 788.43 (MB)
Total wire length = 140207 um.
Total wire length on LAYER li1 = 0 um.
Total wire length on LAYER met1 = 65663 um.
Total wire length on LAYER met2 = 61510 um.
Total wire length on LAYER met3 = 8546 um.
Total wire length on LAYER met4 = 4486 um.
Total wire length on LAYER met5 = 0 um.
Total number of vias = 40018.
Up-via summary (total 40018):.

------------------------
 FR_MASTERSLICE        0
            li1    19701
           met1    19466
           met2      709
           met3      142
           met4        0
------------------------
                   40018


[INFO DRT-0195] Start 5th optimization iteration.
    Completing 10% with 28 violations.
    elapsed time = 00:00:00, memory = 588.10 (MB).
    Completing 20% with 28 violations.
    elapsed time = 00:00:00, memory = 588.10 (MB).
    Completing 30% with 28 violations.
    elapsed time = 00:00:00, memory = 588.10 (MB).
    Completing 40% with 28 violations.
    elapsed time = 00:00:01, memory = 646.48 (MB).
    Completing 50% with 28 violations.
    elapsed time = 00:00:01, memory = 646.48 (MB).
    Completing 60% with 23 violations.
    elapsed time = 00:00:02, memory = 588.46 (MB).
    Completing 70% with 23 violations.
    elapsed time = 00:00:02, memory = 588.46 (MB).
    Completing 80% with 3 violations.
    elapsed time = 00:00:03, memory = 588.32 (MB).
    Completing 90% with 3 violations.
    elapsed time = 00:00:03, memory = 588.32 (MB).
    Completing 100% with 2 violations.
    elapsed time = 00:00:03, memory = 588.32 (MB).
[INFO DRT-0199]   Number of violations = 2.
Viol/Layer        met1
Metal Spacing        2
[INFO DRT-0267] cpu time = 00:00:05, elapsed time = 00:00:03, memory = 588.32 (MB), peak = 788.43 (MB)
Total wire length = 140207 um.
Total wire length on LAYER li1 = 0 um.
Total wire length on LAYER met1 = 65639 um.
Total wire length on LAYER met2 = 61514 um.
Total wire length on LAYER met3 = 8566 um.
Total wire length on LAYER met4 = 4486 um.
Total wire length on LAYER met5 = 0 um.
Total number of vias = 40009.
Up-via summary (total 40009):.

------------------------
 FR_MASTERSLICE        0
            li1    19701
           met1    19451
           met2      715
           met3      142
           met4        0
------------------------
                   40009


[INFO DRT-0195] Start 6th optimization iteration.
    Completing 10% with 2 violations.
    elapsed time = 00:00:00, memory = 588.32 (MB).
    Completing 20% with 2 violations.
    elapsed time = 00:00:00, memory = 588.32 (MB).
    Completing 30% with 2 violations.
    elapsed time = 00:00:00, memory = 588.32 (MB).
    Completing 40% with 2 violations.
    elapsed time = 00:00:00, memory = 588.32 (MB).
    Completing 50% with 2 violations.
    elapsed time = 00:00:00, memory = 588.32 (MB).
    Completing 60% with 0 violations.
    elapsed time = 00:00:01, memory = 587.91 (MB).
    Completing 70% with 0 violations.
    elapsed time = 00:00:01, memory = 587.91 (MB).
    Completing 80% with 0 violations.
    elapsed time = 00:00:01, memory = 587.91 (MB).
    Completing 90% with 0 violations.
    elapsed time = 00:00:01, memory = 587.91 (MB).
    Completing 100% with 0 violations.
    elapsed time = 00:00:01, memory = 587.91 (MB).
[INFO DRT-0199]   Number of violations = 0.
[INFO DRT-0267] cpu time = 00:00:01, elapsed time = 00:00:01, memory = 587.91 (MB), peak = 788.43 (MB)
Total wire length = 140208 um.
Total wire length on LAYER li1 = 0 um.
Total wire length on LAYER met1 = 65617 um.
Total wire length on LAYER met2 = 61511 um.
Total wire length on LAYER met3 = 8592 um.
Total wire length on LAYER met4 = 4486 um.
Total wire length on LAYER met5 = 0 um.
Total number of vias = 40001.
Up-via summary (total 40001):.

------------------------
 FR_MASTERSLICE        0
            li1    19701
           met1    19440
           met2      718
           met3      142
           met4        0
------------------------
                   40001


[INFO DRT-0198] Complete detail routing.
Total wire length = 140208 um.
Total wire length on LAYER li1 = 0 um.
Total wire length on LAYER met1 = 65617 um.
Total wire length on LAYER met2 = 61511 um.
Total wire length on LAYER met3 = 8592 um.
Total wire length on LAYER met4 = 4486 um.
Total wire length on LAYER met5 = 0 um.
Total number of vias = 40001.
Up-via summary (total 40001):.

------------------------
 FR_MASTERSLICE        0
            li1    19701
           met1    19440
           met2      718
           met3      142
           met4        0
------------------------
                   40001


[INFO DRT-0267] cpu time = 00:05:02, elapsed time = 00:02:43, memory = 587.91 (MB), peak = 788.43 (MB)

[INFO DRT-0180] Post processing.
Setting global connections for newly added cells…
Writing OpenROAD database to '/openlane/designs/dnn/MS2_Synthesis_sky130/runs/RUN_2026.04.26_07.07.32/results/routing/top.odb'…
Writing netlist to '/openlane/designs/dnn/MS2_Synthesis_sky130/runs/RUN_2026.04.26_07.07.32/results/routing/top.nl.v'…
Writing powered netlist to '/openlane/designs/dnn/MS2_Synthesis_sky130/runs/RUN_2026.04.26_07.07.32/results/routing/top.pnl.v'…
Writing layout to '/openlane/designs/dnn/MS2_Synthesis_sky130/runs/RUN_2026.04.26_07.07.32/results/routing/top.def'…
