 
****************************************
Report : qor
Design : top
Version: X-2025.06
Date   : Wed Apr 22 20:27:52 2026
****************************************


  Timing Path Group 'clk'
  -----------------------------------
  Levels of Logic:               3.00
  Critical Path Length:        262.59
  Critical Path Slack:         737.40
  Critical Path Clk Period:   2000.00
  Total Negative Slack:          0.00
  No. of Violating Paths:        0.00
  Worst Hold Violation:          0.00
  Total Hold Violation:          0.00
  No. of Hold Violations:        0.00
  -----------------------------------


  Cell Count
  -----------------------------------
  Hierarchical Cell Count:          0
  Hierarchical Port Count:          0
  Leaf Cell Count:               2753
  Buf/Inv Cell Count:             492
  Buf Cell Count:                  79
  Inv Cell Count:                 413
  CT Buf/Inv Cell Count:            0
  Combinational Cell Count:      2120
  Sequential Cell Count:          633
  Macro Count:                      0
  -----------------------------------


  Area
  -----------------------------------
  Combinational Area:      197.340299
  Noncombinational Area:   230.349418
  Buf/Inv Area:             22.671900
  Total Buffer Area:             4.61
  Total Inverter Area:          18.06
  Macro/Black Box Area:      0.000000
  Net Area:                  0.000000
  -----------------------------------
  Cell Area:               427.689716
  Design Area:             427.689716


  Design Rules
  -----------------------------------
  Total Number of Nets:          2976
  Nets With Violations:             0
  Max Trans Violations:             0
  Max Cap Violations:               0
  -----------------------------------


  Hostname: tux-131

  Compile CPU Statistics
  -----------------------------------------
  Resource Sharing:                    0.01
  Logic Optimization:                  1.20
  Mapping Optimization:                1.82
  -----------------------------------------
  Overall Compile Time:                4.41
  Overall Compile Wall Clock Time:     3.81

  --------------------------------------------------------------------

  Design  WNS: 0.00  TNS: 0.00  Number of Violating Paths: 0


  Design (Hold)  WNS: 0.00  TNS: 0.00  Number of Violating Paths: 0

  --------------------------------------------------------------------


1
